0.000000e+00  1.877124e+06
4.629630e-08  5.183163e+06
9.259259e-08  4.043856e+06
1.388889e-07  1.958711e+06
1.851852e-07  7.556153e+05
2.314815e-07  9.140914e+05
2.777778e-07  6.061785e+05
3.240741e-07  3.986719e+05
3.703704e-07  5.308021e+05
4.166667e-07  5.532225e+05
4.629630e-07  3.941308e+05
5.092593e-07  5.292079e+05
5.555556e-07  6.084327e+05
6.018519e-07  6.967612e+05
6.481481e-07  6.847257e+05
6.944444e-07  8.571288e+05
7.407407e-07  4.590997e+05
7.870370e-07  2.342394e+05
8.333333e-07  4.039281e+05
8.796296e-07  8.235958e+05
9.259259e-07  6.852787e+05
9.722222e-07  5.344321e+05
1.018519e-06  7.721291e+05
1.064815e-06  8.808222e+05
1.111111e-06  5.504114e+05
1.157407e-06  3.876529e+05
1.203704e-06  2.381612e+05
1.250000e-06  4.955433e+05
1.296296e-06  3.668604e+05
1.342593e-06  4.513141e+05
1.388889e-06  4.624240e+05
1.435185e-06  5.290767e+05
1.481481e-06  4.949645e+05
1.527778e-06  4.028167e+05
1.574074e-06  8.885366e+05
1.620370e-06  5.055421e+05
1.666667e-06  2.129479e+05
1.712963e-06  4.363194e+05
1.759259e-06  4.701434e+05
1.805556e-06  5.109948e+05
1.851852e-06  5.532682e+05
1.898148e-06  5.674333e+05
1.944444e-06  4.366085e+05
1.990741e-06  3.900357e+05
2.037037e-06  4.771850e+05
2.083333e-06  4.824641e+05
2.129630e-06  3.725639e+05
2.175926e-06  3.349128e+05
2.222222e-06  2.654824e+05
2.268519e-06  2.173590e+05
2.314815e-06  2.704944e+05
2.361111e-06  4.274087e+05
2.407407e-06  5.480116e+05
2.453704e-06  3.893449e+05
2.500000e-06  4.007145e+05
2.546296e-06  3.194338e+05
2.592593e-06  5.081565e+05
2.638889e-06  6.672211e+05
2.685185e-06  1.677192e+05
2.731481e-06  3.484062e+05
2.777778e-06  3.943713e+05
2.824074e-06  4.280540e+05
2.870370e-06  4.942940e+05
2.916667e-06  2.363580e+05
2.962963e-06  3.669159e+05
3.009259e-06  4.721952e+05
3.055556e-06  3.199191e+05
3.101852e-06  2.990522e+05
3.148148e-06  3.857426e+05
3.194444e-06  4.799604e+05
3.240741e-06  6.672404e+05
3.287037e-06  6.334137e+05
3.333333e-06  4.234675e+05
3.379630e-06  5.280893e+05
3.425926e-06  2.783303e+05
3.472222e-06  4.223611e+05
3.518519e-06  4.990173e+05
3.564815e-06  2.386840e+05
3.611111e-06  2.023736e+05
3.657407e-06  2.690119e+05
3.703704e-06  3.783575e+05
3.750000e-06  4.045273e+05
3.796296e-06  3.400596e+05
3.842593e-06  1.782508e+05
3.888889e-06  1.401748e+05
3.935185e-06  2.721318e+05
3.981481e-06  3.536408e+05
4.027778e-06  5.071371e+05
4.074074e-06  3.208458e+05
4.120370e-06  2.675831e+05
4.166667e-06  2.697373e+05
4.212963e-06  1.950459e+05
4.259259e-06  3.814979e+05
4.305556e-06  2.835075e+05
4.351852e-06  2.080148e+05
4.398148e-06  2.741957e+05
4.444444e-06  4.904323e+05
4.490741e-06  3.179428e+05
4.537037e-06  2.224759e+05
4.583333e-06  4.301507e+05
4.629630e-06  3.512902e+05
4.675926e-06  9.876326e+04
4.722222e-06  4.506720e+05
4.768519e-06  4.945890e+05
4.814815e-06  7.952483e+05
4.861111e-06  5.346451e+05
4.907407e-06  4.407218e+05
4.953704e-06  4.653965e+05
5.000000e-06  4.495498e+05
5.046296e-06  5.679879e+05
5.092593e-06  5.600829e+05
5.138889e-06  1.728823e+05
5.185185e-06  3.054306e+05
5.231481e-06  2.637833e+05
5.277778e-06  1.931638e+05
5.324074e-06  2.664449e+05
5.370370e-06  2.822822e+05
5.416667e-06  2.497042e+05
5.462963e-06  3.993894e+05
5.509259e-06  3.979608e+05
5.555556e-06  2.254916e+05
5.601852e-06  1.798962e+05
5.648148e-06  2.270233e+05
5.694444e-06  3.002555e+05
5.740741e-06  2.966970e+05
5.787037e-06  2.189218e+05
