4.629630e-08  4.109165e+06
4.652037e-08  4.094304e+06
4.674553e-08  4.079500e+06
4.697178e-08  4.064754e+06
4.719912e-08  4.050064e+06
4.742756e-08  4.035430e+06
4.765711e-08  4.020853e+06
4.788777e-08  4.006332e+06
4.811955e-08  3.991867e+06
4.835244e-08  3.977457e+06
4.858647e-08  3.963103e+06
4.882163e-08  3.948804e+06
4.905792e-08  3.934561e+06
4.929536e-08  3.920371e+06
4.953395e-08  3.906237e+06
4.977370e-08  3.892157e+06
5.001460e-08  3.878131e+06
5.025667e-08  3.864159e+06
5.049991e-08  3.850241e+06
5.074433e-08  3.836376e+06
5.098993e-08  3.822565e+06
5.123672e-08  3.808806e+06
5.148471e-08  3.795101e+06
5.173390e-08  3.781448e+06
5.198429e-08  3.767848e+06
5.223589e-08  3.754301e+06
5.248871e-08  3.740805e+06
5.274276e-08  3.727361e+06
5.299803e-08  3.713969e+06
5.325454e-08  3.700629e+06
5.351229e-08  3.687340e+06
5.377129e-08  3.674102e+06
5.403154e-08  3.660915e+06
5.429305e-08  3.647778e+06
5.455583e-08  3.634693e+06
5.481988e-08  3.621657e+06
5.508521e-08  3.608672e+06
5.535182e-08  3.595736e+06
5.561972e-08  3.582851e+06
5.588892e-08  3.570015e+06
5.615942e-08  3.557228e+06
5.643124e-08  3.544491e+06
5.670436e-08  3.531802e+06
5.697881e-08  3.519163e+06
5.725459e-08  3.506572e+06
5.753170e-08  3.494029e+06
5.781015e-08  3.481535e+06
5.808995e-08  3.469089e+06
5.837111e-08  3.456690e+06
5.865362e-08  3.444339e+06
5.893751e-08  3.432036e+06
5.922276e-08  3.419781e+06
5.950940e-08  3.407572e+06
5.979742e-08  3.395410e+06
6.008684e-08  3.383295e+06
6.037766e-08  3.371227e+06
6.066989e-08  3.359205e+06
6.096353e-08  3.347229e+06
6.125859e-08  3.335300e+06
6.155509e-08  3.323416e+06
6.185301e-08  3.311578e+06
6.215238e-08  3.299786e+06
6.245320e-08  3.288039e+06
6.275547e-08  3.276337e+06
6.305920e-08  3.264680e+06
6.336441e-08  3.253068e+06
6.367109e-08  3.241501e+06
6.397926e-08  3.229978e+06
6.428892e-08  3.218500e+06
6.460008e-08  3.207066e+06
6.491274e-08  3.195675e+06
6.522692e-08  3.184329e+06
6.554262e-08  3.173026e+06
6.585984e-08  3.161767e+06
6.617860e-08  3.150551e+06
6.649891e-08  3.139378e+06
6.682076e-08  3.128248e+06
6.714417e-08  3.117161e+06
6.746915e-08  3.106116e+06
6.779570e-08  3.095115e+06
6.812383e-08  3.084155e+06
6.845355e-08  3.073238e+06
6.878486e-08  3.062362e+06
6.911778e-08  3.051529e+06
6.945231e-08  3.040737e+06
6.978846e-08  3.029986e+06
7.012623e-08  3.019277e+06
7.046564e-08  3.008609e+06
7.080670e-08  2.997983e+06
7.114940e-08  2.987397e+06
7.149376e-08  2.976852e+06
7.183979e-08  2.966347e+06
7.218749e-08  2.955883e+06
7.253688e-08  2.945459e+06
7.288796e-08  2.935075e+06
7.324074e-08  2.924731e+06
7.359522e-08  2.914427e+06
7.395142e-08  2.904163e+06
7.430934e-08  2.893938e+06
7.466900e-08  2.883752e+06
7.503040e-08  2.873606e+06
7.539354e-08  2.863499e+06
7.575845e-08  2.853430e+06
7.612512e-08  2.843401e+06
7.649356e-08  2.833409e+06
7.686379e-08  2.823457e+06
7.723581e-08  2.813542e+06
7.760963e-08  2.803666e+06
7.798526e-08  2.793828e+06
7.836271e-08  2.784027e+06
7.874198e-08  2.774265e+06
7.912309e-08  2.764540e+06
7.950605e-08  2.754852e+06
7.989086e-08  2.745201e+06
8.027753e-08  2.735588e+06
8.066607e-08  2.726012e+06
8.105649e-08  2.716472e+06
8.144881e-08  2.706970e+06
8.184302e-08  2.697503e+06
8.223914e-08  2.688074e+06
8.263717e-08  2.678680e+06
8.303714e-08  2.669323e+06
8.343903e-08  2.660002e+06
8.384288e-08  2.650716e+06
8.424868e-08  2.641466e+06
8.465644e-08  2.632252e+06
8.506618e-08  2.623073e+06
8.547790e-08  2.613930e+06
8.589161e-08  2.604822e+06
8.630732e-08  2.595749e+06
8.672505e-08  2.586710e+06
8.714480e-08  2.577707e+06
8.756658e-08  2.568738e+06
8.799040e-08  2.559804e+06
8.841627e-08  2.550904e+06
8.884420e-08  2.542038e+06
8.927421e-08  2.533207e+06
8.970630e-08  2.524409e+06
9.014047e-08  2.515645e+06
9.057675e-08  2.506915e+06
9.101514e-08  2.498219e+06
9.145565e-08  2.489556e+06
9.189830e-08  2.480926e+06
9.234309e-08  2.472330e+06
9.279002e-08  2.463766e+06
9.323913e-08  2.455236e+06
9.369040e-08  2.446738e+06
9.414386e-08  2.438273e+06
9.459952e-08  2.429841e+06
9.505738e-08  2.421441e+06
9.551746e-08  2.413074e+06
9.597976e-08  2.404738e+06
9.644430e-08  2.396435e+06
9.691109e-08  2.388164e+06
9.738014e-08  2.379924e+06
9.785146e-08  2.371717e+06
9.832506e-08  2.363540e+06
9.880095e-08  2.355396e+06
9.927915e-08  2.347282e+06
9.975966e-08  2.339200e+06
1.002425e-07  2.331149e+06
1.007277e-07  2.323129e+06
1.012152e-07  2.315140e+06
1.017051e-07  2.307181e+06
1.021973e-07  2.299253e+06
1.026920e-07  2.291356e+06
1.031890e-07  2.283489e+06
1.036884e-07  2.275652e+06
1.041903e-07  2.267846e+06
1.046945e-07  2.260069e+06
1.052013e-07  2.252323e+06
1.057104e-07  2.244606e+06
1.062221e-07  2.236919e+06
1.067362e-07  2.229262e+06
1.072528e-07  2.221634e+06
1.077719e-07  2.214035e+06
1.082935e-07  2.206466e+06
1.088176e-07  2.198925e+06
1.093443e-07  2.191414e+06
1.098735e-07  2.183932e+06
1.104053e-07  2.176478e+06
1.109397e-07  2.169053e+06
1.114766e-07  2.161657e+06
1.120162e-07  2.154289e+06
1.125583e-07  2.146950e+06
1.131031e-07  2.139638e+06
1.136505e-07  2.132355e+06
1.142006e-07  2.125100e+06
1.147533e-07  2.117873e+06
1.153087e-07  2.110674e+06
1.158668e-07  2.103502e+06
1.164276e-07  2.096358e+06
1.169911e-07  2.089242e+06
1.175574e-07  2.082153e+06
1.181264e-07  2.075091e+06
1.186981e-07  2.068056e+06
1.192726e-07  2.061048e+06
1.198499e-07  2.054068e+06
1.204299e-07  2.047114e+06
1.210128e-07  2.040187e+06
1.215985e-07  2.033287e+06
1.221870e-07  2.026413e+06
1.227784e-07  2.019566e+06
1.233727e-07  2.012745e+06
1.239698e-07  2.005950e+06
1.245698e-07  1.999181e+06
1.251727e-07  1.992439e+06
1.257786e-07  1.985722e+06
1.263873e-07  1.979032e+06
1.269990e-07  1.972367e+06
1.276137e-07  1.965727e+06
1.282314e-07  1.959114e+06
1.288520e-07  1.952525e+06
1.294756e-07  1.945962e+06
1.301023e-07  1.939425e+06
1.307320e-07  1.932912e+06
1.313647e-07  1.926425e+06
1.320005e-07  1.919962e+06
1.326394e-07  1.913525e+06
1.332814e-07  1.907112e+06
1.339265e-07  1.900724e+06
1.345747e-07  1.894360e+06
1.352260e-07  1.888021e+06
1.358805e-07  1.881706e+06
1.365382e-07  1.875416e+06
1.371990e-07  1.869150e+06
1.378631e-07  1.862908e+06
1.385303e-07  1.856690e+06
1.392008e-07  1.850496e+06
1.398745e-07  1.844326e+06
1.405515e-07  1.838179e+06
1.412318e-07  1.832057e+06
1.419153e-07  1.825957e+06
1.426022e-07  1.819882e+06
1.432924e-07  1.813829e+06
1.439859e-07  1.807800e+06
1.446828e-07  1.801794e+06
1.453831e-07  1.795812e+06
1.460868e-07  1.789852e+06
1.467938e-07  1.783915e+06
1.475043e-07  1.778001e+06
1.482182e-07  1.772110e+06
1.489356e-07  1.766242e+06
1.496564e-07  1.760396e+06
1.503808e-07  1.754573e+06
1.511086e-07  1.748772e+06
1.518400e-07  1.742993e+06
1.525749e-07  1.737237e+06
1.533133e-07  1.731503e+06
1.540554e-07  1.725791e+06
1.548010e-07  1.720100e+06
1.555502e-07  1.714432e+06
1.563031e-07  1.708786e+06
1.570596e-07  1.703161e+06
1.578198e-07  1.697558e+06
1.585836e-07  1.691977e+06
1.593512e-07  1.686417e+06
1.601224e-07  1.680878e+06
1.608974e-07  1.675361e+06
1.616761e-07  1.669865e+06
1.624587e-07  1.664391e+06
1.632450e-07  1.658937e+06
1.640351e-07  1.653504e+06
1.648290e-07  1.648092e+06
1.656268e-07  1.642701e+06
1.664284e-07  1.637331e+06
1.672339e-07  1.631982e+06
1.680433e-07  1.626653e+06
1.688566e-07  1.621344e+06
1.696739e-07  1.616057e+06
1.704951e-07  1.610789e+06
1.713203e-07  1.605542e+06
1.721495e-07  1.600315e+06
1.729827e-07  1.595108e+06
1.738199e-07  1.589921e+06
1.746612e-07  1.584754e+06
1.755066e-07  1.579607e+06
1.763560e-07  1.574479e+06
1.772096e-07  1.569372e+06
1.780673e-07  1.564284e+06
1.789291e-07  1.559216e+06
1.797951e-07  1.554167e+06
1.806654e-07  1.549138e+06
1.815398e-07  1.544128e+06
1.824184e-07  1.539138e+06
1.833013e-07  1.534166e+06
1.841885e-07  1.529214e+06
1.850800e-07  1.524281e+06
1.859758e-07  1.519367e+06
1.868759e-07  1.514472e+06
1.877804e-07  1.509595e+06
1.886892e-07  1.504738e+06
1.896025e-07  1.499899e+06
1.905201e-07  1.495079e+06
1.914423e-07  1.490277e+06
1.923688e-07  1.485494e+06
1.932999e-07  1.480729e+06
1.942355e-07  1.475983e+06
1.951756e-07  1.471255e+06
1.961202e-07  1.466545e+06
1.970694e-07  1.461853e+06
1.980232e-07  1.457179e+06
1.989817e-07  1.452524e+06
1.999447e-07  1.447886e+06
2.009125e-07  1.443266e+06
2.018849e-07  1.438664e+06
2.028620e-07  1.434080e+06
2.038439e-07  1.429513e+06
2.048305e-07  1.424964e+06
2.058218e-07  1.420432e+06
2.068180e-07  1.415918e+06
2.078190e-07  1.411421e+06
2.088248e-07  1.406942e+06
2.098356e-07  1.402480e+06
2.108512e-07  1.398035e+06
2.118717e-07  1.393607e+06
2.128971e-07  1.389197e+06
2.139276e-07  1.384803e+06
2.149630e-07  1.380426e+06
2.160034e-07  1.376066e+06
2.170488e-07  1.371723e+06
2.180993e-07  1.367396e+06
2.191549e-07  1.363087e+06
2.202157e-07  1.358794e+06
2.212815e-07  1.354517e+06
2.223525e-07  1.350257e+06
2.234287e-07  1.346013e+06
2.245101e-07  1.341786e+06
2.255967e-07  1.337575e+06
2.266886e-07  1.333380e+06
2.277858e-07  1.329201e+06
2.288882e-07  1.325039e+06
2.299960e-07  1.320892e+06
2.311092e-07  1.316762e+06
2.322278e-07  1.312647e+06
2.333518e-07  1.308548e+06
2.344812e-07  1.304466e+06
2.356161e-07  1.300398e+06
2.367565e-07  1.296347e+06
2.379024e-07  1.292311e+06
2.390538e-07  1.288291e+06
2.402108e-07  1.284286e+06
2.413734e-07  1.280296e+06
2.425417e-07  1.276322e+06
2.437156e-07  1.272364e+06
2.448952e-07  1.268420e+06
2.460805e-07  1.264492e+06
2.472715e-07  1.260579e+06
2.484683e-07  1.256681e+06
2.496709e-07  1.252798e+06
2.508793e-07  1.248930e+06
2.520935e-07  1.245077e+06
2.533136e-07  1.241238e+06
2.545397e-07  1.237415e+06
2.557716e-07  1.233606e+06
2.570096e-07  1.229812e+06
2.582535e-07  1.226033e+06
2.595034e-07  1.222268e+06
2.607594e-07  1.218518e+06
2.620215e-07  1.214782e+06
2.632897e-07  1.211060e+06
2.645640e-07  1.207353e+06
2.658445e-07  1.203661e+06
2.671312e-07  1.199982e+06
2.684241e-07  1.196318e+06
2.697233e-07  1.192667e+06
2.710287e-07  1.189031e+06
2.723405e-07  1.185409e+06
2.736586e-07  1.181801e+06
2.749831e-07  1.178207e+06
2.763140e-07  1.174626e+06
2.776514e-07  1.171060e+06
2.789952e-07  1.167507e+06
2.803456e-07  1.163968e+06
2.817024e-07  1.160443e+06
2.830659e-07  1.156931e+06
2.844359e-07  1.153433e+06
2.858126e-07  1.149948e+06
2.871959e-07  1.146476e+06
2.885859e-07  1.143018e+06
2.899827e-07  1.139574e+06
2.913862e-07  1.136143e+06
2.927965e-07  1.132724e+06
2.942136e-07  1.129320e+06
2.956376e-07  1.125928e+06
2.970685e-07  1.122549e+06
2.985063e-07  1.119184e+06
2.999511e-07  1.115831e+06
3.014028e-07  1.112491e+06
3.028616e-07  1.109165e+06
3.043275e-07  1.105851e+06
3.058004e-07  1.102549e+06
3.072805e-07  1.099261e+06
3.087677e-07  1.095985e+06
3.102621e-07  1.092722e+06
3.117638e-07  1.089472e+06
3.132727e-07  1.086234e+06
3.147890e-07  1.083008e+06
3.163126e-07  1.079795e+06
3.178435e-07  1.076595e+06
3.193819e-07  1.073407e+06
3.209277e-07  1.070231e+06
3.224810e-07  1.067067e+06
3.240418e-07  1.063916e+06
3.256101e-07  1.060776e+06
3.271861e-07  1.057649e+06
3.287696e-07  1.054534e+06
3.303609e-07  1.051431e+06
3.319598e-07  1.048340e+06
3.335665e-07  1.045261e+06
3.351810e-07  1.042194e+06
3.368032e-07  1.039139e+06
3.384334e-07  1.036095e+06
3.400714e-07  1.033063e+06
3.417173e-07  1.030043e+06
3.433712e-07  1.027035e+06
3.450331e-07  1.024038e+06
3.467031e-07  1.021053e+06
3.483811e-07  1.018079e+06
3.500673e-07  1.015117e+06
3.517616e-07  1.012166e+06
3.534641e-07  1.009227e+06
3.551749e-07  1.006299e+06
3.568939e-07  1.003382e+06
3.586213e-07  1.000477e+06
3.603570e-07  9.975826e+05
3.621012e-07  9.946996e+05
3.638537e-07  9.918277e+05
3.656148e-07  9.889670e+05
3.673843e-07  9.861173e+05
3.691625e-07  9.832787e+05
3.709492e-07  9.804510e+05
3.727446e-07  9.776343e+05
3.745487e-07  9.748284e+05
3.763615e-07  9.720334e+05
3.781831e-07  9.692492e+05
3.800135e-07  9.664758e+05
3.818528e-07  9.637131e+05
3.837009e-07  9.609611e+05
3.855580e-07  9.582197e+05
3.874241e-07  9.554889e+05
3.892992e-07  9.527687e+05
3.911835e-07  9.500590e+05
3.930768e-07  9.473598e+05
3.949793e-07  9.446711e+05
3.968910e-07  9.419927e+05
3.988119e-07  9.393247e+05
4.007422e-07  9.366670e+05
4.026817e-07  9.340197e+05
4.046307e-07  9.313825e+05
4.065891e-07  9.287556e+05
4.085570e-07  9.261388e+05
4.105344e-07  9.235322e+05
4.125214e-07  9.209356e+05
4.145180e-07  9.183491e+05
4.165243e-07  9.157727e+05
4.185402e-07  9.132061e+05
4.205660e-07  9.106496e+05
4.226015e-07  9.081029e+05
4.246469e-07  9.055661e+05
4.267022e-07  9.030391e+05
4.287674e-07  9.005219e+05
4.308426e-07  8.980145e+05
4.329279e-07  8.955167e+05
4.350233e-07  8.930286e+05
4.371288e-07  8.905502e+05
4.392445e-07  8.880814e+05
4.413704e-07  8.856221e+05
4.435066e-07  8.831724e+05
4.456532e-07  8.807322e+05
4.478102e-07  8.783014e+05
4.499776e-07  8.758800e+05
4.521555e-07  8.734681e+05
4.543439e-07  8.710654e+05
4.565429e-07  8.686721e+05
4.587526e-07  8.662881e+05
4.609729e-07  8.639133e+05
4.632040e-07  8.615477e+05
4.654459e-07  8.591913e+05
4.676987e-07  8.568440e+05
4.699623e-07  8.545058e+05
4.722369e-07  8.521767e+05
4.745226e-07  8.498567e+05
4.768193e-07  8.475456e+05
4.791271e-07  8.452435e+05
4.814460e-07  8.429503e+05
4.837762e-07  8.406661e+05
4.861177e-07  8.383906e+05
4.884705e-07  8.361241e+05
4.908347e-07  8.338663e+05
4.932103e-07  8.316173e+05
4.955975e-07  8.293770e+05
4.979961e-07  8.271454e+05
5.004064e-07  8.249224e+05
5.028284e-07  8.227081e+05
5.052621e-07  8.205024e+05
5.077075e-07  8.183053e+05
5.101648e-07  8.161167e+05
5.126340e-07  8.139366e+05
5.151152e-07  8.117650e+05
5.176083e-07  8.096018e+05
5.201135e-07  8.074470e+05
5.226309e-07  8.053006e+05
5.251604e-07  8.031625e+05
5.277022e-07  8.010327e+05
5.302563e-07  7.989112e+05
5.328227e-07  7.967980e+05
5.354016e-07  7.946930e+05
5.379929e-07  7.925961e+05
5.405968e-07  7.905074e+05
5.432133e-07  7.884269e+05
5.458424e-07  7.863544e+05
5.484843e-07  7.842900e+05
5.511389e-07  7.822336e+05
5.538064e-07  7.801852e+05
5.564868e-07  7.781448e+05
5.591802e-07  7.761123e+05
5.618867e-07  7.740878e+05
5.646062e-07  7.720711e+05
5.673389e-07  7.700623e+05
5.700848e-07  7.680612e+05
5.728440e-07  7.660680e+05
5.756166e-07  7.640826e+05
5.784025e-07  7.621048e+05
5.812020e-07  7.601348e+05
5.840150e-07  7.581725e+05
5.868416e-07  7.562178e+05
5.896819e-07  7.542707e+05
5.925360e-07  7.523312e+05
5.954039e-07  7.503992e+05
5.982856e-07  7.484748e+05
6.011813e-07  7.465579e+05
6.040910e-07  7.446485e+05
6.070148e-07  7.427465e+05
6.099528e-07  7.408519e+05
6.129049e-07  7.389648e+05
6.158714e-07  7.370850e+05
6.188522e-07  7.352125e+05
6.218474e-07  7.333473e+05
6.248572e-07  7.314894e+05
6.278815e-07  7.296388e+05
6.309204e-07  7.277953e+05
6.339740e-07  7.259591e+05
6.370425e-07  7.241301e+05
6.401257e-07  7.223082e+05
6.432239e-07  7.204934e+05
6.463371e-07  7.186857e+05
6.494654e-07  7.168850e+05
6.526088e-07  7.150914e+05
6.557674e-07  7.133048e+05
6.589413e-07  7.115252e+05
6.621306e-07  7.097526e+05
6.653353e-07  7.079869e+05
6.685555e-07  7.062281e+05
6.717913e-07  7.044761e+05
6.750428e-07  7.027311e+05
6.783100e-07  7.009928e+05
6.815930e-07  6.992614e+05
6.848919e-07  6.975367e+05
6.882068e-07  6.958188e+05
6.915377e-07  6.941076e+05
6.948847e-07  6.924031e+05
6.982480e-07  6.907053e+05
7.016275e-07  6.890141e+05
7.050233e-07  6.873296e+05
7.084356e-07  6.856517e+05
7.118645e-07  6.839803e+05
7.153099e-07  6.823155e+05
7.187720e-07  6.806573e+05
7.222508e-07  6.790055e+05
7.257465e-07  6.773602e+05
7.292591e-07  6.757214e+05
7.327887e-07  6.740890e+05
7.363354e-07  6.724630e+05
7.398993e-07  6.708434e+05
7.434804e-07  6.692301e+05
7.470788e-07  6.676232e+05
7.506947e-07  6.660226e+05
7.543280e-07  6.644283e+05
7.579790e-07  6.628403e+05
7.616476e-07  6.612585e+05
7.653339e-07  6.596829e+05
7.690381e-07  6.581135e+05
7.727603e-07  6.565503e+05
7.765004e-07  6.549932e+05
7.802587e-07  6.534423e+05
7.840351e-07  6.518974e+05
7.878298e-07  6.503587e+05
7.916429e-07  6.488260e+05
7.954745e-07  6.472993e+05
7.993246e-07  6.457787e+05
8.031933e-07  6.442640e+05
8.070807e-07  6.427554e+05
8.109870e-07  6.412526e+05
8.149122e-07  6.397558e+05
8.188563e-07  6.382649e+05
8.228196e-07  6.367799e+05
8.268020e-07  6.353007e+05
8.308037e-07  6.338274e+05
8.348248e-07  6.323599e+05
8.388654e-07  6.308982e+05
8.429255e-07  6.294423e+05
8.470052e-07  6.279921e+05
8.511047e-07  6.265477e+05
8.552240e-07  6.251089e+05
8.593633e-07  6.236759e+05
8.635226e-07  6.222485e+05
8.677021e-07  6.208268e+05
8.719017e-07  6.194107e+05
8.761217e-07  6.180002e+05
8.803621e-07  6.165953e+05
8.846231e-07  6.151959e+05
8.889046e-07  6.138021e+05
8.932069e-07  6.124138e+05
8.975300e-07  6.110311e+05
9.018741e-07  6.096538e+05
9.062391e-07  6.082820e+05
9.106253e-07  6.069156e+05
9.150327e-07  6.055546e+05
9.194615e-07  6.041991e+05
9.239117e-07  6.028489e+05
9.283834e-07  6.015041e+05
9.328768e-07  6.001647e+05
9.373919e-07  5.988305e+05
9.419288e-07  5.975017e+05
9.464878e-07  5.961782e+05
9.510688e-07  5.948599e+05
9.556719e-07  5.935469e+05
9.602974e-07  5.922391e+05
9.649452e-07  5.909365e+05
9.696155e-07  5.896392e+05
9.743084e-07  5.883469e+05
9.790241e-07  5.870599e+05
9.837626e-07  5.857780e+05
9.885240e-07  5.845012e+05
9.933084e-07  5.832295e+05
9.981160e-07  5.819628e+05
1.002947e-06  5.807013e+05
1.007801e-06  5.794447e+05
1.012679e-06  5.781932e+05
1.017580e-06  5.769467e+05
1.022505e-06  5.757052e+05
1.027454e-06  5.744687e+05
1.032427e-06  5.732371e+05
1.037424e-06  5.720105e+05
1.042445e-06  5.707888e+05
1.047491e-06  5.695719e+05
1.052560e-06  5.683600e+05
1.057655e-06  5.671529e+05
1.062774e-06  5.659507e+05
1.067918e-06  5.647533e+05
1.073086e-06  5.635607e+05
1.078280e-06  5.623729e+05
1.083499e-06  5.611899e+05
1.088743e-06  5.600116e+05
1.094013e-06  5.588381e+05
1.099308e-06  5.576693e+05
1.104628e-06  5.565052e+05
1.109975e-06  5.553458e+05
1.115347e-06  5.541911e+05
1.120745e-06  5.530411e+05
1.126170e-06  5.518957e+05
1.131620e-06  5.507549e+05
1.137097e-06  5.496187e+05
1.142601e-06  5.484872e+05
1.148131e-06  5.473602e+05
1.153688e-06  5.462377e+05
1.159272e-06  5.451198e+05
1.164883e-06  5.440065e+05
1.170521e-06  5.428976e+05
1.176186e-06  5.417933e+05
1.181879e-06  5.406934e+05
1.187599e-06  5.395980e+05
1.193347e-06  5.385071e+05
1.199123e-06  5.374206e+05
1.204926e-06  5.363385e+05
1.210758e-06  5.352608e+05
1.216618e-06  5.341875e+05
1.222507e-06  5.331186e+05
1.228424e-06  5.320540e+05
1.234369e-06  5.309938e+05
1.240343e-06  5.299379e+05
1.246347e-06  5.288863e+05
1.252379e-06  5.278390e+05
1.258441e-06  5.267960e+05
1.264531e-06  5.257572e+05
1.270652e-06  5.247227e+05
1.276802e-06  5.236925e+05
1.282981e-06  5.226665e+05
1.289191e-06  5.216446e+05
1.295431e-06  5.206270e+05
1.301700e-06  5.196136e+05
1.308001e-06  5.186043e+05
1.314331e-06  5.175992e+05
1.320693e-06  5.165982e+05
1.327085e-06  5.156013e+05
1.333508e-06  5.146086e+05
1.339962e-06  5.136199e+05
1.346448e-06  5.126353e+05
1.352964e-06  5.116548e+05
1.359513e-06  5.106784e+05
1.366093e-06  5.097059e+05
1.372705e-06  5.087375e+05
1.379348e-06  5.077732e+05
1.386024e-06  5.068128e+05
1.392733e-06  5.058564e+05
1.399474e-06  5.049040e+05
1.406247e-06  5.039555e+05
1.413053e-06  5.030110e+05
1.419892e-06  5.020704e+05
1.426765e-06  5.011337e+05
1.433670e-06  5.002009e+05
1.440609e-06  4.992721e+05
1.447582e-06  4.983471e+05
1.454588e-06  4.974259e+05
1.461628e-06  4.965087e+05
1.468702e-06  4.955952e+05
1.475811e-06  4.946856e+05
1.482954e-06  4.937798e+05
1.490131e-06  4.928778e+05
1.497344e-06  4.919797e+05
1.504591e-06  4.910852e+05
1.511873e-06  4.901946e+05
1.519190e-06  4.893077e+05
1.526543e-06  4.884245e+05
1.533932e-06  4.875451e+05
1.541356e-06  4.866694e+05
1.548816e-06  4.857974e+05
1.556312e-06  4.849291e+05
1.563845e-06  4.840644e+05
1.571414e-06  4.832035e+05
1.579019e-06  4.823462e+05
1.586662e-06  4.814925e+05
1.594341e-06  4.806425e+05
1.602058e-06  4.797961e+05
1.609812e-06  4.789533e+05
1.617603e-06  4.781141e+05
1.625432e-06  4.772785e+05
1.633300e-06  4.764465e+05
1.641205e-06  4.756180e+05
1.649148e-06  4.747931e+05
1.657130e-06  4.739717e+05
1.665150e-06  4.731539e+05
1.673210e-06  4.723396e+05
1.681308e-06  4.715288e+05
1.689446e-06  4.707215e+05
1.697622e-06  4.699176e+05
1.705839e-06  4.691173e+05
1.714095e-06  4.683204e+05
1.722391e-06  4.675270e+05
1.730728e-06  4.667370e+05
1.739104e-06  4.659505e+05
1.747522e-06  4.651674e+05
1.755980e-06  4.643877e+05
1.764479e-06  4.636114e+05
1.773019e-06  4.628385e+05
1.781600e-06  4.620689e+05
1.790223e-06  4.613028e+05
1.798888e-06  4.605400e+05
1.807594e-06  4.597806e+05
1.816343e-06  4.590245e+05
1.825134e-06  4.582717e+05
1.833968e-06  4.575223e+05
1.842844e-06  4.567762e+05
1.851763e-06  4.560334e+05
1.860726e-06  4.552938e+05
1.869732e-06  4.545576e+05
1.878781e-06  4.538246e+05
1.887875e-06  4.530949e+05
1.897012e-06  4.523685e+05
1.906193e-06  4.516453e+05
1.915419e-06  4.509253e+05
1.924690e-06  4.502086e+05
1.934005e-06  4.494951e+05
1.943366e-06  4.487848e+05
1.952772e-06  4.480777e+05
1.962223e-06  4.473738e+05
1.971720e-06  4.466731e+05
1.981264e-06  4.459755e+05
1.990853e-06  4.452812e+05
2.000488e-06  4.445899e+05
2.010171e-06  4.439019e+05
2.019900e-06  4.432169e+05
2.029676e-06  4.425351e+05
2.039500e-06  4.418565e+05
2.049371e-06  4.411809e+05
2.059290e-06  4.405084e+05
2.069257e-06  4.398391e+05
2.079272e-06  4.391728e+05
2.089336e-06  4.385096e+05
2.099448e-06  4.378495e+05
2.109609e-06  4.371925e+05
2.119820e-06  4.365385e+05
2.130080e-06  4.358875e+05
2.140389e-06  4.352397e+05
2.150749e-06  4.345948e+05
2.161158e-06  4.339530e+05
2.171618e-06  4.333142e+05
2.182129e-06  4.326784e+05
2.192691e-06  4.320456e+05
2.203303e-06  4.314158e+05
2.213967e-06  4.307890e+05
2.224683e-06  4.301652e+05
2.235450e-06  4.295443e+05
2.246270e-06  4.289265e+05
2.257142e-06  4.283116e+05
2.268066e-06  4.276996e+05
2.279044e-06  4.270906e+05
2.290074e-06  4.264846e+05
2.301158e-06  4.258814e+05
2.312296e-06  4.252812e+05
2.323487e-06  4.246840e+05
2.334733e-06  4.240896e+05
2.346033e-06  4.234982e+05
2.357388e-06  4.229096e+05
2.368797e-06  4.223240e+05
2.380262e-06  4.217412e+05
2.391783e-06  4.211614e+05
2.403359e-06  4.205844e+05
2.414991e-06  4.200103e+05
2.426680e-06  4.194390e+05
2.438425e-06  4.188706e+05
2.450227e-06  4.183051e+05
2.462086e-06  4.177424e+05
2.474002e-06  4.171826e+05
2.485976e-06  4.166256e+05
2.498009e-06  4.160714e+05
2.510099e-06  4.155201e+05
2.522248e-06  4.149716e+05
2.534455e-06  4.144259e+05
2.546722e-06  4.138830e+05
2.559048e-06  4.133430e+05
2.571434e-06  4.128057e+05
2.583880e-06  4.122713e+05
2.596386e-06  4.117396e+05
2.608952e-06  4.112107e+05
2.621579e-06  4.106846e+05
2.634268e-06  4.101613e+05
2.647018e-06  4.096407e+05
2.659829e-06  4.091230e+05
2.672703e-06  4.086080e+05
2.685639e-06  4.080957e+05
2.698637e-06  4.075863e+05
2.711698e-06  4.070796e+05
2.724823e-06  4.065756e+05
2.738011e-06  4.060744e+05
2.751263e-06  4.055759e+05
2.764579e-06  4.050802e+05
2.777960e-06  4.045872e+05
2.791405e-06  4.040969e+05
2.804915e-06  4.036094e+05
2.818491e-06  4.031246e+05
2.832133e-06  4.026425e+05
2.845840e-06  4.021631e+05
2.859614e-06  4.016865e+05
2.873454e-06  4.012126e+05
2.887362e-06  4.007414e+05
2.901337e-06  4.002729e+05
2.915379e-06  3.998071e+05
2.929490e-06  3.993440e+05
2.943668e-06  3.988836e+05
2.957916e-06  3.984260e+05
2.972232e-06  3.979710e+05
2.986617e-06  3.975187e+05
3.001073e-06  3.970691e+05
3.015598e-06  3.966222e+05
3.030193e-06  3.961781e+05
3.044859e-06  3.957366e+05
3.059596e-06  3.952978e+05
3.074405e-06  3.948616e+05
3.089285e-06  3.944282e+05
3.104237e-06  3.939975e+05
3.119261e-06  3.935694e+05
3.134359e-06  3.931441e+05
3.149529e-06  3.927214e+05
3.164773e-06  3.923014e+05
3.180090e-06  3.918841e+05
3.195482e-06  3.914694e+05
3.210948e-06  3.910575e+05
3.226489e-06  3.906483e+05
3.242105e-06  3.902417e+05
3.257797e-06  3.898378e+05
3.273564e-06  3.894366e+05
3.289408e-06  3.890381e+05
3.305329e-06  3.886423e+05
3.321327e-06  3.882491e+05
3.337402e-06  3.878587e+05
3.353555e-06  3.874709e+05
3.369786e-06  3.870859e+05
3.386096e-06  3.867035e+05
3.402485e-06  3.863238e+05
3.418953e-06  3.859469e+05
3.435500e-06  3.855726e+05
3.452128e-06  3.852010e+05
3.468836e-06  3.848322e+05
3.485625e-06  3.844660e+05
3.502496e-06  3.841026e+05
3.519448e-06  3.837419e+05
3.536482e-06  3.833838e+05
3.553598e-06  3.830285e+05
3.570798e-06  3.826760e+05
3.588080e-06  3.823261e+05
3.605447e-06  3.819790e+05
3.622897e-06  3.816346e+05
3.640432e-06  3.812930e+05
3.658051e-06  3.809541e+05
3.675756e-06  3.806180e+05
3.693547e-06  3.802846e+05
3.711424e-06  3.799540e+05
3.729387e-06  3.796261e+05
3.747437e-06  3.793010e+05
3.765575e-06  3.789787e+05
3.783800e-06  3.786592e+05
3.802114e-06  3.783424e+05
3.820516e-06  3.780285e+05
3.839007e-06  3.777173e+05
3.857588e-06  3.774090e+05
3.876258e-06  3.771034e+05
3.895020e-06  3.768007e+05
3.913871e-06  3.765009e+05
3.932814e-06  3.762039e+05
3.951849e-06  3.759097e+05
3.970976e-06  3.756184e+05
3.990196e-06  3.753299e+05
4.009508e-06  3.750443e+05
4.028914e-06  3.747616e+05
4.048414e-06  3.744818e+05
4.068008e-06  3.742049e+05
4.087697e-06  3.739309e+05
4.107482e-06  3.736599e+05
4.127362e-06  3.733918e+05
4.147338e-06  3.731266e+05
4.167411e-06  3.728644e+05
4.187582e-06  3.726052e+05
4.207850e-06  3.723489e+05
4.228215e-06  3.720957e+05
4.248680e-06  3.718454e+05
4.269244e-06  3.715982e+05
4.289907e-06  3.713541e+05
4.310670e-06  3.711130e+05
4.331533e-06  3.708749e+05
4.352498e-06  3.706399e+05
4.373564e-06  3.704081e+05
4.394732e-06  3.701793e+05
4.416002e-06  3.699537e+05
4.437376e-06  3.697313e+05
4.458853e-06  3.695120e+05
4.480433e-06  3.692959e+05
4.502119e-06  3.690830e+05
4.523909e-06  3.688733e+05
4.545805e-06  3.686668e+05
4.567806e-06  3.684637e+05
4.589914e-06  3.682638e+05
4.612129e-06  3.680672e+05
4.634452e-06  3.678739e+05
4.656883e-06  3.676840e+05
4.679422e-06  3.674975e+05
4.702070e-06  3.673143e+05
4.724828e-06  3.671346e+05
4.747697e-06  3.669583e+05
4.770675e-06  3.667855e+05
4.793765e-06  3.666162e+05
4.816967e-06  3.664505e+05
4.840281e-06  3.662882e+05
4.863708e-06  3.661296e+05
4.887248e-06  3.659745e+05
4.910903e-06  3.658231e+05
4.934671e-06  3.656754e+05
4.958555e-06  3.655313e+05
4.982554e-06  3.653910e+05
5.006670e-06  3.652545e+05
5.030902e-06  3.651217e+05
5.055252e-06  3.649928e+05
5.079719e-06  3.648678e+05
5.104305e-06  3.647467e+05
5.129010e-06  3.646295e+05
5.153834e-06  3.645163e+05
5.178778e-06  3.644071e+05
5.203844e-06  3.643020e+05
5.229030e-06  3.642010e+05
5.254339e-06  3.641042e+05
5.279770e-06  3.640115e+05
5.305324e-06  3.639231e+05
5.331001e-06  3.638390e+05
5.356803e-06  3.637592e+05
5.382730e-06  3.636838e+05
5.408783e-06  3.636128e+05
5.434961e-06  3.635463e+05
5.461266e-06  3.634844e+05
5.487699e-06  3.634270e+05
5.514259e-06  3.633743e+05
5.540948e-06  3.633264e+05
5.567766e-06  3.632831e+05
5.594714e-06  3.632448e+05
5.621792e-06  3.632113e+05
5.649002e-06  3.631828e+05
5.676343e-06  3.631593e+05
5.703816e-06  3.631409e+05
5.731423e-06  3.631276e+05
5.759163e-06  3.631196e+05
