0.000000e+00  9.085647e+06
9.259259e-09  9.400818e+07
1.851852e-08  1.180428e+08
2.777778e-08  8.282822e+07
3.703704e-08  6.898136e+07
4.629630e-08  5.757470e+07
5.555556e-08  3.186192e+07
6.481481e-08  2.497065e+07
7.407407e-08  2.043114e+07
8.333333e-08  1.648051e+07
9.259259e-08  1.529404e+07
1.018519e-07  1.105362e+07
1.111111e-07  1.543211e+07
1.203704e-07  2.372602e+07
1.296296e-07  2.534738e+07
1.388889e-07  2.601726e+07
1.481481e-07  2.510828e+07
1.574074e-07  1.976269e+07
1.666667e-07  2.169481e+07
1.759259e-07  2.910318e+07
1.851852e-07  1.486947e+07
1.944444e-07  6.576395e+06
2.037037e-07  5.348232e+06
2.129630e-07  7.645305e+06
2.222222e-07  8.541773e+06
2.314815e-07  8.380464e+06
2.407407e-07  8.638678e+06
2.500000e-07  9.252748e+06
2.592593e-07  9.990026e+06
2.685185e-07  4.789226e+06
2.777778e-07  3.450263e+06
2.870370e-07  1.235184e+07
2.962963e-07  1.477731e+07
3.055556e-07  9.737922e+06
3.148148e-07  3.656407e+06
3.240741e-07  2.570694e+06
3.333333e-07  2.750731e+06
3.425926e-07  8.436698e+06
3.518519e-07  1.221655e+07
3.611111e-07  9.426299e+06
3.703704e-07  6.419516e+06
3.796296e-07  6.269310e+06
3.888889e-07  6.997294e+06
3.981481e-07  6.220646e+06
4.074074e-07  5.783706e+06
4.166667e-07  4.223452e+06
4.259259e-07  6.646917e+06
4.351852e-07  5.493350e+06
4.444444e-07  3.633302e+06
4.537037e-07  7.874503e+06
4.629630e-07  8.200176e+06
4.722222e-07  4.013254e+06
4.814815e-07  4.048960e+06
4.907407e-07  6.849889e+06
5.000000e-07  6.536483e+06
5.092593e-07  1.321081e+06
5.185185e-07  3.664291e+06
5.277778e-07  4.150005e+06
5.370370e-07  5.391383e+06
5.462963e-07  5.753918e+06
5.555556e-07  5.034575e+06
5.648148e-07  8.062115e+06
5.740741e-07  7.357721e+06
5.833333e-07  4.608051e+06
5.925926e-07  5.862255e+06
6.018519e-07  7.934194e+06
6.111111e-07  2.537388e+06
6.203704e-07  2.593880e+06
6.296296e-07  2.185741e+06
6.388889e-07  1.532826e+06
6.481481e-07  3.638598e+06
6.574074e-07  4.181942e+06
6.666667e-07  5.300108e+06
6.759259e-07  4.850430e+06
6.851852e-07  4.792411e+06
6.944444e-07  5.900007e+06
7.037037e-07  7.667383e+06
7.129630e-07  4.771522e+06
7.222222e-07  4.786296e+06
7.314815e-07  5.040883e+06
7.407407e-07  7.368679e+06
7.500000e-07  3.166280e+06
7.592593e-07  1.843767e+06
7.685185e-07  4.682186e+06
7.777778e-07  6.435496e+06
7.870370e-07  4.100432e+06
7.962963e-07  7.459502e+06
8.055556e-07  7.238411e+06
8.148148e-07  5.971423e+06
8.240741e-07  5.859667e+06
8.333333e-07  4.689193e+06
8.425926e-07  4.778369e+06
8.518519e-07  4.272480e+06
8.611111e-07  3.926459e+06
8.703704e-07  7.478851e+06
8.796296e-07  3.663921e+06
8.888889e-07  3.032590e+06
8.981481e-07  3.006492e+06
9.074074e-07  3.744449e+06
9.166667e-07  4.615214e+06
9.259259e-07  5.114643e+06
9.351852e-07  8.862455e+06
9.444444e-07  6.240812e+06
9.537037e-07  5.569488e+06
9.629630e-07  6.500906e+06
9.722222e-07  5.166692e+06
9.814815e-07  6.606316e+06
9.907407e-07  5.339541e+06
1.000000e-06  5.446120e+06
1.009259e-06  2.126028e+06
1.018519e-06  3.688068e+06
1.027778e-06  5.827410e+06
1.037037e-06  6.465106e+06
1.046296e-06  5.443489e+06
1.055556e-06  6.171141e+06
1.064815e-06  8.350213e+06
1.074074e-06  3.965356e+06
1.083333e-06  3.384034e+06
1.092593e-06  4.470344e+06
1.101852e-06  3.141124e+06
1.111111e-06  2.396152e+06
1.120370e-06  4.586614e+06
1.129630e-06  7.207926e+06
1.138889e-06  3.035342e+06
1.148148e-06  2.129848e+06
1.157407e-06  3.586364e+06
1.166667e-06  4.958879e+06
1.175926e-06  5.540454e+06
1.185185e-06  4.228305e+06
1.194444e-06  4.268404e+06
1.203704e-06  4.171694e+06
1.212963e-06  2.527413e+06
1.222222e-06  3.396319e+06
1.231481e-06  5.386691e+06
1.240741e-06  6.235267e+06
1.250000e-06  3.734892e+06
1.259259e-06  3.556437e+06
1.268519e-06  3.844014e+06
1.277778e-06  6.736078e+06
1.287037e-06  8.048183e+06
1.296296e-06  7.423417e+06
1.305556e-06  7.168083e+06
1.314815e-06  4.896488e+06
1.324074e-06  4.350700e+06
1.333333e-06  3.605461e+06
1.342593e-06  3.019791e+06
1.351852e-06  4.559464e+06
1.361111e-06  3.636462e+06
1.370370e-06  3.174548e+06
1.379630e-06  4.284080e+06
1.388889e-06  3.099665e+06
1.398148e-06  2.631963e+06
1.407407e-06  2.105959e+06
1.416667e-06  1.457508e+06
1.425926e-06  2.507318e+06
1.435185e-06  3.153067e+06
1.444444e-06  3.429067e+06
1.453704e-06  4.000518e+06
1.462963e-06  2.179087e+06
1.472222e-06  2.163635e+06
1.481481e-06  3.986796e+06
1.490741e-06  3.524258e+06
1.500000e-06  6.767067e+06
1.509259e-06  5.791849e+06
1.518519e-06  2.085271e+06
1.527778e-06  3.253103e+06
1.537037e-06  3.999933e+06
1.546296e-06  2.857424e+06
1.555556e-06  3.638353e+06
1.564815e-06  5.111549e+06
1.574074e-06  2.917190e+06
1.583333e-06  2.377659e+06
1.592593e-06  2.121578e+06
1.601852e-06  2.349857e+06
1.611111e-06  3.170591e+06
1.620370e-06  3.533298e+06
1.629630e-06  2.714463e+06
1.638889e-06  3.384927e+06
1.648148e-06  5.013153e+06
1.657407e-06  4.942956e+06
1.666667e-06  2.656663e+06
1.675926e-06  5.541540e+06
1.685185e-06  6.205836e+06
1.694444e-06  4.696360e+06
1.703704e-06  3.764602e+06
1.712963e-06  2.643923e+06
1.722222e-06  3.146368e+06
1.731481e-06  3.474326e+06
1.740741e-06  2.490899e+06
1.750000e-06  3.608338e+06
1.759259e-06  4.477050e+06
1.768519e-06  2.057349e+06
1.777778e-06  3.536611e+06
1.787037e-06  2.397789e+06
1.796296e-06  4.990026e+06
1.805556e-06  3.854596e+06
1.814815e-06  3.245365e+06
1.824074e-06  3.049419e+06
1.833333e-06  3.325862e+06
1.842593e-06  3.534628e+06
1.851852e-06  3.662469e+06
1.861111e-06  3.493013e+06
1.870370e-06  4.478327e+06
1.879630e-06  4.890386e+06
1.888889e-06  4.381555e+06
1.898148e-06  4.092195e+06
1.907407e-06  4.290563e+06
1.916667e-06  3.312936e+06
1.925926e-06  2.108391e+06
1.935185e-06  2.781091e+06
1.944444e-06  6.493311e+06
1.953704e-06  1.844546e+06
1.962963e-06  3.170536e+06
1.972222e-06  3.939824e+06
1.981481e-06  2.292731e+06
1.990741e-06  5.353365e+06
2.000000e-06  3.440886e+06
2.009259e-06  3.697809e+06
2.018519e-06  2.963251e+06
2.027778e-06  1.762740e+06
2.037037e-06  3.222946e+06
2.046296e-06  4.393459e+06
2.055556e-06  3.706637e+06
2.064815e-06  3.096487e+06
2.074074e-06  3.189620e+06
2.083333e-06  4.983691e+06
2.092593e-06  3.868442e+06
2.101852e-06  5.258289e+06
2.111111e-06  4.916723e+06
2.120370e-06  6.981610e+06
2.129630e-06  3.203602e+06
2.138889e-06  1.628522e+06
2.148148e-06  3.960321e+06
2.157407e-06  4.299830e+06
2.166667e-06  3.535392e+06
2.175926e-06  5.646258e+06
2.185185e-06  5.157045e+06
2.194444e-06  3.187115e+06
2.203704e-06  2.936145e+06
2.212963e-06  3.191067e+06
2.222222e-06  7.042901e+06
2.231481e-06  5.862771e+06
2.240741e-06  7.395388e+06
2.250000e-06  3.493464e+06
2.259259e-06  2.969216e+06
2.268519e-06  2.370004e+06
2.277778e-06  3.854155e+06
2.287037e-06  4.175201e+06
2.296296e-06  4.236950e+06
2.305556e-06  4.571650e+06
2.314815e-06  4.141064e+06
2.324074e-06  1.981117e+06
2.333333e-06  4.968088e+06
2.342593e-06  4.527473e+06
2.351852e-06  3.689637e+06
2.361111e-06  3.415468e+06
2.370370e-06  1.744475e+06
2.379630e-06  2.399079e+06
2.388889e-06  4.304278e+06
2.398148e-06  4.316504e+06
2.407407e-06  3.336725e+06
2.416667e-06  3.507921e+06
2.425926e-06  3.681879e+06
2.435185e-06  4.035319e+06
2.444444e-06  5.959351e+06
2.453704e-06  4.761810e+06
2.462963e-06  4.471532e+06
2.472222e-06  3.098665e+06
2.481481e-06  5.667432e+06
2.490741e-06  5.600596e+06
2.500000e-06  3.551341e+06
2.509259e-06  2.044586e+06
2.518519e-06  3.992238e+06
2.527778e-06  5.905766e+06
2.537037e-06  3.757666e+06
2.546296e-06  2.520921e+06
2.555556e-06  4.069381e+06
2.564815e-06  5.607882e+06
2.574074e-06  5.081612e+06
2.583333e-06  2.612979e+06
2.592593e-06  2.846093e+06
2.601852e-06  2.724066e+06
2.611111e-06  2.627594e+06
2.620370e-06  2.680544e+06
2.629630e-06  2.558885e+06
2.638889e-06  4.788031e+06
2.648148e-06  3.232927e+06
2.657407e-06  1.431237e+06
2.666667e-06  2.527066e+06
2.675926e-06  2.723867e+06
2.685185e-06  2.537569e+06
2.694444e-06  3.311545e+06
2.703704e-06  3.607168e+06
2.712963e-06  2.412477e+06
2.722222e-06  3.270133e+06
2.731481e-06  4.012288e+06
2.740741e-06  3.711358e+06
2.750000e-06  5.057444e+06
2.759259e-06  6.441776e+06
2.768519e-06  4.558687e+06
2.777778e-06  3.205625e+06
2.787037e-06  3.999250e+06
2.796296e-06  2.987072e+06
2.805556e-06  2.318004e+06
2.814815e-06  2.987287e+06
2.824074e-06  2.526402e+06
2.833333e-06  1.761344e+06
2.842593e-06  4.445134e+06
2.851852e-06  5.934168e+06
2.861111e-06  4.100740e+06
2.870370e-06  3.276007e+06
2.879630e-06  2.900558e+06
2.888889e-06  2.232187e+06
2.898148e-06  1.013635e+06
2.907407e-06  1.297890e+06
2.916667e-06  1.163086e+06
2.925926e-06  2.504017e+06
2.935185e-06  5.986559e+06
2.944444e-06  7.277894e+06
2.953704e-06  3.422121e+06
2.962963e-06  1.299797e+06
2.972222e-06  2.446322e+06
2.981481e-06  1.826076e+06
2.990741e-06  1.553624e+06
3.000000e-06  2.294772e+06
3.009259e-06  2.592526e+06
3.018519e-06  3.732370e+06
3.027778e-06  3.534563e+06
3.037037e-06  2.638287e+06
3.046296e-06  2.364776e+06
3.055556e-06  3.038515e+06
3.064815e-06  5.140211e+06
3.074074e-06  2.858389e+06
3.083333e-06  2.414808e+06
3.092593e-06  2.736302e+06
3.101852e-06  1.976295e+06
3.111111e-06  2.782321e+06
3.120370e-06  3.749766e+06
3.129630e-06  3.434612e+06
3.138889e-06  2.769941e+06
3.148148e-06  1.577856e+06
3.157407e-06  2.601401e+06
3.166667e-06  3.340469e+06
3.175926e-06  3.960886e+06
3.185185e-06  4.405980e+06
3.194444e-06  1.811966e+06
3.203704e-06  2.289320e+06
3.212963e-06  2.950932e+06
3.222222e-06  3.992961e+06
3.231481e-06  4.124846e+06
3.240741e-06  1.932780e+06
3.250000e-06  2.014721e+06
3.259259e-06  1.245736e+06
3.268519e-06  2.167651e+06
3.277778e-06  3.439490e+06
3.287037e-06  4.083764e+06
3.296296e-06  3.341042e+06
3.305556e-06  3.338668e+06
3.314815e-06  2.776613e+06
3.324074e-06  3.608954e+06
3.333333e-06  4.627425e+06
3.342593e-06  2.508175e+06
3.351852e-06  2.028382e+06
3.361111e-06  2.394476e+06
3.370370e-06  3.588214e+06
3.379630e-06  4.537889e+06
3.388889e-06  4.529652e+06
3.398148e-06  2.954207e+06
3.407407e-06  2.126348e+06
3.416667e-06  1.412453e+06
3.425926e-06  7.058454e+05
3.435185e-06  1.648351e+06
3.444444e-06  2.448424e+06
3.453704e-06  4.094028e+06
3.462963e-06  4.255638e+06
3.472222e-06  2.390396e+06
3.481481e-06  5.255942e+06
3.490741e-06  8.876443e+06
3.500000e-06  3.957844e+06
3.509259e-06  2.124983e+06
3.518519e-06  2.428799e+06
3.527778e-06  2.256145e+06
3.537037e-06  2.629896e+06
3.546296e-06  1.830922e+06
3.555556e-06  4.878773e+06
3.564815e-06  3.024011e+06
3.574074e-06  1.734060e+06
3.583333e-06  3.073489e+06
3.592593e-06  5.196400e+06
3.601852e-06  4.309719e+06
3.611111e-06  3.305464e+06
3.620370e-06  3.865136e+06
3.629630e-06  5.757634e+06
3.638889e-06  3.332958e+06
3.648148e-06  2.431258e+06
3.657407e-06  5.087855e+06
3.666667e-06  3.558220e+06
3.675926e-06  2.853390e+06
3.685185e-06  3.489517e+06
3.694444e-06  4.253867e+06
3.703704e-06  2.878943e+06
3.712963e-06  2.915501e+06
3.722222e-06  3.820869e+06
3.731481e-06  3.762783e+06
3.740741e-06  2.617689e+06
3.750000e-06  3.604309e+06
3.759259e-06  3.873049e+06
3.768519e-06  3.260205e+06
3.777778e-06  4.588714e+06
3.787037e-06  4.896935e+06
3.796296e-06  4.941055e+06
3.805556e-06  3.689259e+06
3.814815e-06  3.249933e+06
3.824074e-06  3.074187e+06
3.833333e-06  2.819832e+06
3.842593e-06  4.441771e+06
3.851852e-06  4.727748e+06
3.861111e-06  4.142604e+06
3.870370e-06  1.518563e+06
3.879630e-06  3.503826e+06
3.888889e-06  4.877576e+06
3.898148e-06  3.896735e+06
3.907407e-06  4.494274e+06
3.916667e-06  3.960680e+06
3.925926e-06  4.056462e+06
3.935185e-06  3.974276e+06
3.944444e-06  2.346457e+06
3.953704e-06  2.437867e+06
3.962963e-06  1.666148e+06
3.972222e-06  1.716852e+06
3.981481e-06  2.729073e+06
3.990741e-06  2.538152e+06
4.000000e-06  3.149915e+06
4.009259e-06  5.170504e+06
4.018519e-06  3.733291e+06
4.027778e-06  3.305925e+06
4.037037e-06  3.621699e+06
4.046296e-06  3.481422e+06
4.055556e-06  2.521447e+06
4.064815e-06  3.037823e+06
4.074074e-06  4.477185e+06
4.083333e-06  3.099957e+06
4.092593e-06  3.998333e+06
4.101852e-06  2.675298e+06
4.111111e-06  4.156974e+06
4.120370e-06  4.514492e+06
4.129630e-06  4.186930e+06
4.138889e-06  3.005387e+06
4.148148e-06  2.037560e+06
4.157407e-06  2.347880e+06
4.166667e-06  3.548773e+06
4.175926e-06  5.194652e+06
4.185185e-06  4.118657e+06
4.194444e-06  3.094770e+06
4.203704e-06  3.447979e+06
4.212963e-06  4.707861e+06
4.222222e-06  3.592028e+06
4.231481e-06  2.745513e+06
4.240741e-06  4.265911e+06
4.250000e-06  4.162489e+06
4.259259e-06  5.901721e+06
4.268519e-06  4.542981e+06
4.277778e-06  3.716611e+06
4.287037e-06  3.240080e+06
4.296296e-06  3.414683e+06
4.305556e-06  4.272481e+06
4.314815e-06  4.788780e+06
4.324074e-06  4.307016e+06
4.333333e-06  3.371157e+06
4.342593e-06  2.785461e+06
4.351852e-06  1.916779e+06
4.361111e-06  2.937168e+06
4.370370e-06  4.127871e+06
4.379630e-06  4.242517e+06
4.388889e-06  3.258024e+06
4.398148e-06  2.679584e+06
4.407407e-06  1.883961e+06
4.416667e-06  2.860064e+06
4.425926e-06  4.680642e+06
4.435185e-06  3.218687e+06
4.444444e-06  2.925969e+06
4.453704e-06  4.014771e+06
4.462963e-06  4.103851e+06
4.472222e-06  2.958905e+06
4.481481e-06  1.690514e+06
4.490741e-06  2.280203e+06
4.500000e-06  5.584073e+06
4.509259e-06  6.425123e+06
4.518519e-06  4.255957e+06
4.527778e-06  3.928191e+06
4.537037e-06  2.551539e+06
4.546296e-06  2.760270e+06
4.555556e-06  5.474129e+06
4.564815e-06  4.215092e+06
4.574074e-06  5.028669e+06
4.583333e-06  2.022939e+06
4.592593e-06  1.557193e+06
4.601852e-06  3.133852e+06
4.611111e-06  2.265127e+06
4.620370e-06  2.969399e+06
4.629630e-06  3.334590e+06
4.638889e-06  2.160972e+06
4.648148e-06  2.397707e+06
4.657407e-06  1.786749e+06
4.666667e-06  1.926102e+06
4.675926e-06  3.077159e+06
4.685185e-06  4.281013e+06
4.694444e-06  2.793167e+06
4.703704e-06  5.956111e+06
4.712963e-06  3.636620e+06
4.722222e-06  3.219904e+06
4.731481e-06  4.139149e+06
4.740741e-06  4.855545e+06
4.750000e-06  5.233121e+06
4.759259e-06  4.093775e+06
4.768519e-06  4.701892e+06
4.777778e-06  3.947939e+06
4.787037e-06  3.621174e+06
4.796296e-06  2.951196e+06
4.805556e-06  2.676152e+06
4.814815e-06  1.772382e+06
4.824074e-06  1.969237e+06
4.833333e-06  3.853223e+06
4.842593e-06  3.198764e+06
4.851852e-06  1.937917e+06
4.861111e-06  2.195114e+06
4.870370e-06  4.471782e+06
4.879630e-06  3.484234e+06
4.888889e-06  3.053610e+06
4.898148e-06  4.774510e+06
4.907407e-06  3.434651e+06
4.916667e-06  2.333476e+06
4.925926e-06  4.265833e+06
4.935185e-06  4.228476e+06
4.944444e-06  3.858396e+06
4.953704e-06  4.206490e+06
4.962963e-06  3.071355e+06
4.972222e-06  4.235049e+06
4.981481e-06  8.459406e+06
4.990741e-06  8.798910e+06
5.000000e-06  4.430192e+06
5.009259e-06  1.983056e+06
5.018519e-06  2.946610e+06
5.027778e-06  2.464595e+06
5.037037e-06  2.723197e+06
5.046296e-06  4.067689e+06
5.055556e-06  3.483002e+06
5.064815e-06  3.944581e+06
5.074074e-06  5.085256e+06
5.083333e-06  1.651695e+06
5.092593e-06  2.032657e+06
5.101852e-06  5.870990e+06
5.111111e-06  4.934489e+06
5.120370e-06  2.900361e+06
5.129630e-06  6.046850e+06
5.138889e-06  5.107401e+06
5.148148e-06  2.687829e+06
5.157407e-06  2.108222e+06
5.166667e-06  3.579919e+06
5.175926e-06  4.339066e+06
5.185185e-06  4.264153e+06
5.194444e-06  3.026832e+06
5.203704e-06  3.234997e+06
5.212963e-06  3.918153e+06
5.222222e-06  2.200440e+06
5.231481e-06  2.438060e+06
5.240741e-06  1.589394e+06
5.250000e-06  2.306239e+06
5.259259e-06  4.536718e+06
5.268519e-06  4.249066e+06
5.277778e-06  2.535274e+06
5.287037e-06  4.580324e+06
5.296296e-06  4.021977e+06
5.305556e-06  2.412529e+06
5.314815e-06  2.541484e+06
5.324074e-06  2.599209e+06
5.333333e-06  2.198136e+06
5.342593e-06  2.112713e+06
5.351852e-06  2.486320e+06
5.361111e-06  3.279433e+06
5.370370e-06  3.156035e+06
5.379630e-06  3.001007e+06
5.388889e-06  2.993156e+06
5.398148e-06  6.141423e+06
5.407407e-06  5.281301e+06
5.416667e-06  3.022111e+06
5.425926e-06  2.929918e+06
5.435185e-06  2.926516e+06
5.444444e-06  3.190519e+06
5.453704e-06  4.579014e+06
5.462963e-06  3.913012e+06
5.472222e-06  3.813914e+06
5.481481e-06  5.742529e+06
5.490741e-06  3.927698e+06
5.500000e-06  2.161652e+06
5.509259e-06  2.483397e+06
5.518519e-06  3.040289e+06
5.527778e-06  2.397172e+06
5.537037e-06  4.805445e+06
5.546296e-06  3.175926e+06
5.555556e-06  3.569901e+06
5.564815e-06  2.458993e+06
5.574074e-06  2.735204e+06
5.583333e-06  3.196879e+06
5.592593e-06  4.160681e+06
5.601852e-06  4.262179e+06
5.611111e-06  2.737632e+06
5.620370e-06  3.212517e+06
5.629630e-06  3.434696e+06
5.638889e-06  7.838453e+06
5.648148e-06  7.286289e+06
5.657407e-06  2.573208e+06
5.666667e-06  1.265813e+06
5.675926e-06  2.194591e+06
5.685185e-06  3.236094e+06
5.694444e-06  2.902251e+06
5.703704e-06  1.490215e+06
5.712963e-06  1.639066e+06
5.722222e-06  1.145717e+06
5.731481e-06  1.716119e+06
5.740741e-06  2.360385e+06
5.750000e-06  4.727453e+06
5.759259e-06  4.441490e+06
5.768519e-06  4.723237e+06
5.777778e-06  3.597735e+06
5.787037e-06  9.205568e+05
