9.259259e-09  2.281662e+08
9.319060e-09  2.265703e+08
9.379248e-09  2.249858e+08
9.439824e-09  2.234125e+08
9.500791e-09  2.218503e+08
9.562152e-09  2.202992e+08
9.623909e-09  2.187592e+08
9.686066e-09  2.172300e+08
9.748623e-09  2.157117e+08
9.811585e-09  2.142041e+08
9.874953e-09  2.127072e+08
9.938731e-09  2.112210e+08
1.000292e-08  2.097453e+08
1.006752e-08  2.082800e+08
1.013255e-08  2.068252e+08
1.019799e-08  2.053806e+08
1.026385e-08  2.039463e+08
1.033014e-08  2.025222e+08
1.039686e-08  2.011081e+08
1.046401e-08  1.997041e+08
1.053159e-08  1.983101e+08
1.059961e-08  1.969259e+08
1.066806e-08  1.955515e+08
1.073696e-08  1.941869e+08
1.080631e-08  1.928320e+08
1.087610e-08  1.914867e+08
1.094634e-08  1.901509e+08
1.101704e-08  1.888246e+08
1.108820e-08  1.875076e+08
1.115981e-08  1.862001e+08
1.123188e-08  1.849018e+08
1.130443e-08  1.836127e+08
1.137744e-08  1.823327e+08
1.145092e-08  1.810618e+08
1.152487e-08  1.798000e+08
1.159931e-08  1.785470e+08
1.167422e-08  1.773030e+08
1.174962e-08  1.760678e+08
1.182550e-08  1.748413e+08
1.190188e-08  1.736236e+08
1.197875e-08  1.724144e+08
1.205611e-08  1.712139e+08
1.213398e-08  1.700218e+08
1.221235e-08  1.688382e+08
1.229122e-08  1.676630e+08
1.237060e-08  1.664962e+08
1.245050e-08  1.653376e+08
1.253091e-08  1.641872e+08
1.261184e-08  1.630450e+08
1.269329e-08  1.619109e+08
1.277527e-08  1.607848e+08
1.285778e-08  1.596667e+08
1.294083e-08  1.585565e+08
1.302440e-08  1.574542e+08
1.310852e-08  1.563598e+08
1.319318e-08  1.552730e+08
1.327839e-08  1.541940e+08
1.336415e-08  1.531227e+08
1.345046e-08  1.520589e+08
1.353733e-08  1.510027e+08
1.362477e-08  1.499539e+08
1.371276e-08  1.489126e+08
1.380133e-08  1.478787e+08
1.389046e-08  1.468521e+08
1.398017e-08  1.458328e+08
1.407046e-08  1.448208e+08
1.416134e-08  1.438159e+08
1.425280e-08  1.428181e+08
1.434485e-08  1.418274e+08
1.443750e-08  1.408437e+08
1.453074e-08  1.398670e+08
1.462459e-08  1.388972e+08
1.471904e-08  1.379343e+08
1.481411e-08  1.369783e+08
1.490978e-08  1.360290e+08
1.500608e-08  1.350864e+08
1.510300e-08  1.341505e+08
1.520054e-08  1.332213e+08
1.529871e-08  1.322986e+08
1.539752e-08  1.313825e+08
1.549696e-08  1.304729e+08
1.559705e-08  1.295697e+08
1.569779e-08  1.286730e+08
1.579917e-08  1.277826e+08
1.590121e-08  1.268985e+08
1.600391e-08  1.260207e+08
1.610727e-08  1.251491e+08
1.621130e-08  1.242836e+08
1.631600e-08  1.234244e+08
1.642138e-08  1.225712e+08
1.652743e-08  1.217240e+08
1.663418e-08  1.208829e+08
1.674161e-08  1.200477e+08
1.684974e-08  1.192185e+08
1.695856e-08  1.183951e+08
1.706809e-08  1.175776e+08
1.717832e-08  1.167659e+08
1.728927e-08  1.159599e+08
1.740093e-08  1.151596e+08
1.751332e-08  1.143651e+08
1.762643e-08  1.135761e+08
1.774027e-08  1.127927e+08
1.785484e-08  1.120149e+08
1.797016e-08  1.112427e+08
1.808622e-08  1.104758e+08
1.820303e-08  1.097145e+08
1.832059e-08  1.089585e+08
1.843892e-08  1.082079e+08
1.855800e-08  1.074626e+08
1.867786e-08  1.067226e+08
1.879849e-08  1.059878e+08
1.891990e-08  1.052583e+08
1.904210e-08  1.045339e+08
1.916508e-08  1.038146e+08
1.928886e-08  1.031005e+08
1.941344e-08  1.023914e+08
1.953882e-08  1.016874e+08
1.966501e-08  1.009883e+08
1.979202e-08  1.002942e+08
1.991985e-08  9.960503e+07
2.004850e-08  9.892073e+07
2.017798e-08  9.824129e+07
2.030830e-08  9.756667e+07
2.043946e-08  9.689683e+07
2.057147e-08  9.623174e+07
2.070433e-08  9.557136e+07
2.083805e-08  9.491567e+07
2.097264e-08  9.426463e+07
2.110809e-08  9.361820e+07
2.124441e-08  9.297636e+07
2.138162e-08  9.233906e+07
2.151972e-08  9.170629e+07
2.165870e-08  9.107800e+07
2.179858e-08  9.045417e+07
2.193937e-08  8.983476e+07
2.208107e-08  8.921975e+07
2.222368e-08  8.860909e+07
2.236721e-08  8.800276e+07
2.251167e-08  8.740074e+07
2.265706e-08  8.680298e+07
2.280339e-08  8.620946e+07
2.295067e-08  8.562015e+07
2.309890e-08  8.503502e+07
2.324808e-08  8.445403e+07
2.339823e-08  8.387717e+07
2.354935e-08  8.330440e+07
2.370144e-08  8.273569e+07
2.385452e-08  8.217101e+07
2.400858e-08  8.161033e+07
2.416364e-08  8.105363e+07
2.431970e-08  8.050088e+07
2.447677e-08  7.995204e+07
2.463485e-08  7.940710e+07
2.479396e-08  7.886603e+07
2.495409e-08  7.832878e+07
2.511526e-08  7.779535e+07
2.527747e-08  7.726570e+07
2.544072e-08  7.673981e+07
2.560503e-08  7.621764e+07
2.577040e-08  7.569918e+07
2.593684e-08  7.518440e+07
2.610435e-08  7.467326e+07
2.627295e-08  7.416575e+07
2.644263e-08  7.366184e+07
2.661341e-08  7.316150e+07
2.678530e-08  7.266470e+07
2.695829e-08  7.217143e+07
2.713240e-08  7.168166e+07
2.730763e-08  7.119536e+07
2.748400e-08  7.071251e+07
2.766151e-08  7.023308e+07
2.784016e-08  6.975706e+07
2.801997e-08  6.928440e+07
2.820093e-08  6.881510e+07
2.838307e-08  6.834913e+07
2.856638e-08  6.788646e+07
2.875088e-08  6.742707e+07
2.893657e-08  6.697094e+07
2.912345e-08  6.651804e+07
2.931155e-08  6.606836e+07
2.950086e-08  6.562186e+07
2.969139e-08  6.517853e+07
2.988315e-08  6.473834e+07
3.007615e-08  6.430128e+07
3.027040e-08  6.386731e+07
3.046590e-08  6.343642e+07
3.066267e-08  6.300858e+07
3.086070e-08  6.258378e+07
3.106002e-08  6.216199e+07
3.126062e-08  6.174319e+07
3.146252e-08  6.132737e+07
3.166572e-08  6.091449e+07
3.187023e-08  6.050453e+07
3.207607e-08  6.009749e+07
3.228323e-08  5.969333e+07
3.249173e-08  5.929203e+07
3.270158e-08  5.889359e+07
3.291278e-08  5.849796e+07
3.312535e-08  5.810515e+07
3.333929e-08  5.771511e+07
3.355461e-08  5.732785e+07
3.377133e-08  5.694333e+07
3.398944e-08  5.656153e+07
3.420896e-08  5.618245e+07
3.442990e-08  5.580605e+07
3.465227e-08  5.543232e+07
3.487607e-08  5.506124e+07
3.510132e-08  5.469279e+07
3.532802e-08  5.432695e+07
3.555619e-08  5.396371e+07
3.578583e-08  5.360304e+07
3.601695e-08  5.324493e+07
3.624957e-08  5.288936e+07
3.648368e-08  5.253632e+07
3.671931e-08  5.218577e+07
3.695647e-08  5.183771e+07
3.719515e-08  5.149212e+07
3.743538e-08  5.114898e+07
3.767715e-08  5.080827e+07
3.792049e-08  5.046998e+07
3.816540e-08  5.013409e+07
3.841189e-08  4.980057e+07
3.865998e-08  4.946943e+07
3.890966e-08  4.914063e+07
3.916096e-08  4.881416e+07
3.941389e-08  4.849001e+07
3.966844e-08  4.816816e+07
3.992464e-08  4.784858e+07
4.018249e-08  4.753128e+07
4.044201e-08  4.721622e+07
4.070321e-08  4.690340e+07
4.096609e-08  4.659280e+07
4.123067e-08  4.628440e+07
4.149696e-08  4.597818e+07
4.176497e-08  4.567414e+07
4.203471e-08  4.537225e+07
4.230619e-08  4.507251e+07
4.257943e-08  4.477489e+07
4.285443e-08  4.447938e+07
4.313120e-08  4.418596e+07
4.340977e-08  4.389463e+07
4.369013e-08  4.360536e+07
4.397230e-08  4.331814e+07
4.425630e-08  4.303296e+07
4.454213e-08  4.274980e+07
4.482980e-08  4.246865e+07
4.511934e-08  4.218949e+07
4.541074e-08  4.191231e+07
4.570403e-08  4.163710e+07
4.599921e-08  4.136384e+07
4.629630e-08  4.109252e+07
4.659530e-08  4.082312e+07
4.689624e-08  4.055563e+07
4.719912e-08  4.029004e+07
4.750396e-08  4.002633e+07
4.781076e-08  3.976449e+07
4.811955e-08  3.950451e+07
4.843033e-08  3.924637e+07
4.874312e-08  3.899006e+07
4.905792e-08  3.873557e+07
4.937477e-08  3.848288e+07
4.969365e-08  3.823199e+07
5.001460e-08  3.798287e+07
5.033762e-08  3.773552e+07
5.066273e-08  3.748993e+07
5.098993e-08  3.724607e+07
5.131925e-08  3.700395e+07
5.165070e-08  3.676354e+07
5.198429e-08  3.652484e+07
5.232003e-08  3.628783e+07
5.265794e-08  3.605250e+07
5.299803e-08  3.581884e+07
5.334032e-08  3.558683e+07
5.368482e-08  3.535647e+07
5.403154e-08  3.512775e+07
5.438051e-08  3.490064e+07
5.473172e-08  3.467515e+07
5.508521e-08  3.445126e+07
5.544098e-08  3.422895e+07
5.579905e-08  3.400822e+07
5.615942e-08  3.378906e+07
5.652213e-08  3.357144e+07
5.688718e-08  3.335538e+07
5.725459e-08  3.314084e+07
5.762437e-08  3.292783e+07
5.799654e-08  3.271632e+07
5.837111e-08  3.250632e+07
5.874810e-08  3.229780e+07
5.912752e-08  3.209077e+07
5.950940e-08  3.188520e+07
5.989374e-08  3.168109e+07
6.028057e-08  3.147842e+07
6.066989e-08  3.127720e+07
6.106173e-08  3.107740e+07
6.145610e-08  3.087902e+07
6.185301e-08  3.068204e+07
6.225249e-08  3.048646e+07
6.265455e-08  3.029227e+07
6.305920e-08  3.009946e+07
6.346647e-08  2.990801e+07
6.387637e-08  2.971792e+07
6.428892e-08  2.952918e+07
6.470413e-08  2.934177e+07
6.512202e-08  2.915570e+07
6.554262e-08  2.897094e+07
6.596592e-08  2.878750e+07
6.639197e-08  2.860535e+07
6.682076e-08  2.842450e+07
6.725232e-08  2.824493e+07
6.768667e-08  2.806663e+07
6.812383e-08  2.788960e+07
6.856381e-08  2.771382e+07
6.900663e-08  2.753929e+07
6.945231e-08  2.736600e+07
6.990087e-08  2.719393e+07
7.035232e-08  2.702309e+07
7.080670e-08  2.685346e+07
7.126400e-08  2.668503e+07
7.172426e-08  2.651779e+07
7.218749e-08  2.635174e+07
7.265372e-08  2.618687e+07
7.312295e-08  2.602317e+07
7.359522e-08  2.586063e+07
7.407054e-08  2.569924e+07
7.454892e-08  2.553899e+07
7.503040e-08  2.537988e+07
7.551498e-08  2.522190e+07
7.600270e-08  2.506504e+07
7.649356e-08  2.490930e+07
7.698760e-08  2.475465e+07
7.748482e-08  2.460111e+07
7.798526e-08  2.444865e+07
7.848893e-08  2.429727e+07
7.899585e-08  2.414697e+07
7.950605e-08  2.399773e+07
8.001954e-08  2.384955e+07
8.053635e-08  2.370243e+07
8.105649e-08  2.355634e+07
8.158000e-08  2.341129e+07
8.210688e-08  2.326727e+07
8.263717e-08  2.312427e+07
8.317089e-08  2.298229e+07
8.370805e-08  2.284131e+07
8.424868e-08  2.270133e+07
8.479280e-08  2.256235e+07
8.534043e-08  2.242435e+07
8.589161e-08  2.228733e+07
8.644634e-08  2.215128e+07
8.700466e-08  2.201619e+07
8.756658e-08  2.188207e+07
8.813213e-08  2.174889e+07
8.870133e-08  2.161666e+07
8.927421e-08  2.148537e+07
8.985079e-08  2.135501e+07
9.043109e-08  2.122557e+07
9.101514e-08  2.109705e+07
9.160296e-08  2.096944e+07
9.219458e-08  2.084274e+07
9.279002e-08  2.071693e+07
9.338931e-08  2.059202e+07
9.399247e-08  2.046799e+07
9.459952e-08  2.034485e+07
9.521049e-08  2.022257e+07
9.582541e-08  2.010117e+07
9.644430e-08  1.998062e+07
9.706719e-08  1.986093e+07
9.769410e-08  1.974209e+07
9.832506e-08  1.962409e+07
9.896009e-08  1.950693e+07
9.959923e-08  1.939060e+07
1.002425e-07  1.927509e+07
1.008899e-07  1.916040e+07
1.015415e-07  1.904653e+07
1.021973e-07  1.893346e+07
1.028574e-07  1.882120e+07
1.035217e-07  1.870973e+07
1.041903e-07  1.859905e+07
1.048632e-07  1.848916e+07
1.055404e-07  1.838005e+07
1.062221e-07  1.827171e+07
1.069081e-07  1.816414e+07
1.075986e-07  1.805733e+07
1.082935e-07  1.795128e+07
1.089929e-07  1.784598e+07
1.096969e-07  1.774143e+07
1.104053e-07  1.763762e+07
1.111184e-07  1.753454e+07
1.118360e-07  1.743220e+07
1.125583e-07  1.733058e+07
1.132853e-07  1.722969e+07
1.140170e-07  1.712951e+07
1.147533e-07  1.703004e+07
1.154945e-07  1.693127e+07
1.162404e-07  1.683321e+07
1.169911e-07  1.673584e+07
1.177467e-07  1.663916e+07
1.185072e-07  1.654317e+07
1.192726e-07  1.644786e+07
1.200429e-07  1.635322e+07
1.208182e-07  1.625926e+07
1.215985e-07  1.616596e+07
1.223839e-07  1.607332e+07
1.231743e-07  1.598134e+07
1.239698e-07  1.589002e+07
1.247705e-07  1.579934e+07
1.255763e-07  1.570930e+07
1.263873e-07  1.561990e+07
1.272036e-07  1.553114e+07
1.280251e-07  1.544301e+07
1.288520e-07  1.535550e+07
1.296842e-07  1.526861e+07
1.305218e-07  1.518234e+07
1.313647e-07  1.509668e+07
1.322132e-07  1.501163e+07
1.330671e-07  1.492718e+07
1.339265e-07  1.484333e+07
1.347914e-07  1.476007e+07
1.356620e-07  1.467741e+07
1.365382e-07  1.459533e+07
1.374200e-07  1.451383e+07
1.383075e-07  1.443292e+07
1.392008e-07  1.435257e+07
1.400998e-07  1.427280e+07
1.410047e-07  1.419359e+07
1.419153e-07  1.411494e+07
1.428319e-07  1.403686e+07
1.437544e-07  1.395932e+07
1.446828e-07  1.388234e+07
1.456173e-07  1.380590e+07
1.465577e-07  1.373000e+07
1.475043e-07  1.365464e+07
1.484569e-07  1.357982e+07
1.494158e-07  1.350553e+07
1.503808e-07  1.343176e+07
1.513520e-07  1.335852e+07
1.523295e-07  1.328580e+07
1.533133e-07  1.321359e+07
1.543035e-07  1.314190e+07
1.553001e-07  1.307071e+07
1.563031e-07  1.300003e+07
1.573126e-07  1.292985e+07
1.583286e-07  1.286017e+07
1.593512e-07  1.279098e+07
1.603803e-07  1.272229e+07
1.614161e-07  1.265408e+07
1.624587e-07  1.258635e+07
1.635079e-07  1.251911e+07
1.645639e-07  1.245234e+07
1.656268e-07  1.238604e+07
1.666965e-07  1.232022e+07
1.677731e-07  1.225486e+07
1.688566e-07  1.218997e+07
1.699472e-07  1.212554e+07
1.710448e-07  1.206156e+07
1.721495e-07  1.199804e+07
1.732613e-07  1.193497e+07
1.743803e-07  1.187235e+07
1.755066e-07  1.181017e+07
1.766401e-07  1.174843e+07
1.777809e-07  1.168713e+07
1.789291e-07  1.162626e+07
1.800847e-07  1.156583e+07
1.812478e-07  1.150583e+07
1.824184e-07  1.144625e+07
1.835966e-07  1.138709e+07
1.847823e-07  1.132836e+07
1.859758e-07  1.127004e+07
1.871769e-07  1.121213e+07
1.883858e-07  1.115463e+07
1.896025e-07  1.109755e+07
1.908270e-07  1.104087e+07
1.920595e-07  1.098459e+07
1.932999e-07  1.092871e+07
1.945483e-07  1.087322e+07
1.958048e-07  1.081813e+07
1.970694e-07  1.076343e+07
1.983422e-07  1.070912e+07
1.996232e-07  1.065520e+07
2.009125e-07  1.060165e+07
2.022101e-07  1.054849e+07
2.035160e-07  1.049571e+07
2.048305e-07  1.044329e+07
2.061534e-07  1.039125e+07
2.074848e-07  1.033958e+07
2.088248e-07  1.028828e+07
2.101735e-07  1.023734e+07
2.115310e-07  1.018676e+07
2.128971e-07  1.013655e+07
2.142721e-07  1.008668e+07
2.156560e-07  1.003718e+07
2.170488e-07  9.988018e+06
2.184506e-07  9.939210e+06
2.198615e-07  9.890748e+06
2.212815e-07  9.842631e+06
2.227106e-07  9.794854e+06
2.241490e-07  9.747417e+06
2.255967e-07  9.700317e+06
2.270537e-07  9.653550e+06
2.285201e-07  9.607116e+06
2.299960e-07  9.561012e+06
2.314815e-07  9.515234e+06
2.329765e-07  9.469782e+06
2.344812e-07  9.424652e+06
2.359956e-07  9.379842e+06
2.375198e-07  9.335351e+06
2.390538e-07  9.291175e+06
2.405977e-07  9.247313e+06
2.421516e-07  9.203763e+06
2.437156e-07  9.160521e+06
2.452896e-07  9.117587e+06
2.468738e-07  9.074957e+06
2.484683e-07  9.032630e+06
2.500730e-07  8.990603e+06
2.516881e-07  8.948875e+06
2.533136e-07  8.907443e+06
2.549497e-07  8.866305e+06
2.565963e-07  8.825459e+06
2.582535e-07  8.784903e+06
2.599214e-07  8.744636e+06
2.616001e-07  8.704654e+06
2.632897e-07  8.664956e+06
2.649902e-07  8.625540e+06
2.667016e-07  8.586403e+06
2.684241e-07  8.547545e+06
2.701577e-07  8.508962e+06
2.719025e-07  8.470654e+06
2.736586e-07  8.432617e+06
2.754260e-07  8.394851e+06
2.772049e-07  8.357353e+06
2.789952e-07  8.320121e+06
2.807971e-07  8.283153e+06
2.826107e-07  8.246448e+06
2.844359e-07  8.210004e+06
2.862729e-07  8.173819e+06
2.881218e-07  8.137890e+06
2.899827e-07  8.102217e+06
2.918555e-07  8.066797e+06
2.937405e-07  8.031629e+06
2.956376e-07  7.996710e+06
2.975470e-07  7.962040e+06
2.994687e-07  7.927615e+06
3.014028e-07  7.893436e+06
3.033495e-07  7.859499e+06
3.053086e-07  7.825803e+06
3.072805e-07  7.792346e+06
3.092651e-07  7.759127e+06
3.112625e-07  7.726145e+06
3.132727e-07  7.693396e+06
3.152960e-07  7.660880e+06
3.173324e-07  7.628595e+06
3.193819e-07  7.596540e+06
3.214446e-07  7.564712e+06
3.235207e-07  7.533111e+06
3.256101e-07  7.501733e+06
3.277131e-07  7.470579e+06
3.298296e-07  7.439647e+06
3.319598e-07  7.408934e+06
3.341038e-07  7.378439e+06
3.362616e-07  7.348161e+06
3.384334e-07  7.318098e+06
3.406191e-07  7.288249e+06
3.428190e-07  7.258612e+06
3.450331e-07  7.229186e+06
3.472615e-07  7.199969e+06
3.495043e-07  7.170959e+06
3.517616e-07  7.142156e+06
3.540335e-07  7.113557e+06
3.563200e-07  7.085162e+06
3.586213e-07  7.056968e+06
3.609375e-07  7.028975e+06
3.632686e-07  7.001181e+06
3.656148e-07  6.973585e+06
3.679761e-07  6.946185e+06
3.703527e-07  6.918979e+06
3.727446e-07  6.891967e+06
3.751520e-07  6.865147e+06
3.775749e-07  6.838518e+06
3.800135e-07  6.812078e+06
3.824678e-07  6.785826e+06
3.849380e-07  6.759761e+06
3.874241e-07  6.733881e+06
3.899263e-07  6.708186e+06
3.924447e-07  6.682673e+06
3.949793e-07  6.657341e+06
3.975302e-07  6.632190e+06
4.000977e-07  6.607217e+06
4.026817e-07  6.582422e+06
4.052825e-07  6.557804e+06
4.079000e-07  6.533361e+06
4.105344e-07  6.509091e+06
4.131859e-07  6.484994e+06
4.158544e-07  6.461069e+06
4.185402e-07  6.437314e+06
4.212434e-07  6.413728e+06
4.239640e-07  6.390310e+06
4.267022e-07  6.367058e+06
4.294580e-07  6.343972e+06
4.322317e-07  6.321050e+06
4.350233e-07  6.298291e+06
4.378329e-07  6.275695e+06
4.406606e-07  6.253259e+06
4.435066e-07  6.230983e+06
4.463710e-07  6.208865e+06
4.492539e-07  6.186905e+06
4.521555e-07  6.165101e+06
4.550757e-07  6.143453e+06
4.580148e-07  6.121958e+06
4.609729e-07  6.100617e+06
4.639501e-07  6.079428e+06
4.669466e-07  6.058389e+06
4.699623e-07  6.037501e+06
4.729976e-07  6.016761e+06
4.760525e-07  5.996169e+06
4.791271e-07  5.975723e+06
4.822215e-07  5.955423e+06
4.853359e-07  5.935268e+06
4.884705e-07  5.915256e+06
4.916253e-07  5.895387e+06
4.948005e-07  5.875660e+06
4.979961e-07  5.856073e+06
5.012125e-07  5.836626e+06
5.044495e-07  5.817317e+06
5.077075e-07  5.798146e+06
5.109866e-07  5.779111e+06
5.142868e-07  5.760212e+06
5.176083e-07  5.741448e+06
5.209513e-07  5.722818e+06
5.243159e-07  5.704320e+06
5.277022e-07  5.685955e+06
5.311104e-07  5.667720e+06
5.345405e-07  5.649615e+06
5.379929e-07  5.631640e+06
5.414675e-07  5.613792e+06
5.449646e-07  5.596072e+06
5.484843e-07  5.578479e+06
5.520267e-07  5.561011e+06
5.555919e-07  5.543667e+06
5.591802e-07  5.526447e+06
5.627917e-07  5.509351e+06
5.664265e-07  5.492376e+06
5.700848e-07  5.475522e+06
5.737667e-07  5.458788e+06
5.774724e-07  5.442174e+06
5.812020e-07  5.425679e+06
5.849557e-07  5.409301e+06
5.887336e-07  5.393041e+06
5.925360e-07  5.376896e+06
5.963629e-07  5.360867e+06
6.002145e-07  5.344952e+06
6.040910e-07  5.329151e+06
6.079925e-07  5.313463e+06
6.119193e-07  5.297886e+06
6.158714e-07  5.282421e+06
6.198490e-07  5.267067e+06
6.238523e-07  5.251822e+06
6.278815e-07  5.236687e+06
6.319366e-07  5.221659e+06
6.360180e-07  5.206739e+06
6.401257e-07  5.191925e+06
6.442600e-07  5.177218e+06
6.484210e-07  5.162615e+06
6.526088e-07  5.148117e+06
6.568237e-07  5.133723e+06
6.610658e-07  5.119432e+06
6.653353e-07  5.105243e+06
6.696324e-07  5.091155e+06
6.739572e-07  5.077168e+06
6.783100e-07  5.063282e+06
6.826909e-07  5.049494e+06
6.871000e-07  5.035806e+06
6.915377e-07  5.022215e+06
6.960040e-07  5.008722e+06
7.004992e-07  4.995325e+06
7.050233e-07  4.982025e+06
7.095767e-07  4.968819e+06
7.141596e-07  4.955708e+06
7.187720e-07  4.942691e+06
7.234142e-07  4.929768e+06
7.280864e-07  4.916937e+06
7.327887e-07  4.904198e+06
7.375215e-07  4.891550e+06
7.422847e-07  4.878993e+06
7.470788e-07  4.866526e+06
7.519038e-07  4.854149e+06
7.567600e-07  4.841860e+06
7.616476e-07  4.829659e+06
7.665667e-07  4.817546e+06
7.715176e-07  4.805520e+06
7.765004e-07  4.793580e+06
7.815155e-07  4.781726e+06
7.865629e-07  4.769957e+06
7.916429e-07  4.758273e+06
7.967558e-07  4.746672e+06
8.019016e-07  4.735155e+06
8.070807e-07  4.723721e+06
8.122933e-07  4.712368e+06
8.175395e-07  4.701098e+06
8.228196e-07  4.689908e+06
8.281338e-07  4.678799e+06
8.334823e-07  4.667769e+06
8.388654e-07  4.656819e+06
8.442832e-07  4.645948e+06
8.497360e-07  4.635155e+06
8.552240e-07  4.624440e+06
8.607475e-07  4.613802e+06
8.663067e-07  4.603240e+06
8.719017e-07  4.592755e+06
8.775329e-07  4.582345e+06
8.832005e-07  4.572010e+06
8.889046e-07  4.561749e+06
8.946457e-07  4.551563e+06
9.004237e-07  4.541450e+06
9.062391e-07  4.531410e+06
9.120921e-07  4.521442e+06
9.179829e-07  4.511546e+06
9.239117e-07  4.501722e+06
9.298788e-07  4.491968e+06
9.358844e-07  4.482285e+06
9.419288e-07  4.472672e+06
9.480123e-07  4.463128e+06
9.541351e-07  4.453653e+06
9.602974e-07  4.444247e+06
9.664995e-07  4.434909e+06
9.727416e-07  4.425638e+06
9.790241e-07  4.416434e+06
9.853471e-07  4.407297e+06
9.917110e-07  4.398226e+06
9.981160e-07  4.389221e+06
1.004562e-06  4.380281e+06
1.011050e-06  4.371405e+06
1.017580e-06  4.362594e+06
1.024152e-06  4.353847e+06
1.030767e-06  4.345163e+06
1.037424e-06  4.336542e+06
1.044124e-06  4.327984e+06
1.050868e-06  4.319488e+06
1.057655e-06  4.311053e+06
1.064486e-06  4.302680e+06
1.071361e-06  4.294367e+06
1.078280e-06  4.286115e+06
1.085244e-06  4.277923e+06
1.092253e-06  4.269790e+06
1.099308e-06  4.261717e+06
1.106407e-06  4.253702e+06
1.113553e-06  4.245746e+06
1.120745e-06  4.237848e+06
1.127983e-06  4.230007e+06
1.135269e-06  4.222223e+06
1.142601e-06  4.214496e+06
1.149980e-06  4.206825e+06
1.157407e-06  4.199210e+06
1.164883e-06  4.191651e+06
1.172406e-06  4.184147e+06
1.179978e-06  4.176698e+06
1.187599e-06  4.169303e+06
1.195269e-06  4.161962e+06
1.202989e-06  4.154675e+06
1.210758e-06  4.147442e+06
1.218578e-06  4.140261e+06
1.226448e-06  4.133133e+06
1.234369e-06  4.126057e+06
1.242341e-06  4.119033e+06
1.250365e-06  4.112060e+06
1.258441e-06  4.105138e+06
1.266568e-06  4.098268e+06
1.274748e-06  4.091448e+06
1.282981e-06  4.084677e+06
1.291267e-06  4.077957e+06
1.299607e-06  4.071286e+06
1.308001e-06  4.064664e+06
1.316448e-06  4.058091e+06
1.324951e-06  4.051566e+06
1.333508e-06  4.045090e+06
1.342120e-06  4.038661e+06
1.350789e-06  4.032280e+06
1.359513e-06  4.025945e+06
1.368293e-06  4.019658e+06
1.377130e-06  4.013417e+06
1.386024e-06  4.007222e+06
1.394976e-06  4.001073e+06
1.403986e-06  3.994969e+06
1.413053e-06  3.988911e+06
1.422180e-06  3.982897e+06
1.431365e-06  3.976929e+06
1.440609e-06  3.971004e+06
1.449913e-06  3.965124e+06
1.459278e-06  3.959287e+06
1.468702e-06  3.953493e+06
1.478188e-06  3.947743e+06
1.487735e-06  3.942036e+06
1.497344e-06  3.936371e+06
1.507014e-06  3.930748e+06
1.516747e-06  3.925168e+06
1.526543e-06  3.919629e+06
1.536402e-06  3.914131e+06
1.546325e-06  3.908675e+06
1.556312e-06  3.903259e+06
1.566364e-06  3.897884e+06
1.576480e-06  3.892550e+06
1.586662e-06  3.887255e+06
1.596909e-06  3.882000e+06
1.607223e-06  3.876785e+06
1.617603e-06  3.871609e+06
1.628051e-06  3.866472e+06
1.638565e-06  3.861373e+06
1.649148e-06  3.856314e+06
1.659799e-06  3.851292e+06
1.670519e-06  3.846308e+06
1.681308e-06  3.841362e+06
1.692167e-06  3.836454e+06
1.703096e-06  3.831582e+06
1.714095e-06  3.826748e+06
1.725166e-06  3.821951e+06
1.736308e-06  3.817189e+06
1.747522e-06  3.812465e+06
1.758808e-06  3.807776e+06
1.770167e-06  3.803123e+06
1.781600e-06  3.798505e+06
1.793107e-06  3.793923e+06
1.804687e-06  3.789376e+06
1.816343e-06  3.784864e+06
1.828074e-06  3.780386e+06
1.839881e-06  3.775943e+06
1.851763e-06  3.771534e+06
1.863723e-06  3.767159e+06
1.875760e-06  3.762818e+06
1.887875e-06  3.758510e+06
1.900067e-06  3.754235e+06
1.912339e-06  3.749994e+06
1.924690e-06  3.745785e+06
1.937121e-06  3.741610e+06
1.949632e-06  3.737466e+06
1.962223e-06  3.733355e+06
1.974896e-06  3.729276e+06
1.987651e-06  3.725229e+06
2.000488e-06  3.721214e+06
2.013409e-06  3.717230e+06
2.026412e-06  3.713277e+06
2.039500e-06  3.709355e+06
2.052672e-06  3.705465e+06
2.065929e-06  3.701605e+06
2.079272e-06  3.697775e+06
2.092701e-06  3.693976e+06
2.106217e-06  3.690207e+06
2.119820e-06  3.686467e+06
2.133511e-06  3.682758e+06
2.147290e-06  3.679078e+06
2.161158e-06  3.675428e+06
2.175116e-06  3.671806e+06
2.189164e-06  3.668214e+06
2.203303e-06  3.664651e+06
2.217533e-06  3.661116e+06
2.231855e-06  3.657610e+06
2.246270e-06  3.654132e+06
2.260777e-06  3.650682e+06
2.275379e-06  3.647260e+06
2.290074e-06  3.643867e+06
2.304865e-06  3.640501e+06
2.319751e-06  3.637162e+06
2.334733e-06  3.633851e+06
2.349812e-06  3.630567e+06
2.364988e-06  3.627310e+06
2.380262e-06  3.624079e+06
2.395635e-06  3.620876e+06
2.411108e-06  3.617699e+06
2.426680e-06  3.614549e+06
2.442352e-06  3.611425e+06
2.458126e-06  3.608327e+06
2.474002e-06  3.605255e+06
2.489981e-06  3.602209e+06
2.506062e-06  3.599188e+06
2.522248e-06  3.596194e+06
2.538538e-06  3.593224e+06
2.554933e-06  3.590280e+06
2.571434e-06  3.587361e+06
2.588042e-06  3.584467e+06
2.604757e-06  3.581598e+06
2.621579e-06  3.578754e+06
2.638511e-06  3.575934e+06
2.655552e-06  3.573139e+06
2.672703e-06  3.570368e+06
2.689964e-06  3.567622e+06
2.707338e-06  3.564900e+06
2.724823e-06  3.562201e+06
2.742421e-06  3.559527e+06
2.760133e-06  3.556876e+06
2.777960e-06  3.554249e+06
2.795901e-06  3.551645e+06
2.813959e-06  3.549065e+06
2.832133e-06  3.546509e+06
2.850424e-06  3.543975e+06
2.868833e-06  3.541465e+06
2.887362e-06  3.538977e+06
2.906010e-06  3.536513e+06
2.924778e-06  3.534071e+06
2.943668e-06  3.531652e+06
2.962680e-06  3.529256e+06
2.981814e-06  3.526882e+06
3.001073e-06  3.524530e+06
3.020455e-06  3.522201e+06
3.039963e-06  3.519894e+06
3.059596e-06  3.517609e+06
3.079357e-06  3.515346e+06
3.099245e-06  3.513106e+06
3.119261e-06  3.510887e+06
3.139407e-06  3.508690e+06
3.159683e-06  3.506514e+06
3.180090e-06  3.504360e+06
3.200629e-06  3.502228e+06
3.221300e-06  3.500118e+06
3.242105e-06  3.498028e+06
3.263044e-06  3.495960e+06
3.284119e-06  3.493914e+06
3.305329e-06  3.491888e+06
3.326677e-06  3.489884e+06
3.348162e-06  3.487901e+06
3.369786e-06  3.485939e+06
3.391550e-06  3.483998e+06
3.413454e-06  3.482078e+06
3.435500e-06  3.480179e+06
3.457688e-06  3.478300e+06
3.480020e-06  3.476442e+06
3.502496e-06  3.474606e+06
3.525117e-06  3.472789e+06
3.547884e-06  3.470994e+06
3.570798e-06  3.469219e+06
3.593860e-06  3.467465e+06
3.617071e-06  3.465731e+06
3.640432e-06  3.464018e+06
3.663944e-06  3.462325e+06
3.687607e-06  3.460653e+06
3.711424e-06  3.459001e+06
3.735394e-06  3.457370e+06
3.759519e-06  3.455759e+06
3.783800e-06  3.454168e+06
3.808238e-06  3.452598e+06
3.832833e-06  3.451049e+06
3.857588e-06  3.449519e+06
3.882502e-06  3.448011e+06
3.907577e-06  3.446522e+06
3.932814e-06  3.445054e+06
3.958215e-06  3.443606e+06
3.983779e-06  3.442179e+06
4.009508e-06  3.440773e+06
4.035404e-06  3.439386e+06
4.061466e-06  3.438021e+06
4.087697e-06  3.436675e+06
4.114098e-06  3.435351e+06
4.140669e-06  3.434047e+06
4.167411e-06  3.432763e+06
4.194327e-06  3.431501e+06
4.221416e-06  3.430259e+06
4.248680e-06  3.429038e+06
4.276120e-06  3.427837e+06
4.303738e-06  3.426658e+06
4.331533e-06  3.425500e+06
4.359509e-06  3.424363e+06
4.387665e-06  3.423246e+06
4.416002e-06  3.422152e+06
4.444523e-06  3.421078e+06
4.473228e-06  3.420026e+06
4.502119e-06  3.418995e+06
4.531196e-06  3.417986e+06
4.560461e-06  3.416999e+06
4.589914e-06  3.416034e+06
4.619558e-06  3.415091e+06
4.649394e-06  3.414169e+06
4.679422e-06  3.413270e+06
4.709644e-06  3.412394e+06
4.740062e-06  3.411540e+06
4.770675e-06  3.410709e+06
4.801487e-06  3.409901e+06
4.832497e-06  3.409116e+06
4.863708e-06  3.408354e+06
4.895120e-06  3.407616e+06
4.926736e-06  3.406901e+06
4.958555e-06  3.406211e+06
4.990580e-06  3.405544e+06
5.022812e-06  3.404902e+06
5.055252e-06  3.404285e+06
5.087901e-06  3.403693e+06
5.120761e-06  3.403125e+06
5.153834e-06  3.402584e+06
5.187120e-06  3.402068e+06
5.220621e-06  3.401578e+06
5.254339e-06  3.401114e+06
5.288274e-06  3.400678e+06
5.322428e-06  3.400268e+06
5.356803e-06  3.399886e+06
5.391400e-06  3.399532e+06
5.426221e-06  3.399206e+06
5.461266e-06  3.398908e+06
5.496538e-06  3.398640e+06
5.532037e-06  3.398402e+06
5.567766e-06  3.398193e+06
5.603726e-06  3.398015e+06
5.639917e-06  3.397868e+06
5.676343e-06  3.397753e+06
5.713004e-06  3.397670e+06
5.749901e-06  3.397620e+06
