0.000000e+00  9.113712e-08
3.043214e-04  2.100754e-06
6.086427e-04  4.565972e-07
9.129641e-04  1.813111e-07
1.217285e-03  1.477630e-07
1.521607e-03  2.086822e-07
1.825928e-03  1.793736e-07
2.130250e-03  1.674878e-07
2.434571e-03  1.346043e-07
2.738892e-03  2.172909e-07
3.043214e-03  1.139290e-07
3.347535e-03  8.826038e-08
3.651856e-03  1.037392e-07
3.956178e-03  1.902552e-07
4.260499e-03  2.344140e-07
4.564820e-03  2.166252e-07
4.869142e-03  1.916926e-07
5.173463e-03  1.354372e-07
5.477785e-03  1.478422e-07
5.782106e-03  1.113273e-07
6.086427e-03  8.942781e-08
6.390749e-03  1.041272e-07
6.695070e-03  1.585635e-07
6.999391e-03  2.583955e-07
7.303713e-03  1.770846e-07
7.608034e-03  1.617678e-07
7.912355e-03  1.330889e-07
8.216677e-03  1.547608e-07
8.520998e-03  1.281386e-07
8.825320e-03  1.004874e-07
9.129641e-03  8.149844e-08
9.433962e-03  1.151923e-07
9.738284e-03  1.971951e-07
1.004260e-02  2.783327e-07
1.034693e-02  2.177484e-07
1.065125e-02  1.557966e-07
1.095557e-02  1.513315e-07
1.125989e-02  1.345654e-07
1.156421e-02  1.550076e-07
1.186853e-02  2.246077e-07
1.217285e-02  2.280218e-07
1.247718e-02  2.041221e-07
1.278150e-02  9.493902e-08
1.308582e-02  1.545004e-07
1.339014e-02  1.391906e-07
1.369446e-02  9.454300e-08
1.399878e-02  1.085307e-07
1.430310e-02  1.665208e-07
1.460743e-02  1.442850e-07
1.491175e-02  1.751531e-07
1.521607e-02  1.358570e-07
1.552039e-02  1.245963e-07
1.582471e-02  2.388697e-07
1.612903e-02  1.830574e-07
1.643335e-02  1.079218e-07
1.673767e-02  8.806980e-08
1.704200e-02  1.728455e-07
1.734632e-02  1.459696e-07
1.765064e-02  1.546937e-07
1.795496e-02  2.352755e-07
1.825928e-02  2.478934e-07
1.856360e-02  2.393667e-07
1.886792e-02  1.293254e-07
1.917225e-02  1.619947e-07
1.947657e-02  1.755867e-07
1.978089e-02  1.646179e-07
2.008521e-02  1.755037e-07
2.038953e-02  2.008378e-07
2.069385e-02  1.804158e-07
2.099817e-02  1.106566e-07
2.130250e-02  7.266428e-08
2.160682e-02  1.766939e-07
2.191114e-02  1.743711e-07
2.221546e-02  1.086717e-07
2.251978e-02  7.267920e-08
2.282410e-02  1.350705e-07
2.312842e-02  1.456379e-07
2.343274e-02  1.090373e-07
2.373707e-02  7.065556e-08
2.404139e-02  7.558098e-08
2.434571e-02  1.083372e-07
2.465003e-02  1.066510e-07
2.495435e-02  2.139731e-07
2.525867e-02  2.271350e-07
2.556299e-02  1.756481e-07
2.586732e-02  9.378446e-08
2.617164e-02  1.102728e-07
2.647596e-02  1.468816e-07
2.678028e-02  1.570788e-07
2.708460e-02  1.743098e-07
2.738892e-02  1.039661e-07
2.769324e-02  9.511545e-08
2.799757e-02  9.094102e-08
2.830189e-02  6.196545e-08
2.860621e-02  5.804315e-08
2.891053e-02  8.318604e-08
2.921485e-02  8.260999e-08
2.951917e-02  1.027917e-07
2.982349e-02  1.151695e-07
3.012781e-02  1.560574e-07
3.043214e-02  1.462547e-07
3.073646e-02  9.347154e-08
3.104078e-02  9.882204e-08
3.134510e-02  1.834091e-07
3.164942e-02  1.073523e-07
3.195374e-02  1.113784e-07
3.225806e-02  1.482877e-07
3.256239e-02  9.933336e-08
3.286671e-02  9.611362e-08
3.317103e-02  1.282925e-07
3.347535e-02  1.211415e-07
3.377967e-02  1.270418e-07
3.408399e-02  1.268070e-07
3.438831e-02  9.547299e-08
3.469264e-02  2.171165e-07
3.499696e-02  9.975895e-08
3.530128e-02  6.037347e-08
3.560560e-02  1.830897e-07
3.590992e-02  1.938454e-07
3.621424e-02  1.967259e-07
3.651856e-02  1.531640e-07
3.682288e-02  7.755205e-08
3.712721e-02  1.333702e-07
3.743153e-02  1.654677e-07
3.773585e-02  1.542951e-07
3.804017e-02  1.293134e-07
3.834449e-02  1.190276e-07
3.864881e-02  1.091795e-07
3.895313e-02  1.120607e-07
3.925746e-02  1.560944e-07
3.956178e-02  1.564021e-07
3.986610e-02  1.494031e-07
4.017042e-02  1.119953e-07
4.047474e-02  1.533850e-07
4.077906e-02  1.803162e-07
4.108338e-02  2.704640e-07
4.138771e-02  2.359391e-07
4.169203e-02  1.955480e-07
4.199635e-02  1.849342e-07
4.230067e-02  9.961030e-08
4.260499e-02  1.456625e-07
4.290931e-02  1.967383e-07
4.321363e-02  2.439746e-07
4.351795e-02  1.444258e-07
4.382228e-02  3.813878e-08
4.412660e-02  9.428353e-08
4.443092e-02  1.070910e-07
4.473524e-02  1.045068e-07
4.503956e-02  1.621857e-07
4.534388e-02  1.079150e-07
4.564820e-02  7.918884e-08
4.595253e-02  1.664514e-07
4.625685e-02  1.188846e-07
4.656117e-02  9.828942e-08
4.686549e-02  1.067016e-07
4.716981e-02  5.342919e-08
4.747413e-02  7.621059e-08
4.777845e-02  1.020338e-07
4.808278e-02  1.473681e-07
4.838710e-02  1.770173e-07
4.869142e-02  2.102274e-07
4.899574e-02  2.588456e-07
4.930006e-02  2.857273e-07
4.960438e-02  2.335159e-07
4.990870e-02  1.543582e-07
5.021302e-02  1.564039e-07
5.051735e-02  2.792952e-07
5.082167e-02  1.949658e-07
5.112599e-02  1.840280e-07
5.143031e-02  2.403203e-07
5.173463e-02  1.622024e-07
5.203895e-02  7.896578e-08
5.234327e-02  8.362880e-08
5.264760e-02  9.735189e-08
5.295192e-02  1.446621e-07
5.325624e-02  1.919738e-07
5.356056e-02  3.880133e-07
5.386488e-02  2.521275e-07
5.416920e-02  1.537840e-07
5.447352e-02  1.258366e-07
5.477785e-02  1.729681e-07
5.508217e-02  1.890576e-07
5.538649e-02  1.951407e-07
5.569081e-02  1.435536e-07
5.599513e-02  1.619695e-07
5.629945e-02  1.883014e-07
5.660377e-02  2.183727e-07
5.690809e-02  2.248841e-07
5.721242e-02  1.692862e-07
5.751674e-02  1.334477e-07
5.782106e-02  2.156030e-07
5.812538e-02  2.413669e-07
5.842970e-02  1.033200e-07
5.873402e-02  1.343475e-07
5.903834e-02  1.408335e-07
5.934267e-02  2.582384e-07
5.964699e-02  1.944912e-07
5.995131e-02  1.995812e-07
6.025563e-02  2.107067e-07
6.055995e-02  1.607453e-07
6.086427e-02  8.670229e-08
6.116859e-02  1.148508e-07
6.147292e-02  1.987578e-07
6.177724e-02  2.026172e-07
6.208156e-02  9.386739e-08
6.238588e-02  1.696519e-07
6.269020e-02  1.890669e-07
6.299452e-02  1.275027e-07
6.329884e-02  1.282916e-07
6.360316e-02  9.227277e-08
6.390749e-02  2.107444e-07
6.421181e-02  2.289192e-07
6.451613e-02  2.039698e-07
6.482045e-02  1.166190e-07
6.512477e-02  2.032214e-07
6.542909e-02  2.147239e-07
6.573341e-02  2.030205e-07
6.603774e-02  3.674800e-07
6.634206e-02  2.524644e-07
6.664638e-02  1.950977e-07
6.695070e-02  1.305196e-07
6.725502e-02  1.015882e-07
6.755934e-02  1.546066e-07
6.786366e-02  1.903219e-07
6.816799e-02  3.247108e-07
6.847231e-02  1.403781e-07
6.877663e-02  3.247656e-07
6.908095e-02  3.060233e-07
6.938527e-02  2.260946e-07
6.968959e-02  1.512187e-07
6.999391e-02  1.743960e-07
7.029823e-02  2.121113e-07
7.060256e-02  1.185914e-07
7.090688e-02  1.269599e-07
7.121120e-02  2.025754e-07
7.151552e-02  1.221431e-07
7.181984e-02  1.514692e-07
7.212416e-02  2.532672e-07
7.242848e-02  4.399879e-07
7.273281e-02  1.968828e-07
7.303713e-02  1.349647e-07
7.334145e-02  3.239722e-07
7.364577e-02  1.809616e-07
7.395009e-02  1.064561e-07
7.425441e-02  1.485300e-07
7.455873e-02  1.264195e-07
7.486306e-02  1.352556e-07
7.516738e-02  1.680415e-07
7.547170e-02  2.158945e-07
7.577602e-02  1.411742e-07
7.608034e-02  1.847213e-07
7.638466e-02  2.310750e-07
7.668898e-02  2.695435e-07
7.699330e-02  3.343586e-07
7.729763e-02  2.388382e-07
7.760195e-02  3.562626e-07
7.790627e-02  2.911052e-07
7.821059e-02  4.347857e-07
7.851491e-02  4.096728e-07
7.881923e-02  2.714087e-07
7.912355e-02  1.279095e-07
7.942788e-02  1.021738e-07
7.973220e-02  7.808736e-08
8.003652e-02  1.530084e-07
8.034084e-02  2.912269e-07
8.064516e-02  2.367495e-07
8.094948e-02  3.220627e-07
8.125380e-02  3.327676e-07
8.155813e-02  1.617150e-07
8.186245e-02  2.147680e-07
8.216677e-02  1.676372e-07
8.247109e-02  2.236337e-07
8.277541e-02  1.979830e-07
8.307973e-02  2.472449e-07
8.338405e-02  3.473932e-07
8.368837e-02  1.846090e-07
8.399270e-02  1.504761e-07
8.429702e-02  1.394121e-07
8.460134e-02  3.119108e-07
8.490566e-02  2.803761e-07
8.520998e-02  1.591306e-07
8.551430e-02  2.874377e-07
8.581862e-02  3.747692e-07
8.612295e-02  2.986301e-07
8.642727e-02  2.270428e-07
8.673159e-02  2.315433e-07
8.703591e-02  4.415134e-07
8.734023e-02  4.167653e-07
8.764455e-02  2.280182e-07
8.794887e-02  3.526947e-07
8.825320e-02  3.029953e-07
8.855752e-02  2.274933e-07
8.886184e-02  2.432744e-07
8.916616e-02  2.250859e-07
8.947048e-02  1.249414e-07
8.977480e-02  1.341397e-07
9.007912e-02  1.482453e-07
9.038344e-02  1.406995e-07
9.068777e-02  1.436039e-07
9.099209e-02  1.999641e-07
9.129641e-02  1.827024e-07
9.160073e-02  2.875628e-07
9.190505e-02  4.825443e-07
9.220937e-02  3.974295e-07
9.251369e-02  2.425339e-07
9.281802e-02  1.784666e-07
9.312234e-02  2.299573e-07
9.342666e-02  3.475043e-07
9.373098e-02  2.903618e-07
9.403530e-02  1.911958e-07
9.433962e-02  2.287179e-07
9.464394e-02  1.714190e-07
9.494827e-02  2.583675e-07
9.525259e-02  2.824441e-07
9.555691e-02  1.922549e-07
9.586123e-02  3.472102e-07
9.616555e-02  4.247190e-07
9.646987e-02  3.458249e-07
9.677419e-02  2.428264e-07
9.707851e-02  2.731052e-07
9.738284e-02  4.571659e-07
9.768716e-02  3.957729e-07
9.799148e-02  1.964097e-07
9.829580e-02  2.599240e-07
9.860012e-02  3.152372e-07
9.890444e-02  3.574388e-07
9.920876e-02  3.206340e-07
9.951309e-02  5.251863e-07
9.981741e-02  6.369064e-07
1.001217e-01  3.496012e-07
1.004260e-01  3.691013e-07
1.007304e-01  3.333761e-07
1.010347e-01  2.936607e-07
1.013390e-01  3.246107e-07
1.016433e-01  2.345978e-07
1.019477e-01  2.808648e-07
1.022520e-01  1.823268e-07
1.025563e-01  1.265938e-07
1.028606e-01  1.560666e-07
1.031649e-01  3.774456e-07
1.034693e-01  5.356073e-07
1.037736e-01  3.797918e-07
1.040779e-01  2.141442e-07
1.043822e-01  3.851560e-07
1.046865e-01  7.712934e-07
1.049909e-01  5.141629e-07
1.052952e-01  4.072791e-07
1.055995e-01  1.582313e-07
1.059038e-01  2.157675e-07
1.062082e-01  3.262636e-07
1.065125e-01  3.648340e-07
1.068168e-01  1.326977e-07
1.071211e-01  1.716009e-07
1.074254e-01  2.550527e-07
1.077298e-01  3.961554e-07
1.080341e-01  3.958706e-07
1.083384e-01  3.005272e-07
1.086427e-01  3.053602e-07
1.089470e-01  1.805242e-07
1.092514e-01  3.149596e-07
1.095557e-01  5.974189e-07
1.098600e-01  3.667843e-07
1.101643e-01  3.713812e-07
1.104687e-01  2.408151e-07
1.107730e-01  5.115148e-07
1.110773e-01  5.139958e-07
1.113816e-01  2.271012e-07
1.116859e-01  1.833856e-07
1.119903e-01  3.433911e-07
1.122946e-01  4.767420e-07
1.125989e-01  4.824706e-07
1.129032e-01  3.513677e-07
1.132075e-01  3.670570e-07
1.135119e-01  3.467264e-07
1.138162e-01  2.376245e-07
1.141205e-01  1.694773e-07
1.144248e-01  1.521276e-07
1.147292e-01  3.293371e-07
1.150335e-01  2.130635e-07
1.153378e-01  4.795688e-07
1.156421e-01  6.823497e-07
1.159464e-01  5.430479e-07
1.162508e-01  5.491336e-07
1.165551e-01  7.475621e-07
1.168594e-01  4.872511e-07
1.171637e-01  6.572567e-07
1.174680e-01  7.629338e-07
1.177724e-01  4.004121e-07
1.180767e-01  1.979033e-07
1.183810e-01  3.732502e-07
1.186853e-01  3.671749e-07
1.189897e-01  4.530370e-07
1.192940e-01  3.504588e-07
1.195983e-01  2.487448e-07
1.199026e-01  3.329998e-07
1.202069e-01  1.787751e-07
1.205113e-01  3.092578e-07
1.208156e-01  6.012488e-07
1.211199e-01  8.310350e-07
1.214242e-01  4.219744e-07
1.217285e-01  2.617761e-07
1.220329e-01  5.410801e-07
1.223372e-01  5.077703e-07
1.226415e-01  2.167603e-07
1.229458e-01  1.573765e-07
1.232502e-01  6.147175e-07
1.235545e-01  8.394153e-07
1.238588e-01  4.509872e-07
1.241631e-01  5.207862e-07
1.244674e-01  4.488452e-07
1.247718e-01  5.237582e-07
1.250761e-01  4.564880e-07
1.253804e-01  3.072473e-07
1.256847e-01  2.957075e-07
1.259890e-01  2.394137e-07
1.262934e-01  4.315858e-07
1.265977e-01  3.836088e-07
1.269020e-01  5.428562e-07
1.272063e-01  3.377148e-07
1.275107e-01  4.378587e-07
1.278150e-01  5.527609e-07
1.281193e-01  5.215852e-07
1.284236e-01  8.166946e-07
1.287279e-01  6.121490e-07
1.290323e-01  3.714876e-07
1.293366e-01  3.306364e-07
1.296409e-01  6.971847e-07
1.299452e-01  1.130196e-06
1.302495e-01  7.872789e-07
1.305539e-01  3.957122e-07
1.308582e-01  3.312426e-07
1.311625e-01  5.673133e-07
1.314668e-01  8.200094e-07
1.317712e-01  3.129559e-07
1.320755e-01  2.024913e-07
1.323798e-01  4.565849e-07
1.326841e-01  4.043505e-07
1.329884e-01  4.639202e-07
1.332928e-01  4.452335e-07
1.335971e-01  2.693705e-07
1.339014e-01  2.645579e-07
1.342057e-01  3.387040e-07
1.345100e-01  3.281230e-07
1.348144e-01  5.948318e-07
1.351187e-01  4.854762e-07
1.354230e-01  3.033236e-07
1.357273e-01  3.819439e-07
1.360316e-01  4.070144e-07
1.363360e-01  6.767308e-07
1.366403e-01  2.943857e-07
1.369446e-01  2.505093e-07
1.372489e-01  4.940051e-07
1.375533e-01  3.123431e-07
1.378576e-01  2.571664e-07
1.381619e-01  2.806788e-07
1.384662e-01  3.547293e-07
1.387705e-01  3.914950e-07
1.390749e-01  3.282843e-07
1.393792e-01  2.818919e-07
1.396835e-01  2.177675e-07
1.399878e-01  2.997935e-07
1.402921e-01  2.867556e-07
1.405965e-01  4.415515e-07
1.409008e-01  1.387520e-07
1.412051e-01  3.498396e-07
1.415094e-01  6.361853e-07
1.418138e-01  8.135773e-07
1.421181e-01  4.433744e-07
1.424224e-01  2.712272e-07
1.427267e-01  3.535263e-07
1.430310e-01  3.976895e-07
1.433354e-01  3.701918e-07
1.436397e-01  1.807341e-07
1.439440e-01  3.486864e-07
1.442483e-01  5.562715e-07
1.445526e-01  4.287001e-07
1.448570e-01  4.576167e-07
1.451613e-01  3.850042e-07
1.454656e-01  2.775835e-07
1.457699e-01  7.662929e-07
1.460743e-01  5.308651e-07
1.463786e-01  4.194241e-07
1.466829e-01  4.296462e-07
1.469872e-01  4.814353e-07
1.472915e-01  7.283233e-07
1.475959e-01  8.766912e-07
1.479002e-01  5.903928e-07
1.482045e-01  5.887373e-07
1.485088e-01  7.927623e-07
1.488131e-01  6.113171e-07
1.491175e-01  2.162069e-07
1.494218e-01  2.972249e-07
1.497261e-01  5.501137e-07
1.500304e-01  5.729950e-07
1.503348e-01  5.567355e-07
1.506391e-01  6.239022e-07
1.509434e-01  5.119341e-07
1.512477e-01  4.108196e-07
1.515520e-01  2.889079e-07
1.518564e-01  3.494976e-07
1.521607e-01  3.726728e-07
1.524650e-01  4.302141e-07
1.527693e-01  6.639203e-07
1.530736e-01  4.211047e-07
1.533780e-01  2.968752e-07
1.536823e-01  5.220945e-07
1.539866e-01  8.321407e-07
1.542909e-01  5.328045e-07
1.545953e-01  4.442128e-07
1.548996e-01  4.758757e-07
1.552039e-01  3.285324e-07
1.555082e-01  2.718307e-07
1.558125e-01  6.678530e-07
1.561169e-01  7.957120e-07
1.564212e-01  6.233354e-07
1.567255e-01  3.991758e-07
1.570298e-01  5.692196e-07
1.573341e-01  9.222488e-07
1.576385e-01  7.960311e-07
1.579428e-01  4.812871e-07
1.582471e-01  4.150436e-07
1.585514e-01  5.150091e-07
1.588558e-01  5.058263e-07
1.591601e-01  5.848772e-07
1.594644e-01  6.659026e-07
1.597687e-01  4.974744e-07
1.600730e-01  5.109650e-07
1.603774e-01  5.622468e-07
1.606817e-01  5.343839e-07
1.609860e-01  6.040877e-07
1.612903e-01  3.026788e-07
1.615946e-01  3.482953e-07
1.618990e-01  6.326869e-07
1.622033e-01  6.374776e-07
1.625076e-01  3.777753e-07
1.628119e-01  2.681423e-07
1.631163e-01  4.836588e-07
1.634206e-01  6.136964e-07
1.637249e-01  4.911884e-07
1.640292e-01  6.764345e-07
1.643335e-01  7.139196e-07
1.646379e-01  5.653304e-07
1.649422e-01  3.466589e-07
1.652465e-01  2.640588e-07
1.655508e-01  2.844894e-07
1.658551e-01  3.492500e-07
1.661595e-01  4.954441e-07
1.664638e-01  6.638833e-07
1.667681e-01  8.188212e-07
1.670724e-01  1.038555e-06
1.673767e-01  5.390696e-07
1.676811e-01  7.399228e-07
1.679854e-01  6.311584e-07
1.682897e-01  4.134869e-07
1.685940e-01  8.211296e-07
1.688984e-01  6.073709e-07
1.692027e-01  5.438472e-07
1.695070e-01  7.801750e-07
1.698113e-01  7.197099e-07
1.701156e-01  3.156513e-07
1.704200e-01  3.564175e-07
1.707243e-01  5.043389e-07
1.710286e-01  4.957054e-07
1.713329e-01  4.438833e-07
1.716372e-01  4.882521e-07
1.719416e-01  6.026027e-07
1.722459e-01  6.663968e-07
1.725502e-01  6.828327e-07
1.728545e-01  2.530572e-07
1.731589e-01  5.694919e-07
1.734632e-01  4.764282e-07
1.737675e-01  5.299425e-07
1.740718e-01  4.008739e-07
1.743761e-01  4.392205e-07
1.746805e-01  6.483037e-07
1.749848e-01  6.822415e-07
1.752891e-01  4.855597e-07
1.755934e-01  3.905688e-07
1.758977e-01  5.368029e-07
1.762021e-01  8.163205e-07
1.765064e-01  6.595743e-07
1.768107e-01  6.249134e-07
1.771150e-01  6.913974e-07
1.774194e-01  9.892381e-07
1.777237e-01  7.070938e-07
1.780280e-01  2.665553e-07
1.783323e-01  1.867553e-07
1.786366e-01  4.242976e-07
1.789410e-01  5.026930e-07
1.792453e-01  3.971299e-07
1.795496e-01  7.602126e-07
1.798539e-01  1.267398e-06
1.801582e-01  1.409540e-06
1.804626e-01  4.419238e-07
1.807669e-01  3.967819e-07
1.810712e-01  3.650064e-07
1.813755e-01  3.755672e-07
1.816799e-01  5.157732e-07
1.819842e-01  5.090490e-07
1.822885e-01  3.022742e-07
1.825928e-01  3.585850e-07
1.828971e-01  6.021871e-07
1.832015e-01  9.469384e-07
1.835058e-01  1.248526e-06
1.838101e-01  1.046821e-06
1.841144e-01  1.181598e-06
1.844187e-01  1.122064e-06
1.847231e-01  1.294478e-06
1.850274e-01  9.656879e-07
1.853317e-01  5.044320e-07
1.856360e-01  7.144646e-07
1.859404e-01  4.535194e-07
1.862447e-01  3.391453e-07
1.865490e-01  3.767732e-07
1.868533e-01  6.643964e-07
1.871576e-01  1.245441e-06
1.874620e-01  3.913835e-07
1.877663e-01  1.077831e-06
1.880706e-01  8.358121e-07
1.883749e-01  4.607679e-07
1.886792e-01  6.664551e-07
1.889836e-01  7.840955e-07
1.892879e-01  9.142576e-07
1.895922e-01  1.220911e-06
1.898965e-01  7.093942e-07
1.902009e-01  2.244272e-07
1.905052e-01  8.006197e-07
1.908095e-01  5.938939e-07
1.911138e-01  6.061448e-07
1.914181e-01  4.958744e-07
1.917225e-01  4.648142e-07
1.920268e-01  6.247260e-07
1.923311e-01  6.705776e-07
1.926354e-01  1.081541e-06
1.929397e-01  1.084829e-06
1.932441e-01  7.143421e-07
1.935484e-01  8.261839e-07
1.938527e-01  1.222204e-06
1.941570e-01  1.190982e-06
1.944614e-01  1.110547e-06
1.947657e-01  1.307781e-06
1.950700e-01  7.543210e-07
1.953743e-01  3.840718e-07
1.956786e-01  1.028876e-06
1.959830e-01  1.074411e-06
1.962873e-01  1.103253e-06
1.965916e-01  1.092482e-06
1.968959e-01  8.440468e-07
1.972002e-01  5.570049e-07
1.975046e-01  7.331305e-07
1.978089e-01  1.110938e-06
1.981132e-01  1.287685e-06
1.984175e-01  1.070333e-06
1.987219e-01  9.871508e-07
1.990262e-01  7.972198e-07
1.993305e-01  6.785197e-07
1.996348e-01  7.128825e-07
1.999391e-01  6.861238e-07
2.002435e-01  8.726680e-07
2.005478e-01  7.297184e-07
2.008521e-01  6.522034e-07
2.011564e-01  1.009781e-06
2.014607e-01  1.117008e-06
2.017651e-01  9.758153e-07
2.020694e-01  5.735448e-07
2.023737e-01  6.245228e-07
2.026780e-01  6.808055e-07
2.029823e-01  6.160293e-07
2.032867e-01  5.650920e-07
2.035910e-01  8.949069e-07
2.038953e-01  9.613421e-07
2.041996e-01  6.078078e-07
2.045040e-01  3.941135e-07
2.048083e-01  6.594328e-07
2.051126e-01  9.564244e-07
2.054169e-01  9.225055e-07
2.057212e-01  4.767779e-07
2.060256e-01  1.010753e-06
2.063299e-01  1.179615e-06
2.066342e-01  1.111164e-06
2.069385e-01  9.706194e-07
2.072428e-01  1.125054e-06
2.075472e-01  1.614184e-06
2.078515e-01  6.903713e-07
2.081558e-01  6.489738e-07
2.084601e-01  7.105336e-07
2.087645e-01  8.671640e-07
2.090688e-01  4.387764e-07
2.093731e-01  6.087843e-07
2.096774e-01  9.109311e-07
2.099817e-01  1.179562e-06
2.102861e-01  5.469768e-07
2.105904e-01  6.219931e-07
2.108947e-01  4.386550e-07
2.111990e-01  1.081966e-06
2.115033e-01  8.327871e-07
2.118077e-01  6.337768e-07
2.121120e-01  5.094718e-07
2.124163e-01  9.534913e-07
2.127206e-01  1.365186e-06
2.130250e-01  7.660906e-07
2.133293e-01  5.764683e-07
2.136336e-01  1.302086e-06
2.139379e-01  9.948591e-07
2.142422e-01  8.562871e-07
2.145466e-01  1.012360e-06
2.148509e-01  6.717458e-07
2.151552e-01  1.305818e-06
2.154595e-01  9.133252e-07
2.157638e-01  3.694892e-07
2.160682e-01  7.766715e-07
2.163725e-01  1.172275e-06
2.166768e-01  7.492591e-07
2.169811e-01  7.686537e-07
2.172855e-01  7.625346e-07
2.175898e-01  3.989896e-07
2.178941e-01  7.761353e-07
2.181984e-01  1.264781e-06
2.185027e-01  1.325432e-06
2.188071e-01  1.273316e-06
2.191114e-01  7.350344e-07
2.194157e-01  8.467296e-07
2.197200e-01  6.666704e-07
2.200243e-01  4.206338e-07
2.203287e-01  1.157570e-06
2.206330e-01  1.164531e-06
2.209373e-01  1.126507e-06
2.212416e-01  1.386963e-06
2.215460e-01  8.091272e-07
2.218503e-01  7.601015e-07
2.221546e-01  9.395231e-07
2.224589e-01  7.526085e-07
2.227632e-01  1.090133e-06
2.230676e-01  1.053408e-06
2.233719e-01  1.009104e-06
2.236762e-01  5.719129e-07
2.239805e-01  7.346482e-07
2.242848e-01  8.757080e-07
2.245892e-01  4.678273e-07
2.248935e-01  3.003571e-07
2.251978e-01  5.993576e-07
2.255021e-01  4.485777e-07
2.258065e-01  8.125218e-07
2.261108e-01  1.088896e-06
2.264151e-01  8.583814e-07
2.267194e-01  1.386734e-06
2.270237e-01  1.894392e-06
2.273281e-01  1.300484e-06
2.276324e-01  8.913583e-07
2.279367e-01  1.194064e-06
2.282410e-01  1.199924e-06
2.285453e-01  8.595069e-07
2.288497e-01  4.328446e-07
2.291540e-01  4.024987e-07
2.294583e-01  1.134870e-06
2.297626e-01  5.726209e-07
2.300670e-01  5.280517e-07
2.303713e-01  1.001446e-06
2.306756e-01  1.019310e-06
2.309799e-01  7.961498e-07
2.312842e-01  5.535380e-07
2.315886e-01  1.131224e-06
2.318929e-01  1.354084e-06
2.321972e-01  5.158822e-07
2.325015e-01  8.251160e-07
2.328058e-01  1.170292e-06
2.331102e-01  1.024625e-06
2.334145e-01  1.203548e-06
2.337188e-01  8.866156e-07
2.340231e-01  1.186874e-06
2.343274e-01  1.266035e-06
2.346318e-01  6.784712e-07
2.349361e-01  8.855112e-07
2.352404e-01  1.834349e-06
2.355447e-01  1.558982e-06
2.358491e-01  6.345055e-07
2.361534e-01  8.382023e-07
2.364577e-01  1.154571e-06
2.367620e-01  4.990038e-07
2.370663e-01  1.300348e-06
2.373707e-01  1.225885e-06
2.376750e-01  3.697555e-07
2.379793e-01  4.646815e-07
2.382836e-01  8.026733e-07
2.385879e-01  1.768854e-06
2.388923e-01  1.895817e-06
2.391966e-01  1.377141e-06
2.395009e-01  1.527135e-06
2.398052e-01  1.799778e-06
2.401096e-01  1.420330e-06
2.404139e-01  9.933475e-07
2.407182e-01  4.889869e-07
2.410225e-01  1.067935e-06
2.413268e-01  1.502088e-06
2.416312e-01  1.916838e-06
2.419355e-01  1.101026e-06
2.422398e-01  7.131713e-07
2.425441e-01  6.404368e-07
2.428484e-01  1.000118e-06
2.431528e-01  1.271377e-06
2.434571e-01  1.410593e-06
2.437614e-01  1.413324e-06
2.440657e-01  7.466136e-07
2.443701e-01  6.005028e-07
2.446744e-01  1.206545e-06
2.449787e-01  1.218845e-06
2.452830e-01  1.295788e-06
2.455873e-01  1.395318e-06
2.458917e-01  1.362594e-06
2.461960e-01  7.127310e-07
2.465003e-01  6.852104e-07
2.468046e-01  5.220507e-07
2.471089e-01  5.504806e-07
2.474133e-01  6.868880e-07
2.477176e-01  1.069312e-06
2.480219e-01  1.075326e-06
2.483262e-01  2.622427e-07
2.486306e-01  9.111226e-07
2.489349e-01  8.032852e-07
2.492392e-01  4.378875e-07
2.495435e-01  5.622699e-07
2.498478e-01  6.984315e-07
2.501522e-01  7.197373e-07
2.504565e-01  6.425978e-07
2.507608e-01  5.204656e-07
2.510651e-01  7.955230e-07
2.513694e-01  8.172511e-07
2.516738e-01  7.067748e-07
2.519781e-01  8.026102e-07
2.522824e-01  8.738420e-07
2.525867e-01  5.900520e-07
2.528911e-01  5.792370e-07
2.531954e-01  1.496584e-06
2.534997e-01  1.516878e-06
2.538040e-01  1.952668e-06
2.541083e-01  1.967321e-06
2.544127e-01  1.013187e-06
2.547170e-01  1.226530e-06
2.550213e-01  8.651855e-07
2.553256e-01  7.743578e-07
2.556299e-01  8.997529e-07
2.559343e-01  1.068757e-06
2.562386e-01  1.581638e-06
2.565429e-01  1.991001e-06
2.568472e-01  9.944930e-07
2.571516e-01  5.749784e-07
2.574559e-01  1.010566e-06
2.577602e-01  4.998393e-07
2.580645e-01  1.322255e-06
2.583688e-01  2.021431e-06
2.586732e-01  1.113548e-06
2.589775e-01  7.982561e-07
2.592818e-01  7.047655e-07
2.595861e-01  7.190395e-07
2.598904e-01  1.425661e-06
2.601948e-01  1.374563e-06
2.604991e-01  9.590025e-07
2.608034e-01  7.818167e-07
2.611077e-01  1.436330e-06
2.614121e-01  2.292824e-06
2.617164e-01  1.399182e-06
2.620207e-01  1.844969e-06
2.623250e-01  1.261249e-06
2.626293e-01  1.250579e-06
2.629337e-01  1.241301e-06
2.632380e-01  1.117346e-06
2.635423e-01  7.436717e-07
2.638466e-01  1.990211e-06
2.641509e-01  1.348658e-06
2.644553e-01  8.637399e-07
2.647596e-01  1.149399e-06
2.650639e-01  1.298505e-06
2.653682e-01  9.010570e-07
2.656726e-01  1.481220e-06
2.659769e-01  1.401614e-06
2.662812e-01  1.102848e-06
2.665855e-01  3.971612e-07
2.668898e-01  1.138803e-06
2.671942e-01  1.969360e-06
2.674985e-01  1.737800e-06
2.678028e-01  2.088583e-06
2.681071e-01  1.289152e-06
2.684114e-01  1.237840e-06
2.687158e-01  1.668251e-06
2.690201e-01  2.483461e-06
2.693244e-01  1.866819e-06
2.696287e-01  2.146659e-06
2.699330e-01  1.007004e-06
2.702374e-01  1.454298e-06
2.705417e-01  1.440775e-06
2.708460e-01  1.861261e-06
2.711503e-01  2.159434e-06
2.714547e-01  1.498467e-06
2.717590e-01  2.278707e-06
2.720633e-01  1.725135e-06
2.723676e-01  8.383655e-07
2.726719e-01  1.130972e-06
2.729763e-01  1.074603e-06
2.732806e-01  1.218304e-06
2.735849e-01  2.064734e-06
2.738892e-01  2.125410e-06
2.741935e-01  1.586306e-06
2.744979e-01  9.985128e-07
2.748022e-01  4.543853e-07
2.751065e-01  1.303284e-06
2.754108e-01  3.073436e-06
2.757152e-01  2.826025e-06
2.760195e-01  1.622751e-06
2.763238e-01  1.500397e-06
2.766281e-01  1.357375e-06
2.769324e-01  1.140628e-06
2.772368e-01  1.337098e-06
2.775411e-01  9.756772e-07
2.778454e-01  9.557659e-07
2.781497e-01  1.365762e-06
2.784540e-01  1.662302e-06
2.787584e-01  9.882409e-07
2.790627e-01  4.537865e-07
2.793670e-01  3.496464e-07
2.796713e-01  6.746549e-07
2.799757e-01  8.874144e-07
2.802800e-01  1.550238e-06
2.805843e-01  1.556076e-06
2.808886e-01  1.129472e-06
2.811929e-01  1.855046e-06
2.814973e-01  2.207586e-06
2.818016e-01  1.185007e-06
2.821059e-01  1.050046e-06
2.824102e-01  1.906033e-06
2.827145e-01  1.343511e-06
2.830189e-01  1.143450e-06
2.833232e-01  1.212276e-06
2.836275e-01  8.602878e-07
2.839318e-01  1.043174e-06
2.842362e-01  1.124449e-06
2.845405e-01  1.410039e-06
2.848448e-01  1.802065e-06
2.851491e-01  1.449367e-06
2.854534e-01  1.195624e-06
2.857578e-01  1.207318e-06
2.860621e-01  1.492946e-06
2.863664e-01  1.902529e-06
2.866707e-01  1.674817e-06
2.869750e-01  5.881392e-07
2.872794e-01  6.725464e-07
2.875837e-01  8.856074e-07
2.878880e-01  9.949610e-07
2.881923e-01  1.011434e-06
2.884967e-01  1.058161e-06
2.888010e-01  1.647107e-06
2.891053e-01  1.433266e-06
2.894096e-01  1.172506e-06
2.897139e-01  1.669010e-06
2.900183e-01  4.143684e-07
2.903226e-01  8.873289e-07
2.906269e-01  1.497532e-06
2.909312e-01  1.434299e-06
2.912355e-01  1.481841e-06
2.915399e-01  1.175076e-06
2.918442e-01  1.060387e-06
2.921485e-01  1.310879e-06
2.924528e-01  8.265026e-07
2.927572e-01  1.716264e-06
2.930615e-01  2.361749e-06
2.933658e-01  1.988514e-06
2.936701e-01  1.790040e-06
2.939744e-01  1.827165e-06
2.942788e-01  1.202248e-06
2.945831e-01  8.764723e-07
2.948874e-01  1.139949e-06
2.951917e-01  1.375088e-06
2.954960e-01  1.884356e-06
2.958004e-01  1.831648e-06
2.961047e-01  1.378285e-06
2.964090e-01  1.198429e-06
2.967133e-01  1.805467e-06
2.970177e-01  1.322402e-06
2.973220e-01  1.706731e-06
2.976263e-01  1.493321e-06
2.979306e-01  2.852535e-06
2.982349e-01  1.423274e-06
2.985393e-01  1.078586e-06
2.988436e-01  7.777004e-07
2.991479e-01  1.324278e-06
2.994522e-01  8.054918e-07
2.997565e-01  5.910801e-07
3.000609e-01  6.499241e-07
3.003652e-01  1.081552e-06
3.006695e-01  1.108476e-06
3.009738e-01  1.529651e-06
3.012781e-01  1.531402e-06
3.015825e-01  1.074661e-06
3.018868e-01  1.195545e-06
3.021911e-01  1.415637e-06
3.024954e-01  1.351613e-06
3.027998e-01  1.418907e-06
3.031041e-01  1.526895e-06
3.034084e-01  1.972786e-06
3.037127e-01  2.111946e-06
3.040170e-01  1.994452e-06
3.043214e-01  1.504480e-06
3.046257e-01  1.784613e-06
3.049300e-01  1.915381e-06
3.052343e-01  2.306506e-06
3.055386e-01  1.429348e-06
3.058430e-01  1.018453e-06
3.061473e-01  7.995780e-07
3.064516e-01  1.939047e-06
3.067559e-01  2.769893e-06
3.070603e-01  2.707690e-06
3.073646e-01  3.102875e-06
3.076689e-01  1.567567e-06
3.079732e-01  1.614435e-06
3.082775e-01  1.251205e-06
3.085819e-01  1.311520e-06
3.088862e-01  6.723590e-07
3.091905e-01  5.583984e-07
3.094948e-01  1.759901e-06
3.097991e-01  2.153909e-06
3.101035e-01  2.322502e-06
3.104078e-01  3.109591e-06
3.107121e-01  2.241609e-06
3.110164e-01  9.514885e-07
3.113208e-01  9.668844e-07
3.116251e-01  1.035946e-06
3.119294e-01  1.099228e-06
3.122337e-01  7.956159e-07
3.125380e-01  1.793503e-06
3.128424e-01  2.702320e-06
3.131467e-01  3.655244e-06
3.134510e-01  4.078191e-06
3.137553e-01  1.930743e-06
3.140596e-01  2.004105e-06
3.143640e-01  1.867384e-06
3.146683e-01  1.449760e-06
3.149726e-01  1.269353e-06
3.152769e-01  1.424365e-06
3.155813e-01  2.556614e-06
3.158856e-01  2.375215e-06
3.161899e-01  1.135468e-06
3.164942e-01  1.806959e-06
3.167985e-01  7.250108e-07
3.171029e-01  1.071555e-06
3.174072e-01  1.473256e-06
3.177115e-01  7.374796e-07
3.180158e-01  1.108962e-06
3.183201e-01  1.625496e-06
3.186245e-01  2.199456e-06
3.189288e-01  1.490265e-06
3.192331e-01  1.853598e-06
3.195374e-01  3.242167e-06
3.198418e-01  3.705354e-06
3.201461e-01  2.053633e-06
3.204504e-01  1.633696e-06
3.207547e-01  1.993029e-06
3.210590e-01  1.570960e-06
3.213634e-01  1.039102e-06
3.216677e-01  1.715242e-06
3.219720e-01  1.452683e-06
3.222763e-01  8.777240e-07
3.225806e-01  1.974838e-06
3.228850e-01  1.846171e-06
3.231893e-01  1.273290e-06
3.234936e-01  1.140521e-06
3.237979e-01  1.316836e-06
3.241023e-01  1.518130e-06
3.244066e-01  1.512099e-06
3.247109e-01  1.495609e-06
3.250152e-01  2.211232e-06
3.253195e-01  1.659789e-06
3.256239e-01  1.751676e-06
3.259282e-01  2.006375e-06
3.262325e-01  1.680517e-06
3.265368e-01  1.905347e-06
3.268411e-01  7.846334e-07
3.271455e-01  1.533233e-06
3.274498e-01  1.510332e-06
3.277541e-01  1.714636e-06
3.280584e-01  2.700980e-06
3.283628e-01  1.606515e-06
3.286671e-01  1.778853e-06
3.289714e-01  3.016070e-06
3.292757e-01  2.859786e-06
3.295800e-01  2.131446e-06
3.298844e-01  1.550315e-06
3.301887e-01  2.702009e-06
3.304930e-01  2.299388e-06
3.307973e-01  1.093949e-06
3.311016e-01  9.144449e-07
3.314060e-01  4.863783e-07
3.317103e-01  1.272262e-06
3.320146e-01  1.107111e-06
3.323189e-01  1.127446e-06
3.326233e-01  1.294401e-06
3.329276e-01  1.312299e-06
3.332319e-01  1.851024e-06
3.335362e-01  2.134262e-06
3.338405e-01  1.246472e-06
3.341449e-01  1.823547e-06
3.344492e-01  1.418645e-06
3.347535e-01  1.167094e-06
3.350578e-01  1.279961e-06
3.353621e-01  1.193468e-06
3.356665e-01  1.499533e-06
3.359708e-01  2.111192e-06
3.362751e-01  1.635405e-06
3.365794e-01  1.916579e-06
3.368837e-01  1.963527e-06
3.371881e-01  1.051578e-06
3.374924e-01  9.377997e-07
3.377967e-01  1.678382e-06
3.381010e-01  2.111649e-06
3.384054e-01  1.839499e-06
3.387097e-01  2.239492e-06
3.390140e-01  1.620345e-06
3.393183e-01  1.683585e-06
3.396226e-01  2.260048e-06
3.399270e-01  2.230281e-06
3.402313e-01  1.620967e-06
3.405356e-01  2.050000e-06
3.408399e-01  1.891414e-06
3.411442e-01  1.887202e-06
3.414486e-01  1.239725e-06
3.417529e-01  6.644522e-07
3.420572e-01  2.163138e-06
3.423615e-01  3.561772e-06
3.426659e-01  2.971349e-06
3.429702e-01  1.335012e-06
3.432745e-01  8.548806e-07
3.435788e-01  1.250592e-06
3.438831e-01  2.206176e-06
3.441875e-01  1.931028e-06
3.444918e-01  1.852695e-06
3.447961e-01  1.587634e-06
3.451004e-01  2.589695e-06
3.454047e-01  2.352691e-06
3.457091e-01  8.183069e-07
3.460134e-01  1.254490e-06
3.463177e-01  1.254499e-06
3.466220e-01  1.778534e-06
3.469264e-01  2.889264e-06
3.472307e-01  2.499829e-06
3.475350e-01  2.648420e-06
3.478393e-01  3.172991e-06
3.481436e-01  2.183503e-06
3.484480e-01  2.174689e-06
3.487523e-01  3.227058e-06
3.490566e-01  1.378020e-06
3.493609e-01  1.229604e-06
3.496652e-01  2.040705e-06
3.499696e-01  1.737319e-06
3.502739e-01  1.378382e-06
3.505782e-01  1.987969e-06
3.508825e-01  2.934000e-06
3.511869e-01  2.479988e-06
3.514912e-01  2.908091e-06
3.517955e-01  1.514114e-06
3.520998e-01  1.442362e-06
3.524041e-01  1.599182e-06
3.527085e-01  2.105164e-06
3.530128e-01  2.354578e-06
3.533171e-01  3.054609e-06
3.536214e-01  3.782250e-06
3.539257e-01  2.763354e-06
3.542301e-01  1.914276e-06
3.545344e-01  2.496833e-06
3.548387e-01  1.650367e-06
3.551430e-01  1.484128e-06
3.554474e-01  1.690585e-06
3.557517e-01  3.567082e-06
3.560560e-01  4.046396e-06
3.563603e-01  3.061666e-06
3.566646e-01  1.845908e-06
3.569690e-01  2.415875e-06
3.572733e-01  1.177820e-06
3.575776e-01  1.208532e-06
3.578819e-01  1.865165e-06
3.581862e-01  1.410213e-06
3.584906e-01  3.646590e-06
3.587949e-01  2.260289e-06
3.590992e-01  1.876749e-06
3.594035e-01  2.711332e-06
3.597079e-01  2.808100e-06
3.600122e-01  1.225466e-06
3.603165e-01  9.710622e-07
3.606208e-01  2.173140e-06
3.609251e-01  2.424647e-06
3.612295e-01  1.701617e-06
3.615338e-01  1.012837e-06
3.618381e-01  8.936699e-07
3.621424e-01  6.632383e-07
3.624467e-01  1.510749e-06
3.627511e-01  1.653514e-06
3.630554e-01  2.530524e-06
3.633597e-01  1.095894e-06
3.636640e-01  1.465085e-06
3.639684e-01  1.970752e-06
3.642727e-01  9.367559e-07
3.645770e-01  9.022204e-07
3.648813e-01  2.259330e-06
3.651856e-01  2.018504e-06
3.654900e-01  2.520006e-06
3.657943e-01  1.547343e-06
3.660986e-01  2.662108e-06
3.664029e-01  2.913689e-06
3.667072e-01  2.787644e-06
3.670116e-01  2.585674e-06
3.673159e-01  2.072747e-06
3.676202e-01  1.379819e-06
3.679245e-01  2.061584e-06
3.682288e-01  2.646766e-06
3.685332e-01  3.391827e-06
3.688375e-01  2.415285e-06
3.691418e-01  1.557984e-06
3.694461e-01  1.625626e-06
3.697505e-01  1.625159e-06
3.700548e-01  1.415977e-06
3.703591e-01  2.549880e-06
3.706634e-01  3.676685e-06
3.709677e-01  4.168414e-06
3.712721e-01  2.747940e-06
3.715764e-01  2.497120e-06
3.718807e-01  2.335883e-06
3.721850e-01  1.537011e-06
3.724893e-01  9.856080e-07
3.727937e-01  8.484981e-07
3.730980e-01  1.526944e-06
3.734023e-01  3.800351e-06
3.737066e-01  2.703115e-06
3.740110e-01  1.927454e-06
3.743153e-01  9.280177e-07
3.746196e-01  1.529559e-06
3.749239e-01  2.176382e-06
3.752282e-01  3.822710e-06
3.755326e-01  1.857640e-06
3.758369e-01  1.528443e-06
3.761412e-01  9.090256e-07
3.764455e-01  1.712355e-06
3.767498e-01  2.863675e-06
3.770542e-01  2.380147e-06
3.773585e-01  3.832707e-06
3.776628e-01  2.270213e-06
3.779671e-01  9.216966e-07
3.782715e-01  2.174012e-06
3.785758e-01  3.171441e-06
3.788801e-01  1.427517e-06
3.791844e-01  1.960224e-06
3.794887e-01  2.310713e-06
3.797931e-01  4.821702e-06
3.800974e-01  3.291687e-06
3.804017e-01  2.031026e-06
3.807060e-01  2.146532e-06
3.810103e-01  3.054856e-06
3.813147e-01  2.462097e-06
3.816190e-01  1.693054e-06
3.819233e-01  3.594728e-06
3.822276e-01  5.440394e-06
3.825320e-01  4.704697e-06
3.828363e-01  1.833340e-06
3.831406e-01  1.699065e-06
3.834449e-01  2.035112e-06
3.837492e-01  1.877148e-06
3.840536e-01  3.174185e-06
3.843579e-01  1.908069e-06
3.846622e-01  2.351963e-06
3.849665e-01  3.140203e-06
3.852708e-01  3.318678e-06
3.855752e-01  3.163408e-06
3.858795e-01  1.712604e-06
3.861838e-01  2.607926e-06
3.864881e-01  3.877744e-06
3.867925e-01  2.860210e-06
3.870968e-01  2.281241e-06
3.874011e-01  3.742180e-06
3.877054e-01  1.770006e-06
3.880097e-01  1.647510e-06
3.883141e-01  2.317024e-06
3.886184e-01  2.593702e-06
3.889227e-01  2.608948e-06
3.892270e-01  1.736313e-06
3.895313e-01  1.867874e-06
3.898357e-01  3.564565e-06
3.901400e-01  2.139655e-06
3.904443e-01  1.807205e-06
3.907486e-01  1.889593e-06
3.910530e-01  2.871481e-06
3.913573e-01  3.149045e-06
3.916616e-01  3.876484e-06
3.919659e-01  2.464895e-06
3.922702e-01  2.382318e-06
3.925746e-01  1.690118e-06
3.928789e-01  3.098957e-06
3.931832e-01  4.436517e-06
3.934875e-01  3.355560e-06
3.937918e-01  2.232539e-06
3.940962e-01  1.708956e-06
3.944005e-01  1.566535e-06
3.947048e-01  1.778207e-06
3.950091e-01  1.654416e-06
3.953135e-01  2.173414e-06
3.956178e-01  1.392769e-06
3.959221e-01  2.757914e-06
3.962264e-01  2.923781e-06
3.965307e-01  1.843627e-06
3.968351e-01  2.455569e-06
3.971394e-01  3.226933e-06
3.974437e-01  2.361231e-06
3.977480e-01  2.833407e-06
3.980523e-01  2.557251e-06
3.983567e-01  1.869127e-06
3.986610e-01  2.544444e-06
3.989653e-01  1.163367e-06
3.992696e-01  1.551536e-06
3.995740e-01  3.684976e-06
3.998783e-01  4.135463e-06
4.001826e-01  2.087961e-06
4.004869e-01  1.255375e-06
4.007912e-01  2.320045e-06
4.010956e-01  2.972886e-06
4.013999e-01  2.631562e-06
4.017042e-01  3.774426e-06
4.020085e-01  2.454877e-06
4.023128e-01  2.170221e-06
4.026172e-01  2.452930e-06
4.029215e-01  9.951208e-07
4.032258e-01  1.299509e-06
4.035301e-01  2.208475e-06
4.038344e-01  3.249272e-06
4.041388e-01  2.633201e-06
4.044431e-01  1.134040e-06
4.047474e-01  2.149725e-06
4.050517e-01  3.386546e-06
4.053561e-01  3.666807e-06
4.056604e-01  2.898538e-06
4.059647e-01  2.362836e-06
4.062690e-01  2.583137e-06
4.065733e-01  1.432189e-06
4.068777e-01  1.418078e-06
4.071820e-01  2.877612e-06
4.074863e-01  4.221059e-06
4.077906e-01  3.308913e-06
4.080949e-01  2.206354e-06
4.083993e-01  2.795416e-06
4.087036e-01  2.629051e-06
4.090079e-01  2.671682e-06
4.093122e-01  2.666570e-06
4.096166e-01  1.859063e-06
4.099209e-01  2.620216e-06
4.102252e-01  1.481382e-06
4.105295e-01  2.579709e-06
4.108338e-01  2.039981e-06
4.111382e-01  7.821266e-07
4.114425e-01  1.433953e-06
4.117468e-01  3.215039e-06
4.120511e-01  3.843676e-06
4.123554e-01  3.581401e-06
4.126598e-01  2.772363e-06
4.129641e-01  1.158451e-06
4.132684e-01  2.227446e-06
4.135727e-01  4.018736e-06
4.138771e-01  3.005537e-06
4.141814e-01  1.407696e-06
4.144857e-01  2.647479e-06
4.147900e-01  4.754594e-06
4.150943e-01  3.551920e-06
4.153987e-01  1.354443e-06
4.157030e-01  1.729588e-06
4.160073e-01  2.938675e-06
4.163116e-01  3.313291e-06
4.166159e-01  3.019900e-06
4.169203e-01  3.775655e-06
4.172246e-01  4.458512e-06
4.175289e-01  4.154456e-06
4.178332e-01  1.662920e-06
4.181376e-01  1.737573e-06
4.184419e-01  1.668347e-06
4.187462e-01  2.793089e-06
4.190505e-01  4.719794e-06
4.193548e-01  3.624032e-06
4.196592e-01  2.535754e-06
4.199635e-01  2.403701e-06
4.202678e-01  3.711688e-06
4.205721e-01  4.032891e-06
4.208764e-01  2.951868e-06
4.211808e-01  2.668907e-06
4.214851e-01  2.135664e-06
4.217894e-01  1.420613e-06
4.220937e-01  2.591281e-06
4.223981e-01  3.744257e-06
4.227024e-01  5.305604e-06
4.230067e-01  5.184950e-06
4.233110e-01  4.142178e-06
4.236153e-01  3.465052e-06
4.239197e-01  2.898179e-06
4.242240e-01  3.735391e-06
4.245283e-01  2.756817e-06
4.248326e-01  2.611364e-06
4.251369e-01  2.963038e-06
4.254413e-01  2.658111e-06
4.257456e-01  2.571636e-06
4.260499e-01  1.679939e-06
4.263542e-01  2.811314e-06
4.266586e-01  2.880272e-06
4.269629e-01  2.078676e-06
4.272672e-01  1.039317e-06
4.275715e-01  3.773593e-06
4.278758e-01  3.526766e-06
4.281802e-01  2.181940e-06
4.284845e-01  1.765910e-06
4.287888e-01  2.654204e-06
4.290931e-01  4.714469e-06
4.293974e-01  3.195335e-06
4.297018e-01  2.100054e-06
4.300061e-01  4.407203e-06
4.303104e-01  4.495802e-06
4.306147e-01  4.089173e-06
4.309191e-01  4.529390e-06
4.312234e-01  3.918830e-06
4.315277e-01  2.408255e-06
4.318320e-01  2.303876e-06
4.321363e-01  3.370188e-06
4.324407e-01  4.280937e-06
4.327450e-01  5.690101e-06
4.330493e-01  5.365114e-06
4.333536e-01  2.271892e-06
4.336579e-01  2.958656e-06
4.339623e-01  2.917674e-06
4.342666e-01  1.749734e-06
4.345709e-01  1.878902e-06
4.348752e-01  2.217687e-06
4.351795e-01  3.235359e-06
4.354839e-01  2.820651e-06
4.357882e-01  1.921981e-06
4.360925e-01  2.806838e-06
4.363968e-01  3.110000e-06
4.367012e-01  2.528402e-06
4.370055e-01  1.667576e-06
4.373098e-01  1.511538e-06
4.376141e-01  1.961132e-06
4.379184e-01  2.607061e-06
4.382228e-01  2.344268e-06
4.385271e-01  2.429181e-06
4.388314e-01  1.462807e-06
4.391357e-01  3.889591e-06
4.394400e-01  2.994086e-06
4.397444e-01  1.384896e-06
4.400487e-01  3.038759e-06
4.403530e-01  3.627919e-06
4.406573e-01  5.084378e-06
4.409617e-01  2.724005e-06
4.412660e-01  1.428001e-06
4.415703e-01  1.863074e-06
4.418746e-01  3.462880e-06
4.421789e-01  2.878127e-06
4.424833e-01  3.018752e-06
4.427876e-01  3.317267e-06
4.430919e-01  3.674625e-06
4.433962e-01  1.623549e-06
4.437005e-01  2.447395e-06
4.440049e-01  2.840758e-06
4.443092e-01  2.929680e-06
4.446135e-01  1.717911e-06
4.449178e-01  2.759830e-06
4.452222e-01  4.879365e-06
4.455265e-01  4.284485e-06
4.458308e-01  5.618616e-06
4.461351e-01  5.173485e-06
4.464394e-01  4.148994e-06
4.467438e-01  2.642272e-06
4.470481e-01  3.227512e-06
4.473524e-01  5.167932e-06
4.476567e-01  2.841327e-06
4.479610e-01  1.500094e-06
4.482654e-01  1.805470e-06
4.485697e-01  2.200851e-06
4.488740e-01  2.184688e-06
4.491783e-01  5.220839e-06
4.494827e-01  5.924321e-06
4.497870e-01  4.597555e-06
4.500913e-01  3.678995e-06
4.503956e-01  2.982991e-06
4.506999e-01  2.433198e-06
4.510043e-01  3.580258e-06
4.513086e-01  4.798064e-06
4.516129e-01  4.320229e-06
4.519172e-01  3.533962e-06
4.522215e-01  4.791141e-06
4.525259e-01  3.416851e-06
4.528302e-01  2.638207e-06
4.531345e-01  2.932457e-06
4.534388e-01  3.022370e-06
4.537432e-01  4.351268e-06
4.540475e-01  3.520713e-06
4.543518e-01  3.739560e-06
4.546561e-01  2.661456e-06
4.549604e-01  2.800630e-06
4.552648e-01  2.053569e-06
4.555691e-01  1.962196e-06
4.558734e-01  1.981046e-06
4.561777e-01  1.166847e-06
4.564820e-01  3.094247e-06
4.567864e-01  4.367713e-06
4.570907e-01  2.826180e-06
4.573950e-01  2.852312e-06
4.576993e-01  3.210185e-06
4.580037e-01  3.616653e-06
4.583080e-01  4.137314e-06
4.586123e-01  3.027363e-06
4.589166e-01  2.314027e-06
4.592209e-01  3.287770e-06
4.595253e-01  3.624287e-06
4.598296e-01  3.206992e-06
4.601339e-01  3.950059e-06
4.604382e-01  4.480540e-06
4.607425e-01  2.491801e-06
4.610469e-01  1.519750e-06
4.613512e-01  3.615117e-06
4.616555e-01  4.381194e-06
4.619598e-01  3.754966e-06
4.622642e-01  2.588694e-06
4.625685e-01  4.383335e-06
4.628728e-01  5.611981e-06
4.631771e-01  4.311585e-06
4.634814e-01  2.494246e-06
4.637858e-01  1.725984e-06
4.640901e-01  1.642307e-06
4.643944e-01  2.588721e-06
4.646987e-01  1.953042e-06
4.650030e-01  2.669956e-06
4.653074e-01  3.987150e-06
4.656117e-01  3.811506e-06
4.659160e-01  2.995003e-06
4.662203e-01  2.442760e-06
4.665247e-01  3.795800e-06
4.668290e-01  3.309494e-06
4.671333e-01  4.036859e-06
4.674376e-01  2.643632e-06
4.677419e-01  2.234187e-06
4.680463e-01  2.325915e-06
4.683506e-01  3.554028e-06
4.686549e-01  5.431159e-06
4.689592e-01  4.848663e-06
4.692635e-01  2.999505e-06
4.695679e-01  1.699154e-06
4.698722e-01  3.657821e-06
4.701765e-01  4.134108e-06
4.704808e-01  3.903114e-06
4.707851e-01  3.993607e-06
4.710895e-01  2.342013e-06
4.713938e-01  2.586556e-06
4.716981e-01  2.440953e-06
4.720024e-01  2.763618e-06
4.723068e-01  3.339213e-06
4.726111e-01  1.905077e-06
4.729154e-01  1.679423e-06
4.732197e-01  2.829529e-06
4.735240e-01  4.465325e-06
4.738284e-01  5.662347e-06
4.741327e-01  1.390244e-06
4.744370e-01  3.066534e-06
4.747413e-01  3.546328e-06
4.750456e-01  2.919159e-06
4.753500e-01  3.882663e-06
4.756543e-01  4.661652e-06
4.759586e-01  4.155446e-06
4.762629e-01  4.431199e-06
4.765673e-01  4.213576e-06
4.768716e-01  3.083273e-06
4.771759e-01  3.878752e-06
4.774802e-01  2.011042e-06
4.777845e-01  2.908880e-06
4.780889e-01  3.432278e-06
4.783932e-01  3.785193e-06
4.786975e-01  3.483187e-06
4.790018e-01  3.498080e-06
4.793061e-01  2.890335e-06
4.796105e-01  3.958046e-06
4.799148e-01  5.200543e-06
4.802191e-01  4.145523e-06
4.805234e-01  4.765489e-06
4.808278e-01  5.743618e-06
4.811321e-01  3.323658e-06
4.814364e-01  1.596749e-06
4.817407e-01  1.722414e-06
4.820450e-01  2.768570e-06
4.823494e-01  2.598660e-06
4.826537e-01  1.692090e-06
4.829580e-01  3.261901e-06
4.832623e-01  4.036289e-06
4.835666e-01  2.799894e-06
4.838710e-01  3.642670e-06
4.841753e-01  4.867841e-06
4.844796e-01  2.574423e-06
4.847839e-01  3.809457e-06
4.850883e-01  4.834573e-06
4.853926e-01  3.880566e-06
4.856969e-01  4.559543e-06
4.860012e-01  3.949118e-06
4.863055e-01  2.315212e-06
4.866099e-01  5.627833e-06
4.869142e-01  6.836306e-06
4.872185e-01  3.787825e-06
4.875228e-01  3.566640e-06
4.878271e-01  4.432860e-06
4.881315e-01  3.124643e-06
4.884358e-01  3.093244e-06
4.887401e-01  2.969884e-06
4.890444e-01  2.010198e-06
4.893488e-01  4.798976e-06
4.896531e-01  3.500819e-06
4.899574e-01  2.656794e-06
4.902617e-01  2.350190e-06
4.905660e-01  3.339656e-06
4.908704e-01  3.704543e-06
4.911747e-01  2.905740e-06
4.914790e-01  2.545665e-06
4.917833e-01  3.640876e-06
4.920876e-01  3.387040e-06
4.923920e-01  1.426722e-06
4.926963e-01  3.047719e-06
4.930006e-01  2.316749e-06
4.933049e-01  2.203244e-06
4.936093e-01  2.196499e-06
4.939136e-01  1.545203e-06
4.942179e-01  2.477537e-06
4.945222e-01  3.524366e-06
4.948265e-01  2.041673e-06
4.951309e-01  1.336667e-06
4.954352e-01  2.574643e-06
4.957395e-01  5.086763e-06
4.960438e-01  3.034812e-06
4.963481e-01  3.673167e-06
4.966525e-01  2.216228e-06
4.969568e-01  1.305255e-06
4.972611e-01  3.072212e-06
4.975654e-01  2.922239e-06
4.978698e-01  2.107912e-06
4.981741e-01  4.308960e-06
4.984784e-01  8.444546e-06
4.987827e-01  5.809451e-06
4.990870e-01  3.431692e-06
4.993914e-01  3.963547e-06
4.996957e-01  3.485558e-06
5.000000e-01  1.567546e-06
5.003043e-01  2.679864e-06
5.006086e-01  3.259781e-06
5.009130e-01  3.427622e-06
5.012173e-01  3.256622e-06
5.015216e-01  3.178701e-06
5.018259e-01  2.524291e-06
5.021302e-01  2.465158e-06
5.024346e-01  2.554450e-06
5.027389e-01  4.418479e-06
5.030432e-01  5.396445e-06
5.033475e-01  6.871420e-06
5.036519e-01  6.457307e-06
5.039562e-01  5.105576e-06
5.042605e-01  4.702808e-06
5.045648e-01  3.726947e-06
5.048691e-01  2.163995e-06
5.051735e-01  2.087137e-06
5.054778e-01  4.401801e-06
5.057821e-01  4.102767e-06
5.060864e-01  2.842502e-06
5.063907e-01  3.152766e-06
5.066951e-01  4.129928e-06
5.069994e-01  4.251739e-06
5.073037e-01  3.065289e-06
5.076080e-01  4.475034e-06
5.079124e-01  5.425830e-06
5.082167e-01  3.548045e-06
5.085210e-01  5.783174e-06
5.088253e-01  6.151807e-06
5.091296e-01  4.694706e-06
5.094340e-01  4.346165e-06
5.097383e-01  3.457275e-06
5.100426e-01  3.359191e-06
5.103469e-01  3.300605e-06
5.106512e-01  4.074026e-06
5.109556e-01  3.793358e-06
5.112599e-01  4.980508e-06
5.115642e-01  3.181681e-06
5.118685e-01  3.684954e-06
5.121729e-01  4.059085e-06
5.124772e-01  3.086062e-06
5.127815e-01  4.806589e-06
5.130858e-01  4.869786e-06
5.133901e-01  2.764111e-06
5.136945e-01  1.843608e-06
5.139988e-01  2.355209e-06
5.143031e-01  4.283676e-06
5.146074e-01  6.169515e-06
5.149117e-01  3.744690e-06
5.152161e-01  3.042423e-06
5.155204e-01  3.035575e-06
5.158247e-01  3.064281e-06
5.161290e-01  2.557122e-06
5.164334e-01  2.491831e-06
5.167377e-01  3.794114e-06
5.170420e-01  3.095285e-06
5.173463e-01  2.830352e-06
5.176506e-01  2.814075e-06
5.179550e-01  3.563992e-06
5.182593e-01  3.074694e-06
5.185636e-01  2.289636e-06
5.188679e-01  3.582584e-06
5.191722e-01  4.743454e-06
5.194766e-01  5.222930e-06
5.197809e-01  4.393222e-06
5.200852e-01  2.875772e-06
5.203895e-01  3.694924e-06
5.206939e-01  3.862654e-06
5.209982e-01  2.271836e-06
5.213025e-01  2.330566e-06
5.216068e-01  1.652094e-06
5.219111e-01  3.191460e-06
5.222155e-01  6.240776e-06
5.225198e-01  3.930258e-06
5.228241e-01  1.846022e-06
5.231284e-01  1.789835e-06
5.234327e-01  2.728665e-06
5.237371e-01  3.476128e-06
5.240414e-01  3.996553e-06
5.243457e-01  5.330727e-06
5.246500e-01  4.875441e-06
5.249544e-01  2.500116e-06
5.252587e-01  5.477238e-06
5.255630e-01  9.033503e-06
5.258673e-01  4.735188e-06
5.261716e-01  3.450705e-06
5.264760e-01  2.049985e-06
5.267803e-01  2.597803e-06
5.270846e-01  2.130531e-06
5.273889e-01  2.094835e-06
5.276932e-01  3.066557e-06
5.279976e-01  5.977543e-06
5.283019e-01  4.618083e-06
5.286062e-01  3.429250e-06
5.289105e-01  2.779489e-06
5.292149e-01  3.475646e-06
5.295192e-01  7.908891e-06
5.298235e-01  6.505074e-06
5.301278e-01  2.083267e-06
5.304321e-01  4.201215e-06
5.307365e-01  8.081946e-06
5.310408e-01  4.441397e-06
5.313451e-01  2.682257e-06
5.316494e-01  3.442450e-06
5.319537e-01  3.736653e-06
5.322581e-01  2.558936e-06
5.325624e-01  2.317691e-06
5.328667e-01  1.832882e-06
5.331710e-01  2.671781e-06
5.334753e-01  3.188051e-06
5.337797e-01  3.256064e-06
5.340840e-01  2.496816e-06
5.343883e-01  2.564658e-06
5.346926e-01  3.957254e-06
5.349970e-01  4.376511e-06
5.353013e-01  4.861314e-06
5.356056e-01  6.254667e-06
5.359099e-01  3.030218e-06
5.362142e-01  3.236595e-06
5.365186e-01  3.617115e-06
5.368229e-01  2.111233e-06
5.371272e-01  1.955021e-06
5.374315e-01  2.964651e-06
5.377358e-01  2.730408e-06
5.380402e-01  1.794331e-06
5.383445e-01  2.394529e-06
5.386488e-01  1.483987e-06
5.389531e-01  3.436025e-06
5.392575e-01  3.884164e-06
5.395618e-01  3.470511e-06
5.398661e-01  9.310621e-06
5.401704e-01  1.012530e-05
5.404747e-01  6.626572e-06
5.407791e-01  2.758550e-06
5.410834e-01  2.588606e-06
5.413877e-01  1.639096e-06
5.416920e-01  3.561739e-06
5.419963e-01  4.871247e-06
5.423007e-01  2.357686e-06
5.426050e-01  2.101117e-06
5.429093e-01  3.370177e-06
5.432136e-01  2.550629e-06
5.435180e-01  2.949781e-06
5.438223e-01  2.524840e-06
5.441266e-01  2.773516e-06
5.444309e-01  3.252074e-06
5.447352e-01  2.154848e-06
5.450396e-01  2.273334e-06
5.453439e-01  2.791539e-06
5.456482e-01  2.390994e-06
5.459525e-01  2.957686e-06
5.462568e-01  4.050506e-06
5.465612e-01  2.803399e-06
5.468655e-01  3.552331e-06
5.471698e-01  4.525103e-06
5.474741e-01  2.708593e-06
5.477785e-01  4.063445e-06
5.480828e-01  3.800898e-06
5.483871e-01  4.076496e-06
5.486914e-01  4.404373e-06
5.489957e-01  3.002878e-06
5.493001e-01  2.612173e-06
5.496044e-01  3.962339e-06
5.499087e-01  5.593063e-06
5.502130e-01  1.820159e-06
5.505173e-01  4.847605e-06
5.508217e-01  4.119658e-06
5.511260e-01  4.934630e-06
5.514303e-01  7.716773e-06
5.517346e-01  5.884943e-06
5.520390e-01  4.589360e-06
5.523433e-01  7.576788e-06
5.526476e-01  5.623115e-06
5.529519e-01  1.939640e-06
5.532562e-01  2.369295e-06
5.535606e-01  3.844135e-06
5.538649e-01  2.790646e-06
5.541692e-01  4.721777e-06
5.544735e-01  4.437961e-06
5.547778e-01  2.634601e-06
5.550822e-01  2.888189e-06
5.553865e-01  4.825502e-06
5.556908e-01  3.760494e-06
5.559951e-01  2.287376e-06
5.562995e-01  3.603993e-06
5.566038e-01  3.603538e-06
5.569081e-01  3.375961e-06
5.572124e-01  5.344672e-06
5.575167e-01  3.747536e-06
5.578211e-01  5.216054e-06
5.581254e-01  5.061327e-06
5.584297e-01  4.315221e-06
5.587340e-01  5.738441e-06
5.590383e-01  4.626386e-06
5.593427e-01  4.806726e-06
5.596470e-01  5.129294e-06
5.599513e-01  4.378944e-06
5.602556e-01  3.668741e-06
5.605600e-01  3.227837e-06
5.608643e-01  2.228042e-06
5.611686e-01  4.614966e-06
5.614729e-01  4.838491e-06
5.617772e-01  3.988112e-06
5.620816e-01  3.520194e-06
5.623859e-01  4.187611e-06
5.626902e-01  3.561408e-06
5.629945e-01  4.926220e-06
5.632988e-01  3.230983e-06
5.636032e-01  1.987800e-06
5.639075e-01  3.018188e-06
5.642118e-01  1.257778e-06
5.645161e-01  3.000806e-06
5.648205e-01  6.171107e-06
5.651248e-01  6.311051e-06
5.654291e-01  6.823572e-06
5.657334e-01  2.931106e-06
5.660377e-01  5.917909e-06
5.663421e-01  5.093764e-06
5.666464e-01  6.531373e-06
5.669507e-01  7.817121e-06
5.672550e-01  1.085479e-05
5.675593e-01  6.857922e-06
5.678637e-01  3.321864e-06
5.681680e-01  2.487096e-06
5.684723e-01  3.108602e-06
5.687766e-01  2.635704e-06
5.690809e-01  2.658183e-06
5.693853e-01  4.857525e-06
5.696896e-01  6.643567e-06
5.699939e-01  2.899079e-06
5.702982e-01  3.069564e-06
5.706026e-01  3.943134e-06
5.709069e-01  3.928034e-06
5.712112e-01  5.322397e-06
5.715155e-01  6.747250e-06
5.718198e-01  8.809255e-06
5.721242e-01  7.137301e-06
5.724285e-01  5.172792e-06
5.727328e-01  5.928099e-06
5.730371e-01  3.283232e-06
5.733414e-01  2.461680e-06
5.736458e-01  5.142084e-06
5.739501e-01  4.609677e-06
5.742544e-01  3.732614e-06
5.745587e-01  3.043939e-06
5.748631e-01  4.562763e-06
5.751674e-01  4.701994e-06
5.754717e-01  4.462619e-06
5.757760e-01  7.140064e-06
5.760803e-01  2.476313e-06
5.763847e-01  7.989603e-06
5.766890e-01  5.381433e-06
5.769933e-01  3.027931e-06
5.772976e-01  3.339728e-06
5.776019e-01  4.050374e-06
5.779063e-01  5.647464e-06
5.782106e-01  4.616332e-06
5.785149e-01  4.781040e-06
5.788192e-01  6.622487e-06
5.791236e-01  5.705371e-06
5.794279e-01  5.850201e-06
5.797322e-01  5.040436e-06
5.800365e-01  5.197329e-06
5.803408e-01  2.827830e-06
5.806452e-01  1.674042e-06
5.809495e-01  2.434904e-06
5.812538e-01  3.086105e-06
5.815581e-01  3.333279e-06
5.818624e-01  2.714320e-06
5.821668e-01  3.502142e-06
5.824711e-01  4.267142e-06
5.827754e-01  4.630601e-06
5.830797e-01  5.945998e-06
5.833841e-01  3.434409e-06
5.836884e-01  3.575541e-06
5.839927e-01  5.128592e-06
5.842970e-01  5.523049e-06
5.846013e-01  5.780303e-06
5.849057e-01  5.081555e-06
5.852100e-01  3.971403e-06
5.855143e-01  3.766335e-06
5.858186e-01  8.941477e-07
5.861229e-01  3.309085e-06
5.864273e-01  4.997221e-06
5.867316e-01  3.565285e-06
5.870359e-01  3.635970e-06
5.873402e-01  3.802104e-06
5.876446e-01  2.098923e-06
5.879489e-01  2.426074e-06
5.882532e-01  4.039714e-06
5.885575e-01  4.086819e-06
5.888618e-01  5.826500e-06
5.891662e-01  2.846580e-06
5.894705e-01  3.060402e-06
5.897748e-01  6.618667e-06
5.900791e-01  3.441972e-06
5.903834e-01  3.543325e-06
5.906878e-01  2.923476e-06
5.909921e-01  3.828709e-06
5.912964e-01  6.768832e-06
5.916007e-01  6.617880e-06
5.919051e-01  2.575837e-06
5.922094e-01  2.093731e-06
5.925137e-01  2.302655e-06
5.928180e-01  2.992909e-06
5.931223e-01  4.542990e-06
5.934267e-01  4.046752e-06
5.937310e-01  4.456086e-06
5.940353e-01  3.762359e-06
5.943396e-01  5.458624e-06
5.946439e-01  7.689868e-06
5.949483e-01  4.650977e-06
5.952526e-01  5.322245e-06
5.955569e-01  3.006372e-06
5.958612e-01  5.183592e-06
5.961656e-01  6.473292e-06
5.964699e-01  3.170129e-06
5.967742e-01  3.094313e-06
5.970785e-01  3.227674e-06
5.973828e-01  3.967083e-06
5.976872e-01  7.356059e-06
5.979915e-01  5.740828e-06
5.982958e-01  6.241937e-06
5.986001e-01  5.027262e-06
5.989044e-01  3.937882e-06
5.992088e-01  2.028685e-06
5.995131e-01  1.762863e-06
5.998174e-01  7.897284e-06
6.001217e-01  8.426145e-06
6.004260e-01  3.887729e-06
6.007304e-01  3.029720e-06
6.010347e-01  2.523025e-06
6.013390e-01  2.283199e-06
6.016433e-01  6.435886e-06
6.019477e-01  6.087345e-06
6.022520e-01  2.481075e-06
6.025563e-01  1.745148e-06
6.028606e-01  4.189647e-06
6.031649e-01  4.718328e-06
6.034693e-01  2.302327e-06
6.037736e-01  4.350014e-06
6.040779e-01  3.443851e-06
6.043822e-01  4.132871e-06
6.046865e-01  3.910332e-06
6.049909e-01  5.521035e-06
6.052952e-01  8.469668e-06
6.055995e-01  6.920961e-06
6.059038e-01  5.774313e-06
6.062082e-01  5.278482e-06
6.065125e-01  6.908747e-06
6.068168e-01  4.100412e-06
6.071211e-01  1.935566e-06
6.074254e-01  3.512598e-06
6.077298e-01  4.426150e-06
6.080341e-01  4.798417e-06
6.083384e-01  5.240804e-06
6.086427e-01  5.492998e-06
6.089470e-01  3.680487e-06
6.092514e-01  2.549642e-06
6.095557e-01  3.422369e-06
6.098600e-01  5.493701e-06
6.101643e-01  7.870461e-06
6.104687e-01  5.743057e-06
6.107730e-01  6.459917e-06
6.110773e-01  3.788944e-06
6.113816e-01  1.625861e-06
6.116859e-01  3.807075e-06
6.119903e-01  6.143106e-06
6.122946e-01  7.017851e-06
6.125989e-01  6.381745e-06
6.129032e-01  4.200623e-06
6.132075e-01  7.326353e-06
6.135119e-01  5.319518e-06
6.138162e-01  3.787928e-06
6.141205e-01  8.190056e-06
6.144248e-01  4.690082e-06
6.147292e-01  5.297381e-06
6.150335e-01  7.750028e-06
6.153378e-01  5.905428e-06
6.156421e-01  6.959906e-06
6.159464e-01  6.607101e-06
6.162508e-01  3.740677e-06
6.165551e-01  4.010255e-06
6.168594e-01  3.737030e-06
6.171637e-01  1.969786e-06
6.174680e-01  3.526238e-06
6.177724e-01  6.859424e-06
6.180767e-01  3.387899e-06
6.183810e-01  3.995701e-06
6.186853e-01  2.165400e-06
6.189897e-01  1.252376e-06
6.192940e-01  1.920622e-06
6.195983e-01  3.896949e-06
6.199026e-01  5.966965e-06
6.202069e-01  5.481412e-06
6.205113e-01  2.782850e-06
6.208156e-01  2.160207e-06
6.211199e-01  2.268434e-06
6.214242e-01  2.781576e-06
6.217285e-01  2.433448e-06
6.220329e-01  2.436263e-06
6.223372e-01  2.676259e-06
6.226415e-01  3.262651e-06
6.229458e-01  4.891282e-06
6.232502e-01  8.520150e-06
6.235545e-01  6.258327e-06
6.238588e-01  3.864887e-06
6.241631e-01  2.656243e-06
6.244674e-01  2.104109e-06
6.247718e-01  4.628692e-06
6.250761e-01  4.028147e-06
6.253804e-01  2.296071e-06
6.256847e-01  2.660337e-06
6.259890e-01  3.946651e-06
6.262934e-01  5.053125e-06
6.265977e-01  3.310914e-06
6.269020e-01  4.112264e-06
6.272063e-01  4.972461e-06
6.275107e-01  1.604842e-06
6.278150e-01  1.559339e-06
6.281193e-01  2.690974e-06
6.284236e-01  5.140564e-06
6.287279e-01  7.165972e-06
6.290323e-01  5.672874e-06
6.293366e-01  3.582264e-06
6.296409e-01  1.605175e-06
6.299452e-01  2.723661e-06
6.302495e-01  5.041742e-06
6.305539e-01  3.834895e-06
6.308582e-01  3.448080e-06
6.311625e-01  4.577911e-06
6.314668e-01  4.963832e-06
6.317712e-01  5.576445e-06
6.320755e-01  4.711543e-06
6.323798e-01  2.828180e-06
6.326841e-01  2.810217e-06
6.329884e-01  4.306542e-06
6.332928e-01  3.338595e-06
6.335971e-01  3.664161e-06
6.339014e-01  3.001474e-06
6.342057e-01  3.537237e-06
6.345100e-01  4.054865e-06
6.348144e-01  3.811122e-06
6.351187e-01  5.005823e-06
6.354230e-01  2.246402e-06
6.357273e-01  2.656815e-06
6.360316e-01  2.563385e-06
6.363360e-01  5.597483e-06
6.366403e-01  5.063079e-06
6.369446e-01  4.956115e-06
6.372489e-01  4.288933e-06
6.375533e-01  3.665648e-06
6.378576e-01  2.926631e-06
6.381619e-01  6.415069e-06
6.384662e-01  7.169683e-06
6.387705e-01  6.637085e-06
6.390749e-01  5.187775e-06
6.393792e-01  4.204133e-06
6.396835e-01  4.290128e-06
6.399878e-01  4.260863e-06
6.402921e-01  7.146823e-06
6.405965e-01  9.647535e-06
6.409008e-01  9.320916e-06
6.412051e-01  6.349090e-06
6.415094e-01  2.462756e-06
6.418138e-01  4.263974e-06
6.421181e-01  3.844003e-06
6.424224e-01  5.008588e-06
6.427267e-01  4.404216e-06
6.430310e-01  3.012013e-06
6.433354e-01  3.822550e-06
6.436397e-01  4.782041e-06
6.439440e-01  3.499676e-06
6.442483e-01  6.067433e-06
6.445526e-01  6.383991e-06
6.448570e-01  4.732477e-06
6.451613e-01  2.782978e-06
6.454656e-01  4.578467e-06
6.457699e-01  5.448552e-06
6.460743e-01  1.871627e-06
6.463786e-01  9.095450e-06
6.466829e-01  8.476205e-06
6.469872e-01  2.196830e-06
6.472915e-01  3.367772e-06
6.475959e-01  4.124607e-06
6.479002e-01  6.176611e-06
6.482045e-01  3.659190e-06
6.485088e-01  3.131374e-06
6.488131e-01  3.374162e-06
6.491175e-01  3.314415e-06
6.494218e-01  6.636119e-06
6.497261e-01  2.652471e-06
6.500304e-01  2.307352e-06
6.503348e-01  1.822271e-06
6.506391e-01  2.306783e-06
6.509434e-01  5.290980e-06
6.512477e-01  4.418026e-06
6.515520e-01  5.106804e-06
6.518564e-01  3.444826e-06
6.521607e-01  3.831551e-06
6.524650e-01  3.070151e-06
6.527693e-01  3.607362e-06
6.530736e-01  3.433942e-06
6.533780e-01  4.431826e-06
6.536823e-01  4.738155e-06
6.539866e-01  4.091099e-06
6.542909e-01  3.543687e-06
6.545953e-01  2.248563e-06
6.548996e-01  2.314601e-06
6.552039e-01  3.382267e-06
6.555082e-01  4.672032e-06
6.558125e-01  4.016622e-06
6.561169e-01  6.975400e-06
6.564212e-01  5.309658e-06
6.567255e-01  4.349621e-06
6.570298e-01  4.304127e-06
6.573341e-01  4.046076e-06
6.576385e-01  3.641665e-06
6.579428e-01  3.629590e-06
6.582471e-01  2.972565e-06
6.585514e-01  2.432634e-06
6.588558e-01  6.035459e-06
6.591601e-01  8.415256e-06
6.594644e-01  2.148388e-06
6.597687e-01  2.007637e-06
6.600730e-01  4.213209e-06
6.603774e-01  4.946911e-06
6.606817e-01  4.163538e-06
6.609860e-01  4.171737e-06
6.612903e-01  5.817353e-06
6.615946e-01  7.586200e-06
6.618990e-01  8.884211e-06
6.622033e-01  6.309953e-06
6.625076e-01  6.577083e-06
6.628119e-01  5.361009e-06
6.631163e-01  7.978786e-06
6.634206e-01  4.325828e-06
6.637249e-01  4.773253e-06
6.640292e-01  3.700018e-06
6.643335e-01  8.078926e-06
6.646379e-01  7.228488e-06
6.649422e-01  6.931413e-06
6.652465e-01  9.884453e-06
6.655508e-01  9.835325e-06
6.658551e-01  3.453463e-06
6.661595e-01  3.222429e-06
6.664638e-01  2.095916e-06
6.667681e-01  3.576850e-06
6.670724e-01  5.685080e-06
6.673767e-01  4.695534e-06
6.676811e-01  2.926193e-06
6.679854e-01  5.661588e-06
6.682897e-01  4.840779e-06
6.685940e-01  6.661972e-06
6.688984e-01  8.505478e-06
6.692027e-01  1.030034e-05
6.695070e-01  7.027121e-06
6.698113e-01  4.813514e-06
6.701156e-01  6.504210e-06
6.704200e-01  6.501763e-06
6.707243e-01  8.668781e-06
6.710286e-01  4.680760e-06
6.713329e-01  3.452719e-06
6.716372e-01  4.672983e-06
6.719416e-01  6.217317e-06
6.722459e-01  6.320384e-06
6.725502e-01  6.751991e-06
6.728545e-01  7.226128e-06
6.731589e-01  7.998229e-06
6.734632e-01  8.034261e-06
6.737675e-01  4.234937e-06
6.740718e-01  3.693650e-06
6.743761e-01  3.940911e-06
6.746805e-01  3.611829e-06
6.749848e-01  4.190654e-06
6.752891e-01  4.637738e-06
6.755934e-01  3.640513e-06
6.758977e-01  2.174566e-06
6.762021e-01  4.120200e-06
6.765064e-01  6.141964e-06
6.768107e-01  6.013258e-06
6.771150e-01  4.225259e-06
6.774194e-01  3.880146e-06
6.777237e-01  5.082708e-06
6.780280e-01  3.190922e-06
6.783323e-01  2.322128e-06
6.786366e-01  5.831211e-06
6.789410e-01  6.826593e-06
6.792453e-01  6.106671e-06
6.795496e-01  8.028525e-06
6.798539e-01  4.955090e-06
6.801582e-01  3.862509e-06
6.804626e-01  6.763970e-06
6.807669e-01  7.899213e-06
6.810712e-01  6.389780e-06
6.813755e-01  5.456156e-06
6.816799e-01  6.689164e-06
6.819842e-01  4.943557e-06
6.822885e-01  4.515178e-06
6.825928e-01  5.268948e-06
6.828971e-01  4.374050e-06
6.832015e-01  2.613352e-06
6.835058e-01  3.283114e-06
6.838101e-01  5.207793e-06
6.841144e-01  3.666873e-06
6.844187e-01  3.725427e-06
6.847231e-01  4.715404e-06
6.850274e-01  4.731068e-06
6.853317e-01  8.371644e-06
6.856360e-01  6.742796e-06
6.859404e-01  4.433319e-06
6.862447e-01  6.915557e-06
6.865490e-01  3.765772e-06
6.868533e-01  4.530850e-06
6.871576e-01  5.899618e-06
6.874620e-01  4.353922e-06
6.877663e-01  2.361920e-06
6.880706e-01  3.439384e-06
6.883749e-01  3.400167e-06
6.886792e-01  3.730307e-06
6.889836e-01  7.549140e-06
6.892879e-01  6.636674e-06
6.895922e-01  3.112246e-06
6.898965e-01  2.416956e-06
6.902009e-01  3.017727e-06
6.905052e-01  2.019146e-06
6.908095e-01  3.669994e-06
6.911138e-01  3.492710e-06
6.914181e-01  4.492844e-06
6.917225e-01  5.697069e-06
6.920268e-01  4.041622e-06
6.923311e-01  3.402122e-06
6.926354e-01  4.937739e-06
6.929397e-01  6.080472e-06
6.932441e-01  4.989353e-06
6.935484e-01  9.890151e-06
6.938527e-01  7.814314e-06
6.941570e-01  6.746056e-06
6.944614e-01  5.420576e-06
6.947657e-01  5.300059e-06
6.950700e-01  3.395474e-06
6.953743e-01  5.587880e-06
6.956786e-01  6.541017e-06
6.959830e-01  5.926590e-06
6.962873e-01  4.222787e-06
6.965916e-01  4.899113e-06
6.968959e-01  4.752408e-06
6.972002e-01  2.897145e-06
6.975046e-01  3.795040e-06
6.978089e-01  2.766137e-06
6.981132e-01  2.066236e-06
6.984175e-01  2.365046e-06
6.987219e-01  3.284531e-06
6.990262e-01  3.355272e-06
6.993305e-01  3.316892e-06
6.996348e-01  3.748267e-06
6.999391e-01  3.822889e-06
7.002435e-01  2.711782e-06
7.005478e-01  2.433982e-06
7.008521e-01  3.985789e-06
7.011564e-01  4.884992e-06
7.014607e-01  6.786558e-06
7.017651e-01  7.692504e-06
7.020694e-01  6.140197e-06
7.023737e-01  5.214847e-06
7.026780e-01  6.259169e-06
7.029823e-01  1.019679e-05
7.032867e-01  8.785556e-06
7.035910e-01  3.861056e-06
7.038953e-01  5.641926e-06
7.041996e-01  5.156750e-06
7.045040e-01  3.548038e-06
7.048083e-01  3.811596e-06
7.051126e-01  4.568917e-06
7.054169e-01  8.020277e-06
7.057212e-01  9.723468e-06
7.060256e-01  1.091612e-05
7.063299e-01  6.846115e-06
7.066342e-01  5.249557e-06
7.069385e-01  4.409888e-06
7.072428e-01  7.305933e-06
7.075472e-01  5.826441e-06
7.078515e-01  8.797670e-06
7.081558e-01  7.489638e-06
7.084601e-01  5.713138e-06
7.087645e-01  9.035791e-06
7.090688e-01  1.032457e-05
7.093731e-01  6.158832e-06
7.096774e-01  3.880052e-06
7.099817e-01  6.976527e-06
7.102861e-01  7.973412e-06
7.105904e-01  3.445969e-06
7.108947e-01  6.466178e-06
7.111990e-01  4.774870e-06
7.115033e-01  5.571410e-06
7.118077e-01  8.425826e-06
7.121120e-01  8.646693e-06
7.124163e-01  7.317192e-06
7.127206e-01  9.266892e-06
7.130250e-01  5.532237e-06
7.133293e-01  2.594289e-06
7.136336e-01  5.734806e-06
7.139379e-01  7.702158e-06
7.142422e-01  5.953500e-06
7.145466e-01  4.267635e-06
7.148509e-01  5.779029e-06
7.151552e-01  4.498207e-06
7.154595e-01  2.872657e-06
7.157638e-01  1.557103e-06
7.160682e-01  6.536531e-06
7.163725e-01  6.669785e-06
7.166768e-01  7.891912e-06
7.169811e-01  9.114781e-06
7.172855e-01  7.819500e-06
7.175898e-01  4.720321e-06
7.178941e-01  4.184067e-06
7.181984e-01  4.547732e-06
7.185027e-01  5.174143e-06
7.188071e-01  6.016528e-06
7.191114e-01  8.040376e-06
7.194157e-01  6.721574e-06
7.197200e-01  1.005563e-05
7.200243e-01  7.276900e-06
7.203287e-01  8.059112e-06
7.206330e-01  2.894155e-06
7.209373e-01  5.987876e-06
7.212416e-01  3.533330e-06
7.215460e-01  5.686392e-06
7.218503e-01  4.354969e-06
7.221546e-01  2.249085e-06
7.224589e-01  6.898955e-06
7.227632e-01  9.956162e-06
7.230676e-01  1.018897e-05
7.233719e-01  8.008599e-06
7.236762e-01  6.585888e-06
7.239805e-01  5.592716e-06
7.242848e-01  2.756314e-06
7.245892e-01  2.943572e-06
7.248935e-01  7.529819e-06
7.251978e-01  6.196861e-06
7.255021e-01  4.207591e-06
7.258065e-01  5.581424e-06
7.261108e-01  7.760817e-06
7.264151e-01  5.122148e-06
7.267194e-01  3.499724e-06
7.270237e-01  2.737362e-06
7.273281e-01  5.365986e-06
7.276324e-01  9.379457e-06
7.279367e-01  9.879627e-06
7.282410e-01  6.490182e-06
7.285453e-01  4.115734e-06
7.288497e-01  4.979866e-06
7.291540e-01  5.260313e-06
7.294583e-01  4.601078e-06
7.297626e-01  1.798653e-06
7.300670e-01  2.543027e-06
7.303713e-01  4.395228e-06
7.306756e-01  4.752191e-06
7.309799e-01  5.372908e-06
7.312842e-01  4.345107e-06
7.315886e-01  2.887401e-06
7.318929e-01  4.227138e-06
7.321972e-01  4.279953e-06
7.325015e-01  7.145450e-06
7.328058e-01  7.497222e-06
7.331102e-01  5.434260e-06
7.334145e-01  4.895678e-06
7.337188e-01  3.277884e-06
7.340231e-01  2.706376e-06
7.343274e-01  3.919252e-06
7.346318e-01  5.728946e-06
7.349361e-01  6.859085e-06
7.352404e-01  9.296564e-06
7.355447e-01  6.414263e-06
7.358491e-01  3.216273e-06
7.361534e-01  3.736900e-06
7.364577e-01  7.679027e-06
7.367620e-01  6.487654e-06
7.370663e-01  4.610836e-06
7.373707e-01  2.110872e-06
7.376750e-01  4.622048e-06
7.379793e-01  3.490348e-06
7.382836e-01  6.565867e-06
7.385879e-01  3.365529e-06
7.388923e-01  3.234274e-06
7.391966e-01  6.768768e-06
7.395009e-01  7.600077e-06
7.398052e-01  3.680791e-06
7.401096e-01  1.281858e-06
7.404139e-01  6.573303e-06
7.407182e-01  9.002743e-06
7.410225e-01  8.219104e-06
7.413268e-01  4.572845e-06
7.416312e-01  4.788028e-06
7.419355e-01  7.637586e-06
7.422398e-01  7.986133e-06
7.425441e-01  5.122704e-06
7.428484e-01  3.866152e-06
7.431528e-01  5.807372e-06
7.434571e-01  5.475084e-06
7.437614e-01  4.292465e-06
7.440657e-01  6.313337e-06
7.443701e-01  4.163923e-06
7.446744e-01  2.122388e-06
7.449787e-01  1.879088e-06
7.452830e-01  3.562716e-06
7.455873e-01  6.339198e-06
7.458917e-01  4.788175e-06
7.461960e-01  5.106704e-06
7.465003e-01  2.414755e-06
7.468046e-01  3.618478e-06
7.471089e-01  4.486593e-06
7.474133e-01  4.277871e-06
7.477176e-01  4.555126e-06
7.480219e-01  5.968463e-06
7.483262e-01  5.164918e-06
7.486306e-01  8.497093e-06
7.489349e-01  1.167098e-05
7.492392e-01  5.525898e-06
7.495435e-01  6.218449e-06
7.498478e-01  1.050840e-05
7.501522e-01  7.883324e-06
7.504565e-01  2.912174e-06
7.507608e-01  4.498393e-06
7.510651e-01  4.780274e-06
7.513694e-01  5.417336e-06
7.516738e-01  1.123055e-05
7.519781e-01  8.705784e-06
7.522824e-01  4.998591e-06
7.525867e-01  5.264903e-06
7.528911e-01  8.168662e-06
7.531954e-01  1.106014e-05
7.534997e-01  1.035250e-05
7.538040e-01  6.339826e-06
7.541083e-01  7.660432e-06
7.544127e-01  6.432478e-06
7.547170e-01  4.585375e-06
7.550213e-01  5.540161e-06
7.553256e-01  2.817961e-06
7.556299e-01  1.461591e-06
7.559343e-01  6.081199e-06
7.562386e-01  1.175174e-05
7.565429e-01  9.090580e-06
7.568472e-01  6.107783e-06
7.571516e-01  3.982112e-06
7.574559e-01  2.866114e-06
7.577602e-01  4.314237e-06
7.580645e-01  5.562379e-06
7.583688e-01  8.062016e-06
7.586732e-01  5.821946e-06
7.589775e-01  5.847278e-06
7.592818e-01  7.804171e-06
7.595861e-01  6.740211e-06
7.598904e-01  8.849110e-06
7.601948e-01  7.643802e-06
7.604991e-01  3.877343e-06
7.608034e-01  6.273346e-06
7.611077e-01  8.685769e-06
7.614121e-01  8.563244e-06
7.617164e-01  6.283631e-06
7.620207e-01  3.520541e-06
7.623250e-01  6.395356e-06
7.626293e-01  3.928890e-06
7.629337e-01  3.252742e-06
7.632380e-01  5.887969e-06
7.635423e-01  7.181045e-06
7.638466e-01  8.287895e-06
7.641509e-01  9.293758e-06
7.644553e-01  3.637090e-06
7.647596e-01  4.717576e-06
7.650639e-01  5.102835e-06
7.653682e-01  4.523566e-06
7.656726e-01  8.121191e-06
7.659769e-01  5.654041e-06
7.662812e-01  6.193272e-06
7.665855e-01  7.847801e-06
7.668898e-01  6.517876e-06
7.671942e-01  6.363435e-06
7.674985e-01  3.743392e-06
7.678028e-01  4.626065e-06
7.681071e-01  1.102586e-05
7.684114e-01  8.149111e-06
7.687158e-01  5.316833e-06
7.690201e-01  2.881673e-06
7.693244e-01  3.010160e-06
7.696287e-01  3.957654e-06
7.699330e-01  4.003629e-06
7.702374e-01  3.196417e-06
7.705417e-01  4.771220e-06
7.708460e-01  6.439358e-06
7.711503e-01  7.229995e-06
7.714547e-01  1.139734e-05
7.717590e-01  1.035388e-05
7.720633e-01  7.879893e-06
7.723676e-01  5.392718e-06
7.726719e-01  6.463321e-06
7.729763e-01  7.786053e-06
7.732806e-01  4.764904e-06
7.735849e-01  6.121821e-06
7.738892e-01  7.134587e-06
7.741935e-01  5.251544e-06
7.744979e-01  8.347843e-06
7.748022e-01  5.795046e-06
7.751065e-01  6.362243e-06
7.754108e-01  2.757391e-06
7.757152e-01  3.122893e-06
7.760195e-01  8.088956e-06
7.763238e-01  5.267597e-06
7.766281e-01  2.582638e-06
7.769324e-01  7.038340e-06
7.772368e-01  8.958469e-06
7.775411e-01  6.211251e-06
7.778454e-01  3.469283e-06
7.781497e-01  3.125634e-06
7.784540e-01  6.894515e-06
7.787584e-01  7.432370e-06
7.790627e-01  6.205300e-06
7.793670e-01  7.200255e-06
7.796713e-01  5.696916e-06
7.799757e-01  9.950979e-06
7.802800e-01  6.825369e-06
7.805843e-01  9.071611e-06
7.808886e-01  4.561160e-06
7.811929e-01  6.283137e-06
7.814973e-01  6.618217e-06
7.818016e-01  3.473498e-06
7.821059e-01  7.737775e-06
7.824102e-01  7.058594e-06
7.827145e-01  3.499376e-06
7.830189e-01  2.511171e-06
7.833232e-01  4.262897e-06
7.836275e-01  4.856802e-06
7.839318e-01  2.009866e-06
7.842362e-01  4.144897e-06
7.845405e-01  6.170694e-06
7.848448e-01  3.481620e-06
7.851491e-01  4.979955e-06
7.854534e-01  9.814522e-06
7.857578e-01  5.073365e-06
7.860621e-01  3.322635e-06
7.863664e-01  6.199840e-06
7.866707e-01  6.840076e-06
7.869750e-01  5.497915e-06
7.872794e-01  5.996794e-06
7.875837e-01  5.950484e-06
7.878880e-01  4.177650e-06
7.881923e-01  7.725586e-06
7.884967e-01  6.717390e-06
7.888010e-01  4.790502e-06
7.891053e-01  7.422546e-06
7.894096e-01  6.026456e-06
7.897139e-01  2.838206e-06
7.900183e-01  3.409901e-06
7.903226e-01  5.630054e-06
7.906269e-01  4.208113e-06
7.909312e-01  4.865769e-06
7.912355e-01  6.002523e-06
7.915399e-01  3.795452e-06
7.918442e-01  5.714791e-06
7.921485e-01  4.645885e-06
7.924528e-01  5.632828e-06
7.927572e-01  6.271956e-06
7.930615e-01  3.746335e-06
7.933658e-01  6.813682e-06
7.936701e-01  7.618234e-06
7.939744e-01  5.176192e-06
7.942788e-01  9.082310e-06
7.945831e-01  1.169888e-05
7.948874e-01  9.138390e-06
7.951917e-01  9.562077e-06
7.954960e-01  4.141989e-06
7.958004e-01  3.367674e-06
7.961047e-01  3.457905e-06
7.964090e-01  6.127869e-06
7.967133e-01  8.640702e-06
7.970177e-01  8.984511e-06
7.973220e-01  5.337122e-06
7.976263e-01  4.223894e-06
7.979306e-01  7.203555e-06
7.982349e-01  9.306918e-06
7.985393e-01  4.653629e-06
7.988436e-01  5.507028e-06
7.991479e-01  7.782938e-06
7.994522e-01  3.648911e-06
7.997565e-01  2.098737e-06
8.000609e-01  3.038614e-06
8.003652e-01  2.433877e-06
8.006695e-01  3.405467e-06
8.009738e-01  6.722470e-06
8.012781e-01  5.523799e-06
8.015825e-01  6.326216e-06
8.018868e-01  6.470763e-06
8.021911e-01  7.521594e-06
8.024954e-01  7.350842e-06
8.027998e-01  6.661142e-06
8.031041e-01  6.232439e-06
8.034084e-01  4.077432e-06
8.037127e-01  1.115642e-05
8.040170e-01  1.552951e-05
8.043214e-01  7.095067e-06
8.046257e-01  3.377144e-06
8.049300e-01  3.141186e-06
8.052343e-01  3.049420e-06
8.055386e-01  7.613302e-06
8.058430e-01  1.138687e-05
8.061473e-01  9.312154e-06
8.064516e-01  7.663463e-06
8.067559e-01  6.293683e-06
8.070603e-01  3.058506e-06
8.073646e-01  1.689116e-06
8.076689e-01  2.906589e-06
8.079732e-01  7.353579e-06
8.082775e-01  4.715182e-06
8.085819e-01  9.167431e-06
8.088862e-01  6.059452e-06
8.091905e-01  3.737154e-06
8.094948e-01  3.536938e-06
8.097991e-01  7.154834e-06
8.101035e-01  1.010236e-05
8.104078e-01  1.275950e-05
8.107121e-01  9.718036e-06
8.110164e-01  5.359557e-06
8.113208e-01  9.070722e-06
8.116251e-01  1.250345e-05
8.119294e-01  9.764082e-06
8.122337e-01  7.626052e-06
8.125380e-01  5.486372e-06
8.128424e-01  5.304948e-06
8.131467e-01  6.411738e-06
8.134510e-01  1.105132e-05
8.137553e-01  1.190238e-05
8.140596e-01  7.978500e-06
8.143640e-01  7.268505e-06
8.146683e-01  5.770422e-06
8.149726e-01  7.645782e-06
8.152769e-01  5.082119e-06
8.155813e-01  5.919791e-06
8.158856e-01  9.063514e-06
8.161899e-01  1.057198e-05
8.164942e-01  6.291687e-06
8.167985e-01  7.556203e-06
8.171029e-01  1.003370e-05
8.174072e-01  4.985102e-06
8.177115e-01  3.712792e-06
8.180158e-01  8.585370e-06
8.183201e-01  8.844519e-06
8.186245e-01  5.929310e-06
8.189288e-01  6.759629e-06
8.192331e-01  9.189149e-06
8.195374e-01  1.075445e-05
8.198418e-01  5.579866e-06
8.201461e-01  6.690035e-06
8.204504e-01  6.444613e-06
8.207547e-01  6.162218e-06
8.210590e-01  5.015284e-06
8.213634e-01  7.759246e-06
8.216677e-01  5.658767e-06
8.219720e-01  3.505603e-06
8.222763e-01  7.088809e-06
8.225806e-01  3.436193e-06
8.228850e-01  3.899382e-06
8.231893e-01  4.910265e-06
8.234936e-01  6.034729e-06
8.237979e-01  4.413413e-06
8.241023e-01  4.973423e-06
8.244066e-01  3.692243e-06
8.247109e-01  4.562144e-06
8.250152e-01  4.703856e-06
8.253195e-01  5.016906e-06
8.256239e-01  9.488509e-06
8.259282e-01  3.829967e-06
8.262325e-01  3.468355e-06
8.265368e-01  2.305479e-06
8.268411e-01  4.512228e-06
8.271455e-01  3.823398e-06
8.274498e-01  6.232433e-06
8.277541e-01  8.498347e-06
8.280584e-01  6.460077e-06
8.283628e-01  1.008253e-05
8.286671e-01  6.857633e-06
8.289714e-01  3.963624e-06
8.292757e-01  8.567134e-06
8.295800e-01  7.094130e-06
8.298844e-01  6.073964e-06
8.301887e-01  4.963697e-06
8.304930e-01  4.710009e-06
8.307973e-01  8.431273e-06
8.311016e-01  1.165956e-05
8.314060e-01  5.378889e-06
8.317103e-01  6.150132e-06
8.320146e-01  4.731516e-06
8.323189e-01  5.287877e-06
8.326233e-01  5.068411e-06
8.329276e-01  6.082559e-06
8.332319e-01  1.145929e-05
8.335362e-01  1.146191e-05
8.338405e-01  7.419641e-06
8.341449e-01  5.394245e-06
8.344492e-01  6.196123e-06
8.347535e-01  5.809568e-06
8.350578e-01  5.576920e-06
8.353621e-01  5.368581e-06
8.356665e-01  6.046263e-06
8.359708e-01  2.663735e-06
8.362751e-01  3.612287e-06
8.365794e-01  3.060666e-06
8.368837e-01  3.891316e-06
8.371881e-01  1.010358e-05
8.374924e-01  4.745940e-06
8.377967e-01  6.197317e-06
8.381010e-01  1.083349e-05
8.384054e-01  9.465817e-06
8.387097e-01  6.418620e-06
8.390140e-01  2.551502e-06
8.393183e-01  4.349463e-06
8.396226e-01  4.038857e-06
8.399270e-01  1.124461e-05
8.402313e-01  1.800823e-05
8.405356e-01  1.642938e-05
8.408399e-01  1.276324e-05
8.411442e-01  6.427821e-06
8.414486e-01  3.886642e-06
8.417529e-01  5.083713e-06
8.420572e-01  5.748920e-06
8.423615e-01  9.670964e-06
8.426659e-01  1.023178e-05
8.429702e-01  9.423491e-06
8.432745e-01  7.780070e-06
8.435788e-01  6.116850e-06
8.438831e-01  3.182681e-06
8.441875e-01  4.864221e-06
8.444918e-01  5.184349e-06
8.447961e-01  7.506399e-06
8.451004e-01  1.016969e-05
8.454047e-01  7.937877e-06
8.457091e-01  5.032792e-06
8.460134e-01  5.020952e-06
8.463177e-01  5.875148e-06
8.466220e-01  4.842830e-06
8.469264e-01  5.582691e-06
8.472307e-01  5.855607e-06
8.475350e-01  4.272213e-06
8.478393e-01  4.279551e-06
8.481436e-01  8.284139e-06
8.484480e-01  8.222504e-06
8.487523e-01  6.281936e-06
8.490566e-01  3.625699e-06
8.493609e-01  4.136376e-06
8.496652e-01  3.414976e-06
8.499696e-01  6.519906e-06
8.502739e-01  1.202277e-05
8.505782e-01  1.343308e-05
8.508825e-01  1.249427e-05
8.511869e-01  6.418943e-06
8.514912e-01  3.456300e-06
8.517955e-01  5.405561e-06
8.520998e-01  7.583088e-06
8.524041e-01  7.027141e-06
8.527085e-01  5.390219e-06
8.530128e-01  3.965731e-06
8.533171e-01  3.979473e-06
8.536214e-01  6.251652e-06
8.539257e-01  5.814342e-06
8.542301e-01  8.246225e-06
8.545344e-01  5.992915e-06
8.548387e-01  3.681347e-06
8.551430e-01  5.817000e-06
8.554474e-01  6.568423e-06
8.557517e-01  6.649520e-06
8.560560e-01  4.995865e-06
8.563603e-01  1.134257e-05
8.566646e-01  7.081154e-06
8.569690e-01  5.803143e-06
8.572733e-01  9.648926e-06
8.575776e-01  4.253450e-06
8.578819e-01  2.397423e-06
8.581862e-01  5.351860e-06
8.584906e-01  8.555085e-06
8.587949e-01  5.277601e-06
8.590992e-01  5.440339e-06
8.594035e-01  2.886465e-06
8.597079e-01  6.622930e-06
8.600122e-01  9.426250e-06
8.603165e-01  1.315361e-05
8.606208e-01  1.277571e-05
8.609251e-01  6.014656e-06
8.612295e-01  7.427343e-06
8.615338e-01  5.100126e-06
8.618381e-01  2.342009e-06
8.621424e-01  6.806859e-06
8.624467e-01  8.671649e-06
8.627511e-01  5.186195e-06
8.630554e-01  3.144278e-06
8.633597e-01  1.610302e-06
8.636640e-01  5.183323e-06
8.639684e-01  4.845018e-06
8.642727e-01  6.222748e-06
8.645770e-01  9.458451e-06
8.648813e-01  1.443565e-05
8.651856e-01  1.059904e-05
8.654900e-01  5.518703e-06
8.657943e-01  4.827818e-06
8.660986e-01  8.148907e-06
8.664029e-01  5.484265e-06
8.667072e-01  3.823619e-06
8.670116e-01  5.340688e-06
8.673159e-01  4.719093e-06
8.676202e-01  4.136247e-06
8.679245e-01  7.740702e-06
8.682288e-01  3.681577e-06
8.685332e-01  4.480309e-06
8.688375e-01  5.583246e-06
8.691418e-01  5.879307e-06
8.694461e-01  1.070518e-05
8.697505e-01  6.002654e-06
8.700548e-01  4.675524e-06
8.703591e-01  5.559916e-06
8.706634e-01  9.026181e-06
8.709677e-01  6.483254e-06
8.712721e-01  4.740134e-06
8.715764e-01  4.059695e-06
8.718807e-01  5.246852e-06
8.721850e-01  5.931734e-06
8.724893e-01  6.714874e-06
8.727937e-01  7.698118e-06
8.730980e-01  8.583756e-06
8.734023e-01  7.544620e-06
8.737066e-01  6.246177e-06
8.740110e-01  4.614510e-06
8.743153e-01  4.741581e-06
8.746196e-01  7.127014e-06
8.749239e-01  6.359860e-06
8.752282e-01  5.714847e-06
8.755326e-01  3.888038e-06
8.758369e-01  4.734912e-06
8.761412e-01  5.433546e-06
8.764455e-01  3.985458e-06
8.767498e-01  3.325473e-06
8.770542e-01  3.700670e-06
8.773585e-01  3.002520e-06
8.776628e-01  3.115580e-06
8.779671e-01  6.268034e-06
8.782715e-01  7.565566e-06
8.785758e-01  5.787970e-06
8.788801e-01  1.092701e-05
8.791844e-01  8.092805e-06
8.794887e-01  5.999375e-06
8.797931e-01  6.536615e-06
8.800974e-01  3.378414e-06
8.804017e-01  9.957058e-06
8.807060e-01  7.670484e-06
8.810103e-01  4.802759e-06
8.813147e-01  7.979394e-06
8.816190e-01  1.213252e-05
8.819233e-01  1.348924e-05
8.822276e-01  1.696172e-05
8.825320e-01  1.065225e-05
8.828363e-01  4.092420e-06
8.831406e-01  3.361537e-06
8.834449e-01  8.777723e-06
8.837492e-01  8.122871e-06
8.840536e-01  5.925401e-06
8.843579e-01  1.726780e-05
8.846622e-01  1.350310e-05
8.849665e-01  8.535594e-06
8.852708e-01  6.300708e-06
8.855752e-01  4.428863e-06
8.858795e-01  4.839980e-06
8.861838e-01  6.888861e-06
8.864881e-01  8.066629e-06
8.867925e-01  5.156743e-06
8.870968e-01  4.549132e-06
8.874011e-01  6.735024e-06
8.877054e-01  8.685741e-06
8.880097e-01  1.089893e-05
8.883141e-01  7.057550e-06
8.886184e-01  6.658740e-06
8.889227e-01  5.366952e-06
8.892270e-01  4.683289e-06
8.895313e-01  4.011918e-06
8.898357e-01  3.702017e-06
8.901400e-01  5.308607e-06
8.904443e-01  7.592626e-06
8.907486e-01  4.285108e-06
8.910530e-01  4.876912e-06
8.913573e-01  4.609469e-06
8.916616e-01  5.854685e-06
8.919659e-01  5.552639e-06
8.922702e-01  6.950331e-06
8.925746e-01  8.073642e-06
8.928789e-01  5.308219e-06
8.931832e-01  4.474942e-06
8.934875e-01  1.151842e-05
8.937918e-01  9.924252e-06
8.940962e-01  6.278798e-06
8.944005e-01  2.911471e-06
8.947048e-01  5.728602e-06
8.950091e-01  7.027706e-06
8.953135e-01  4.796555e-06
8.956178e-01  2.978007e-06
8.959221e-01  4.860325e-06
8.962264e-01  4.816790e-06
8.965307e-01  5.027339e-06
8.968351e-01  6.536367e-06
8.971394e-01  6.164391e-06
8.974437e-01  4.142993e-06
8.977480e-01  2.199852e-06
8.980523e-01  2.127914e-06
8.983567e-01  4.879657e-06
8.986610e-01  6.390560e-06
8.989653e-01  8.306997e-06
8.992696e-01  5.946100e-06
8.995740e-01  7.834562e-06
8.998783e-01  1.180262e-05
9.001826e-01  8.383708e-06
9.004869e-01  4.861385e-06
9.007912e-01  4.971493e-06
9.010956e-01  5.481136e-06
9.013999e-01  4.700050e-06
9.017042e-01  6.236910e-06
9.020085e-01  7.989194e-06
9.023128e-01  6.834267e-06
9.026172e-01  4.635437e-06
9.029215e-01  4.729682e-06
9.032258e-01  7.306618e-06
9.035301e-01  8.484515e-06
9.038344e-01  5.799305e-06
9.041388e-01  9.263028e-06
9.044431e-01  5.099593e-06
9.047474e-01  3.265471e-06
9.050517e-01  3.015993e-06
9.053561e-01  6.158881e-06
9.056604e-01  9.473079e-06
9.059647e-01  8.142604e-06
9.062690e-01  5.009978e-06
9.065733e-01  4.047710e-06
9.068777e-01  4.860445e-06
9.071820e-01  3.480121e-06
9.074863e-01  3.707500e-06
9.077906e-01  1.542719e-06
9.080949e-01  3.990950e-06
9.083993e-01  1.233933e-05
9.087036e-01  5.263097e-06
9.090079e-01  2.579024e-06
9.093122e-01  3.731850e-06
9.096166e-01  3.395381e-06
9.099209e-01  6.374716e-06
9.102252e-01  4.599186e-06
9.105295e-01  3.547507e-06
9.108338e-01  5.509816e-06
9.111382e-01  6.044244e-06
9.114425e-01  3.707569e-06
9.117468e-01  4.188271e-06
9.120511e-01  6.724509e-06
9.123554e-01  4.354844e-06
9.126598e-01  5.317473e-06
9.129641e-01  6.446348e-06
9.132684e-01  2.534486e-06
9.135727e-01  4.313427e-06
9.138771e-01  3.453878e-06
9.141814e-01  6.530925e-06
9.144857e-01  5.128197e-06
9.147900e-01  2.710693e-06
9.150943e-01  3.618071e-06
9.153987e-01  5.344303e-06
9.157030e-01  5.257834e-06
9.160073e-01  4.472206e-06
9.163116e-01  7.888203e-06
9.166159e-01  3.664652e-06
9.169203e-01  6.582043e-06
9.172246e-01  2.625258e-06
9.175289e-01  4.822719e-06
9.178332e-01  5.606511e-06
9.181376e-01  5.495737e-06
9.184419e-01  7.407368e-06
9.187462e-01  9.228085e-06
9.190505e-01  7.259645e-06
9.193548e-01  6.265866e-06
9.196592e-01  4.488734e-06
9.199635e-01  4.156066e-06
9.202678e-01  7.904694e-06
9.205721e-01  9.195167e-06
9.208764e-01  3.940691e-06
9.211808e-01  7.058048e-06
9.214851e-01  1.223857e-05
9.217894e-01  8.504899e-06
9.220937e-01  5.804884e-06
9.223981e-01  4.013058e-06
9.227024e-01  6.099769e-06
9.230067e-01  1.202678e-05
9.233110e-01  8.455658e-06
9.236153e-01  3.757420e-06
9.239197e-01  5.766303e-06
9.242240e-01  6.892521e-06
9.245283e-01  8.985409e-06
9.248326e-01  9.576433e-06
9.251369e-01  7.372282e-06
9.254413e-01  9.004287e-06
9.257456e-01  1.070691e-05
9.260499e-01  7.623519e-06
9.263542e-01  4.298459e-06
9.266586e-01  5.590550e-06
9.269629e-01  6.821570e-06
9.272672e-01  4.371945e-06
9.275715e-01  4.104893e-06
9.278758e-01  5.854444e-06
9.281802e-01  7.098791e-06
9.284845e-01  6.226535e-06
9.287888e-01  4.791602e-06
9.290931e-01  5.339518e-06
9.293974e-01  5.292233e-06
9.297018e-01  4.464109e-06
9.300061e-01  3.471035e-06
9.303104e-01  4.299377e-06
9.306147e-01  3.852961e-06
9.309191e-01  7.471210e-06
9.312234e-01  1.266627e-05
9.315277e-01  7.712271e-06
9.318320e-01  9.284072e-06
9.321363e-01  8.976298e-06
9.324407e-01  6.398907e-06
9.327450e-01  9.789857e-06
9.330493e-01  1.148195e-05
9.333536e-01  6.956683e-06
9.336579e-01  3.945707e-06
9.339623e-01  4.790531e-06
9.342666e-01  8.575220e-06
9.345709e-01  6.056842e-06
9.348752e-01  6.543007e-06
9.351795e-01  9.758640e-06
9.354839e-01  1.062639e-05
9.357882e-01  6.980341e-06
9.360925e-01  4.855305e-06
9.363968e-01  4.413844e-06
9.367012e-01  6.220327e-06
9.370055e-01  1.196786e-05
9.373098e-01  7.344562e-06
9.376141e-01  8.169512e-06
9.379184e-01  5.979748e-06
9.382228e-01  4.549989e-06
9.385271e-01  4.830654e-06
9.388314e-01  6.214129e-06
9.391357e-01  6.549480e-06
9.394400e-01  7.419936e-06
9.397444e-01  1.274363e-05
9.400487e-01  5.541666e-06
9.403530e-01  5.944895e-06
9.406573e-01  5.778834e-06
9.409617e-01  3.722334e-06
9.412660e-01  6.171364e-06
9.415703e-01  7.733113e-06
9.418746e-01  7.588720e-06
9.421789e-01  7.742888e-06
9.424833e-01  4.390539e-06
9.427876e-01  5.489656e-06
9.430919e-01  5.630397e-06
9.433962e-01  7.245258e-06
9.437005e-01  9.450251e-06
9.440049e-01  2.883666e-06
9.443092e-01  6.908559e-06
9.446135e-01  3.713473e-06
9.449178e-01  3.264641e-06
9.452222e-01  5.582523e-06
9.455265e-01  5.882485e-06
9.458308e-01  5.324962e-06
9.461351e-01  7.413021e-06
9.464394e-01  9.319013e-06
9.467438e-01  7.354556e-06
9.470481e-01  6.440691e-06
9.473524e-01  7.118792e-06
9.476567e-01  7.023177e-06
9.479610e-01  6.386049e-06
9.482654e-01  1.006107e-05
9.485697e-01  1.330211e-05
9.488740e-01  9.697165e-06
9.491783e-01  7.412705e-06
9.494827e-01  1.135259e-05
9.497870e-01  1.442424e-05
9.500913e-01  1.919951e-05
9.503956e-01  1.682852e-05
9.506999e-01  1.142542e-05
9.510043e-01  7.113093e-06
9.513086e-01  7.909508e-06
9.516129e-01  4.402407e-06
9.519172e-01  5.309785e-06
9.522215e-01  5.490523e-06
9.525259e-01  4.285787e-06
9.528302e-01  4.324525e-06
9.531345e-01  5.580824e-06
9.534388e-01  3.928905e-06
9.537432e-01  3.161600e-06
9.540475e-01  8.483113e-06
9.543518e-01  6.991909e-06
9.546561e-01  1.048474e-05
9.549604e-01  1.380409e-05
9.552648e-01  9.341668e-06
9.555691e-01  6.441915e-06
9.558734e-01  7.715497e-06
9.561777e-01  8.505362e-06
9.564820e-01  6.628470e-06
9.567864e-01  6.028216e-06
9.570907e-01  5.837841e-06
9.573950e-01  5.961929e-06
9.576993e-01  7.254890e-06
9.580037e-01  7.465524e-06
9.583080e-01  5.037921e-06
9.586123e-01  6.452755e-06
9.589166e-01  1.163054e-05
9.592209e-01  1.237329e-05
9.595253e-01  5.366901e-06
9.598296e-01  5.455045e-06
9.601339e-01  6.766685e-06
9.604382e-01  5.604206e-06
9.607425e-01  5.081708e-06
9.610469e-01  7.598613e-06
9.613512e-01  8.321126e-06
9.616555e-01  5.066738e-06
9.619598e-01  4.114600e-06
9.622642e-01  5.136222e-06
9.625685e-01  7.218785e-06
9.628728e-01  4.975081e-06
9.631771e-01  5.753891e-06
9.634814e-01  4.635840e-06
9.637858e-01  3.735625e-06
9.640901e-01  3.824148e-06
9.643944e-01  5.955710e-06
9.646987e-01  9.878883e-06
9.650030e-01  8.169811e-06
9.653074e-01  8.552627e-06
9.656117e-01  1.269219e-05
9.659160e-01  1.363102e-05
9.662203e-01  8.262808e-06
9.665247e-01  4.250014e-06
9.668290e-01  5.192798e-06
9.671333e-01  2.645293e-06
9.674376e-01  4.328850e-06
9.677419e-01  3.434354e-06
9.680463e-01  7.756945e-06
9.683506e-01  7.493296e-06
9.686549e-01  4.433928e-06
9.689592e-01  6.867120e-06
9.692635e-01  8.338447e-06
9.695679e-01  5.101058e-06
9.698722e-01  3.339676e-06
9.701765e-01  5.482968e-06
9.704808e-01  1.223993e-05
9.707851e-01  7.563790e-06
9.710895e-01  6.201243e-06
9.713938e-01  6.518632e-06
9.716981e-01  7.793727e-06
9.720024e-01  9.768321e-06
9.723068e-01  2.360687e-06
9.726111e-01  4.353771e-06
9.729154e-01  2.892049e-06
9.732197e-01  2.950054e-06
9.735240e-01  6.809746e-06
9.738284e-01  8.846459e-06
9.741327e-01  7.865755e-06
9.744370e-01  6.020884e-06
9.747413e-01  1.941326e-06
9.750456e-01  2.929399e-06
9.753500e-01  8.853341e-06
9.756543e-01  9.272047e-06
9.759586e-01  5.521683e-06
9.762629e-01  3.139623e-06
9.765673e-01  8.102165e-06
9.768716e-01  1.108167e-05
9.771759e-01  8.211135e-06
9.774802e-01  1.106368e-05
9.777845e-01  8.692603e-06
9.780889e-01  6.433288e-06
9.783932e-01  1.168701e-05
9.786975e-01  1.142812e-05
9.790018e-01  6.196242e-06
9.793061e-01  6.397005e-06
9.796105e-01  8.079844e-06
9.799148e-01  7.142463e-06
9.802191e-01  1.298758e-05
9.805234e-01  1.206661e-05
9.808278e-01  7.872976e-06
9.811321e-01  5.753758e-06
9.814364e-01  7.705644e-06
9.817407e-01  9.664076e-06
9.820450e-01  9.532502e-06
9.823494e-01  6.596690e-06
9.826537e-01  4.967295e-06
9.829580e-01  5.862814e-06
9.832623e-01  1.196224e-05
9.835666e-01  1.038492e-05
9.838710e-01  3.968809e-06
9.841753e-01  7.741777e-06
9.844796e-01  8.520436e-06
9.847839e-01  8.490791e-06
9.850883e-01  7.783312e-06
9.853926e-01  2.718058e-06
9.856969e-01  1.985082e-06
9.860012e-01  6.101285e-06
9.863055e-01  7.591942e-06
9.866099e-01  4.981463e-06
9.869142e-01  3.904871e-06
9.872185e-01  6.655544e-06
9.875228e-01  9.119872e-06
9.878271e-01  9.600376e-06
9.881315e-01  9.212121e-06
9.884358e-01  5.900383e-06
9.887401e-01  6.123111e-06
9.890444e-01  7.319378e-06
9.893488e-01  5.949412e-06
9.896531e-01  6.711341e-06
9.899574e-01  3.725575e-06
9.902617e-01  6.038855e-06
9.905660e-01  7.467482e-06
9.908704e-01  5.313003e-06
9.911747e-01  7.971228e-06
9.914790e-01  1.298879e-05
9.917833e-01  1.083785e-05
9.920876e-01  5.899666e-06
9.923920e-01  3.945883e-06
9.926963e-01  8.993374e-06
9.930006e-01  1.100078e-05
9.933049e-01  6.850596e-06
9.936093e-01  6.054819e-06
9.939136e-01  6.027124e-06
9.942179e-01  4.281795e-06
9.945222e-01  6.382445e-06
9.948265e-01  6.580858e-06
9.951309e-01  4.502218e-06
9.954352e-01  7.432006e-06
9.957395e-01  6.228035e-06
9.960438e-01  6.509623e-06
9.963481e-01  8.402853e-06
9.966525e-01  6.790232e-06
9.969568e-01  8.494838e-06
9.972611e-01  6.450600e-06
9.975654e-01  6.305676e-06
9.978698e-01  8.722888e-06
9.981741e-01  1.168869e-05
9.984784e-01  8.364569e-06
9.987827e-01  9.698014e-06
9.990870e-01  7.733153e-06
9.993914e-01  7.333986e-06
9.996957e-01  1.110751e-05
1.000000e+00  5.175689e-06
