3.043214e-04  2.323336e-07
3.067956e-04  2.323336e-07
3.092899e-04  2.323336e-07
3.118045e-04  2.323336e-07
3.143396e-04  2.323337e-07
3.168953e-04  2.323337e-07
3.194717e-04  2.323337e-07
3.220691e-04  2.323337e-07
3.246877e-04  2.323338e-07
3.273275e-04  2.323338e-07
3.299887e-04  2.323338e-07
3.326716e-04  2.323338e-07
3.353764e-04  2.323339e-07
3.381031e-04  2.323339e-07
3.408520e-04  2.323339e-07
3.436232e-04  2.323340e-07
3.464169e-04  2.323340e-07
3.492334e-04  2.323340e-07
3.520728e-04  2.323341e-07
3.549352e-04  2.323341e-07
3.578210e-04  2.323341e-07
3.607302e-04  2.323342e-07
3.636630e-04  2.323342e-07
3.666197e-04  2.323342e-07
3.696004e-04  2.323343e-07
3.726054e-04  2.323343e-07
3.756348e-04  2.323343e-07
3.786888e-04  2.323344e-07
3.817677e-04  2.323344e-07
3.848715e-04  2.323344e-07
3.880007e-04  2.323345e-07
3.911552e-04  2.323345e-07
3.943354e-04  2.323346e-07
3.975415e-04  2.323346e-07
4.007736e-04  2.323346e-07
4.040320e-04  2.323347e-07
4.073169e-04  2.323347e-07
4.106285e-04  2.323348e-07
4.139671e-04  2.323348e-07
4.173328e-04  2.323349e-07
4.207258e-04  2.323349e-07
4.241464e-04  2.323350e-07
4.275949e-04  2.323350e-07
4.310713e-04  2.323351e-07
4.345761e-04  2.323351e-07
4.381093e-04  2.323352e-07
4.416713e-04  2.323352e-07
4.452622e-04  2.323353e-07
4.488823e-04  2.323353e-07
4.525319e-04  2.323354e-07
4.562111e-04  2.323354e-07
4.599202e-04  2.323355e-07
4.636595e-04  2.323355e-07
4.674292e-04  2.323356e-07
4.712295e-04  2.323356e-07
4.750608e-04  2.323357e-07
4.789231e-04  2.323358e-07
4.828169e-04  2.323358e-07
4.867424e-04  2.323359e-07
4.906997e-04  2.323359e-07
4.946893e-04  2.323360e-07
4.987112e-04  2.323361e-07
5.027659e-04  2.323361e-07
5.068536e-04  2.323362e-07
5.109744e-04  2.323363e-07
5.151288e-04  2.323363e-07
5.193170e-04  2.323364e-07
5.235392e-04  2.323365e-07
5.277957e-04  2.323366e-07
5.320868e-04  2.323366e-07
5.364128e-04  2.323367e-07
5.407740e-04  2.323368e-07
5.451707e-04  2.323369e-07
5.496031e-04  2.323369e-07
5.540715e-04  2.323370e-07
5.585763e-04  2.323371e-07
5.631177e-04  2.323372e-07
5.676960e-04  2.323373e-07
5.723115e-04  2.323373e-07
5.769646e-04  2.323374e-07
5.816555e-04  2.323375e-07
5.863845e-04  2.323376e-07
5.911520e-04  2.323377e-07
5.959583e-04  2.323378e-07
6.008036e-04  2.323379e-07
6.056883e-04  2.323380e-07
6.106127e-04  2.323381e-07
6.155772e-04  2.323382e-07
6.205820e-04  2.323383e-07
6.256275e-04  2.323384e-07
6.307141e-04  2.323385e-07
6.358420e-04  2.323386e-07
6.410116e-04  2.323387e-07
6.462232e-04  2.323388e-07
6.514772e-04  2.323389e-07
6.567739e-04  2.323390e-07
6.621136e-04  2.323391e-07
6.674968e-04  2.323392e-07
6.729238e-04  2.323394e-07
6.783948e-04  2.323395e-07
6.839104e-04  2.323396e-07
6.894708e-04  2.323397e-07
6.950764e-04  2.323399e-07
7.007276e-04  2.323400e-07
7.064247e-04  2.323401e-07
7.121681e-04  2.323402e-07
7.179583e-04  2.323404e-07
7.237955e-04  2.323405e-07
7.296802e-04  2.323407e-07
7.356127e-04  2.323408e-07
7.415934e-04  2.323409e-07
7.476228e-04  2.323411e-07
7.537012e-04  2.323412e-07
7.598290e-04  2.323414e-07
7.660067e-04  2.323415e-07
7.722345e-04  2.323417e-07
7.785130e-04  2.323418e-07
7.848426e-04  2.323420e-07
7.912236e-04  2.323422e-07
7.976564e-04  2.323423e-07
8.041416e-04  2.323425e-07
8.106795e-04  2.323427e-07
8.172706e-04  2.323428e-07
8.239153e-04  2.323430e-07
8.306139e-04  2.323432e-07
8.373671e-04  2.323434e-07
8.441751e-04  2.323436e-07
8.510385e-04  2.323437e-07
8.579577e-04  2.323439e-07
8.649332e-04  2.323441e-07
8.719653e-04  2.323443e-07
8.790547e-04  2.323445e-07
8.862017e-04  2.323447e-07
8.934067e-04  2.323449e-07
9.006704e-04  2.323451e-07
9.079931e-04  2.323454e-07
9.153754e-04  2.323456e-07
9.228177e-04  2.323458e-07
9.303204e-04  2.323460e-07
9.378842e-04  2.323463e-07
9.455095e-04  2.323465e-07
9.531968e-04  2.323467e-07
9.609466e-04  2.323470e-07
9.687593e-04  2.323472e-07
9.766356e-04  2.323474e-07
9.845760e-04  2.323477e-07
9.925809e-04  2.323480e-07
1.000651e-03  2.323482e-07
1.008786e-03  2.323485e-07
1.016988e-03  2.323487e-07
1.025257e-03  2.323490e-07
1.033592e-03  2.323493e-07
1.041996e-03  2.323496e-07
1.050467e-03  2.323499e-07
1.059008e-03  2.323502e-07
1.067618e-03  2.323504e-07
1.076298e-03  2.323507e-07
1.085049e-03  2.323511e-07
1.093871e-03  2.323514e-07
1.102764e-03  2.323517e-07
1.111730e-03  2.323520e-07
1.120769e-03  2.323523e-07
1.129881e-03  2.323527e-07
1.139067e-03  2.323530e-07
1.148328e-03  2.323533e-07
1.157664e-03  2.323537e-07
1.167076e-03  2.323540e-07
1.176565e-03  2.323544e-07
1.186131e-03  2.323548e-07
1.195774e-03  2.323551e-07
1.205496e-03  2.323555e-07
1.215297e-03  2.323559e-07
1.225178e-03  2.323563e-07
1.235139e-03  2.323567e-07
1.245181e-03  2.323571e-07
1.255305e-03  2.323575e-07
1.265511e-03  2.323579e-07
1.275800e-03  2.323583e-07
1.286173e-03  2.323587e-07
1.296630e-03  2.323592e-07
1.307172e-03  2.323596e-07
1.317799e-03  2.323601e-07
1.328513e-03  2.323605e-07
1.339315e-03  2.323610e-07
1.350204e-03  2.323615e-07
1.361181e-03  2.323619e-07
1.372248e-03  2.323624e-07
1.383405e-03  2.323629e-07
1.394652e-03  2.323634e-07
1.405991e-03  2.323639e-07
1.417422e-03  2.323645e-07
1.428946e-03  2.323650e-07
1.440564e-03  2.323655e-07
1.452276e-03  2.323661e-07
1.464084e-03  2.323666e-07
1.475987e-03  2.323672e-07
1.487987e-03  2.323678e-07
1.500085e-03  2.323683e-07
1.512281e-03  2.323689e-07
1.524577e-03  2.323695e-07
1.536972e-03  2.323702e-07
1.549468e-03  2.323708e-07
1.562066e-03  2.323714e-07
1.574766e-03  2.323720e-07
1.587569e-03  2.323727e-07
1.600476e-03  2.323734e-07
1.613489e-03  2.323740e-07
1.626607e-03  2.323747e-07
1.639832e-03  2.323754e-07
1.653164e-03  2.323761e-07
1.666605e-03  2.323768e-07
1.680155e-03  2.323776e-07
1.693815e-03  2.323783e-07
1.707586e-03  2.323791e-07
1.721469e-03  2.323798e-07
1.735465e-03  2.323806e-07
1.749575e-03  2.323814e-07
1.763800e-03  2.323822e-07
1.778140e-03  2.323830e-07
1.792597e-03  2.323839e-07
1.807171e-03  2.323847e-07
1.821864e-03  2.323856e-07
1.836676e-03  2.323864e-07
1.851609e-03  2.323873e-07
1.866663e-03  2.323882e-07
1.881840e-03  2.323891e-07
1.897140e-03  2.323901e-07
1.912564e-03  2.323910e-07
1.928114e-03  2.323920e-07
1.943790e-03  2.323930e-07
1.959593e-03  2.323940e-07
1.975526e-03  2.323950e-07
1.991587e-03  2.323960e-07
2.007779e-03  2.323970e-07
2.024103e-03  2.323981e-07
2.040560e-03  2.323992e-07
2.057150e-03  2.324003e-07
2.073875e-03  2.324014e-07
2.090737e-03  2.324025e-07
2.107735e-03  2.324037e-07
2.124871e-03  2.324048e-07
2.142147e-03  2.324060e-07
2.159564e-03  2.324072e-07
2.177121e-03  2.324084e-07
2.194822e-03  2.324097e-07
2.212667e-03  2.324110e-07
2.230656e-03  2.324122e-07
2.248792e-03  2.324136e-07
2.267076e-03  2.324149e-07
2.285508e-03  2.324162e-07
2.304089e-03  2.324176e-07
2.322822e-03  2.324190e-07
2.341708e-03  2.324204e-07
2.360746e-03  2.324219e-07
2.379940e-03  2.324233e-07
2.399290e-03  2.324248e-07
2.418797e-03  2.324263e-07
2.438462e-03  2.324279e-07
2.458287e-03  2.324294e-07
2.478274e-03  2.324310e-07
2.498423e-03  2.324326e-07
2.518736e-03  2.324343e-07
2.539214e-03  2.324359e-07
2.559859e-03  2.324376e-07
2.580671e-03  2.324394e-07
2.601653e-03  2.324411e-07
2.622805e-03  2.324429e-07
2.644129e-03  2.324447e-07
2.665627e-03  2.324465e-07
2.687299e-03  2.324484e-07
2.709148e-03  2.324503e-07
2.731174e-03  2.324522e-07
2.753379e-03  2.324542e-07
2.775765e-03  2.324562e-07
2.798333e-03  2.324582e-07
2.821084e-03  2.324603e-07
2.844020e-03  2.324623e-07
2.867143e-03  2.324645e-07
2.890454e-03  2.324666e-07
2.913954e-03  2.324688e-07
2.937645e-03  2.324711e-07
2.961529e-03  2.324733e-07
2.985607e-03  2.324756e-07
3.009881e-03  2.324780e-07
3.034352e-03  2.324803e-07
3.059023e-03  2.324828e-07
3.083893e-03  2.324852e-07
3.108966e-03  2.324877e-07
3.134243e-03  2.324903e-07
3.159726e-03  2.324928e-07
3.185415e-03  2.324955e-07
3.211313e-03  2.324981e-07
3.237422e-03  2.325008e-07
3.263744e-03  2.325036e-07
3.290279e-03  2.325064e-07
3.317030e-03  2.325092e-07
3.343998e-03  2.325121e-07
3.371186e-03  2.325151e-07
3.398595e-03  2.325180e-07
3.426226e-03  2.325211e-07
3.454083e-03  2.325242e-07
3.482165e-03  2.325273e-07
3.510476e-03  2.325305e-07
3.539018e-03  2.325337e-07
3.567791e-03  2.325370e-07
3.596798e-03  2.325403e-07
3.626041e-03  2.325437e-07
3.655522e-03  2.325472e-07
3.685242e-03  2.325507e-07
3.715204e-03  2.325543e-07
3.745410e-03  2.325579e-07
3.775861e-03  2.325616e-07
3.806560e-03  2.325653e-07
3.837509e-03  2.325691e-07
3.868709e-03  2.325730e-07
3.900163e-03  2.325769e-07
3.931872e-03  2.325809e-07
3.963839e-03  2.325850e-07
3.996067e-03  2.325891e-07
4.028556e-03  2.325933e-07
4.061309e-03  2.325976e-07
4.094329e-03  2.326019e-07
4.127617e-03  2.326063e-07
4.161176e-03  2.326108e-07
4.195007e-03  2.326153e-07
4.229114e-03  2.326199e-07
4.263498e-03  2.326246e-07
4.298162e-03  2.326294e-07
4.333107e-03  2.326342e-07
4.368336e-03  2.326392e-07
4.403852e-03  2.326442e-07
4.439657e-03  2.326493e-07
4.475753e-03  2.326544e-07
4.512142e-03  2.326597e-07
4.548827e-03  2.326651e-07
4.585810e-03  2.326705e-07
4.623094e-03  2.326760e-07
4.660681e-03  2.326816e-07
4.698574e-03  2.326873e-07
4.736775e-03  2.326931e-07
4.775286e-03  2.326990e-07
4.814111e-03  2.327050e-07
4.853251e-03  2.327111e-07
4.892709e-03  2.327172e-07
4.932488e-03  2.327235e-07
4.972591e-03  2.327299e-07
5.013020e-03  2.327364e-07
5.053777e-03  2.327430e-07
5.094866e-03  2.327497e-07
5.136289e-03  2.327565e-07
5.178048e-03  2.327634e-07
5.220147e-03  2.327705e-07
5.262589e-03  2.327776e-07
5.305375e-03  2.327849e-07
5.348509e-03  2.327923e-07
5.391994e-03  2.327998e-07
5.435833e-03  2.328074e-07
5.480028e-03  2.328152e-07
5.524582e-03  2.328230e-07
5.569499e-03  2.328310e-07
5.614780e-03  2.328392e-07
5.660430e-03  2.328475e-07
5.706451e-03  2.328559e-07
5.752846e-03  2.328644e-07
5.799619e-03  2.328731e-07
5.846771e-03  2.328819e-07
5.894307e-03  2.328909e-07
5.942230e-03  2.329000e-07
5.990542e-03  2.329093e-07
6.039247e-03  2.329187e-07
6.088348e-03  2.329282e-07
6.137848e-03  2.329380e-07
6.187750e-03  2.329478e-07
6.238058e-03  2.329579e-07
6.288776e-03  2.329681e-07
6.339905e-03  2.329785e-07
6.391451e-03  2.329890e-07
6.443415e-03  2.329997e-07
6.495802e-03  2.330106e-07
6.548615e-03  2.330217e-07
6.601857e-03  2.330329e-07
6.655532e-03  2.330444e-07
6.709644e-03  2.330560e-07
6.764195e-03  2.330678e-07
6.819190e-03  2.330798e-07
6.874632e-03  2.330920e-07
6.930525e-03  2.331044e-07
6.986872e-03  2.331170e-07
7.043677e-03  2.331298e-07
7.100945e-03  2.331428e-07
7.158677e-03  2.331560e-07
7.216880e-03  2.331694e-07
7.275555e-03  2.331831e-07
7.334707e-03  2.331970e-07
7.394341e-03  2.332111e-07
7.454459e-03  2.332254e-07
7.515066e-03  2.332400e-07
7.576166e-03  2.332548e-07
7.637762e-03  2.332699e-07
7.699859e-03  2.332852e-07
7.762462e-03  2.333007e-07
7.825573e-03  2.333165e-07
7.889197e-03  2.333325e-07
7.953339e-03  2.333489e-07
8.018002e-03  2.333655e-07
8.083190e-03  2.333823e-07
8.148909e-03  2.333994e-07
8.215162e-03  2.334168e-07
8.281954e-03  2.334345e-07
8.349289e-03  2.334525e-07
8.417171e-03  2.334708e-07
8.485605e-03  2.334894e-07
8.554595e-03  2.335082e-07
8.624147e-03  2.335274e-07
8.694264e-03  2.335469e-07
8.764951e-03  2.335667e-07
8.836212e-03  2.335869e-07
8.908053e-03  2.336073e-07
8.980479e-03  2.336281e-07
9.053493e-03  2.336493e-07
9.127100e-03  2.336707e-07
9.201306e-03  2.336926e-07
9.276116e-03  2.337148e-07
9.351533e-03  2.337373e-07
9.427564e-03  2.337602e-07
9.504213e-03  2.337835e-07
9.581485e-03  2.338072e-07
9.659385e-03  2.338313e-07
9.737919e-03  2.338557e-07
9.817091e-03  2.338806e-07
9.896907e-03  2.339058e-07
9.977372e-03  2.339315e-07
1.005849e-02  2.339576e-07
1.014027e-02  2.339841e-07
1.022271e-02  2.340110e-07
1.030583e-02  2.340384e-07
1.038962e-02  2.340662e-07
1.047409e-02  2.340945e-07
1.055924e-02  2.341233e-07
1.064509e-02  2.341525e-07
1.073164e-02  2.341822e-07
1.081889e-02  2.342123e-07
1.090685e-02  2.342430e-07
1.099553e-02  2.342742e-07
1.108493e-02  2.343058e-07
1.117505e-02  2.343380e-07
1.126591e-02  2.343707e-07
1.135750e-02  2.344040e-07
1.144984e-02  2.344378e-07
1.154293e-02  2.344721e-07
1.163678e-02  2.345070e-07
1.173139e-02  2.345425e-07
1.182677e-02  2.345785e-07
1.192293e-02  2.346152e-07
1.201986e-02  2.346524e-07
1.211759e-02  2.346902e-07
1.221611e-02  2.347287e-07
1.231543e-02  2.347678e-07
1.241556e-02  2.348075e-07
1.251650e-02  2.348479e-07
1.261826e-02  2.348889e-07
1.272085e-02  2.349306e-07
1.282428e-02  2.349730e-07
1.292854e-02  2.350161e-07
1.303365e-02  2.350598e-07
1.313962e-02  2.351043e-07
1.324645e-02  2.351495e-07
1.335415e-02  2.351955e-07
1.346272e-02  2.352422e-07
1.357218e-02  2.352896e-07
1.368252e-02  2.353379e-07
1.379377e-02  2.353869e-07
1.390591e-02  2.354367e-07
1.401897e-02  2.354873e-07
1.413295e-02  2.355388e-07
1.424786e-02  2.355911e-07
1.436370e-02  2.356442e-07
1.448048e-02  2.356982e-07
1.459821e-02  2.357531e-07
1.471690e-02  2.358089e-07
1.483655e-02  2.358656e-07
1.495717e-02  2.359232e-07
1.507878e-02  2.359818e-07
1.520137e-02  2.360413e-07
1.532497e-02  2.361018e-07
1.544956e-02  2.361633e-07
1.557517e-02  2.362257e-07
1.570180e-02  2.362892e-07
1.582946e-02  2.363538e-07
1.595816e-02  2.364193e-07
1.608791e-02  2.364860e-07
1.621871e-02  2.365537e-07
1.635057e-02  2.366226e-07
1.648350e-02  2.366925e-07
1.661752e-02  2.367636e-07
1.675263e-02  2.368359e-07
1.688883e-02  2.369093e-07
1.702614e-02  2.369840e-07
1.716457e-02  2.370598e-07
1.730412e-02  2.371369e-07
1.744481e-02  2.372153e-07
1.758664e-02  2.372949e-07
1.772963e-02  2.373758e-07
1.787377e-02  2.374581e-07
1.801909e-02  2.375417e-07
1.816559e-02  2.376266e-07
1.831328e-02  2.377129e-07
1.846218e-02  2.378007e-07
1.861228e-02  2.378898e-07
1.876360e-02  2.379805e-07
1.891616e-02  2.380726e-07
1.906995e-02  2.381662e-07
1.922499e-02  2.382613e-07
1.938130e-02  2.383580e-07
1.953888e-02  2.384562e-07
1.969773e-02  2.385561e-07
1.985788e-02  2.386576e-07
2.001933e-02  2.387607e-07
2.018209e-02  2.388655e-07
2.034618e-02  2.389720e-07
2.051160e-02  2.390803e-07
2.067837e-02  2.391903e-07
2.084649e-02  2.393022e-07
2.101598e-02  2.394158e-07
2.118684e-02  2.395313e-07
2.135910e-02  2.396487e-07
2.153275e-02  2.397680e-07
2.170782e-02  2.398892e-07
2.188431e-02  2.400124e-07
2.206224e-02  2.401376e-07
2.224161e-02  2.402649e-07
2.242244e-02  2.403942e-07
2.260474e-02  2.405257e-07
2.278853e-02  2.406592e-07
2.297380e-02  2.407950e-07
2.316059e-02  2.409330e-07
2.334889e-02  2.410732e-07
2.353872e-02  2.412157e-07
2.373010e-02  2.413605e-07
2.392303e-02  2.415077e-07
2.411754e-02  2.416573e-07
2.431362e-02  2.418093e-07
2.451130e-02  2.419638e-07
2.471058e-02  2.421208e-07
2.491148e-02  2.422804e-07
2.511402e-02  2.424426e-07
2.531821e-02  2.426074e-07
2.552405e-02  2.427749e-07
2.573157e-02  2.429451e-07
2.594077e-02  2.431181e-07
2.615168e-02  2.432940e-07
2.636430e-02  2.434727e-07
2.657865e-02  2.436543e-07
2.679474e-02  2.438388e-07
2.701259e-02  2.440264e-07
2.723221e-02  2.442170e-07
2.745362e-02  2.444107e-07
2.767683e-02  2.446076e-07
2.790185e-02  2.448077e-07
2.812870e-02  2.450111e-07
2.835739e-02  2.452177e-07
2.858795e-02  2.454277e-07
2.882037e-02  2.456412e-07
2.905469e-02  2.458581e-07
2.929092e-02  2.460786e-07
2.952906e-02  2.463026e-07
2.976914e-02  2.465303e-07
3.001117e-02  2.467617e-07
3.025517e-02  2.469969e-07
3.050115e-02  2.472359e-07
3.074914e-02  2.474788e-07
3.099914e-02  2.477257e-07
3.125117e-02  2.479765e-07
3.150525e-02  2.482315e-07
3.176140e-02  2.484906e-07
3.201963e-02  2.487539e-07
3.227996e-02  2.490215e-07
3.254240e-02  2.492935e-07
3.280698e-02  2.495699e-07
3.307371e-02  2.498508e-07
3.334261e-02  2.501363e-07
3.361370e-02  2.504264e-07
3.388699e-02  2.507212e-07
3.416250e-02  2.510209e-07
3.444025e-02  2.513254e-07
3.472026e-02  2.516349e-07
3.500255e-02  2.519494e-07
3.528713e-02  2.522690e-07
3.557402e-02  2.525939e-07
3.586325e-02  2.529240e-07
3.615483e-02  2.532595e-07
3.644878e-02  2.536005e-07
3.674512e-02  2.539470e-07
3.704387e-02  2.542991e-07
3.734504e-02  2.546570e-07
3.764867e-02  2.550207e-07
3.795476e-02  2.553903e-07
3.826335e-02  2.557659e-07
3.857444e-02  2.561477e-07
3.888806e-02  2.565356e-07
3.920423e-02  2.569299e-07
3.952298e-02  2.573306e-07
3.984431e-02  2.577378e-07
4.016826e-02  2.581516e-07
4.049484e-02  2.585722e-07
4.082407e-02  2.589996e-07
4.115598e-02  2.594339e-07
4.149059e-02  2.598753e-07
4.182792e-02  2.603239e-07
4.216800e-02  2.607798e-07
4.251084e-02  2.612431e-07
4.285646e-02  2.617139e-07
4.320490e-02  2.621924e-07
4.355617e-02  2.626787e-07
4.391029e-02  2.631729e-07
4.426730e-02  2.636751e-07
4.462720e-02  2.641855e-07
4.499003e-02  2.647041e-07
4.535582e-02  2.652312e-07
4.572457e-02  2.657669e-07
4.609633e-02  2.663113e-07
4.647110e-02  2.668645e-07
4.684893e-02  2.674267e-07
4.722982e-02  2.679981e-07
4.761382e-02  2.685787e-07
4.800093e-02  2.691688e-07
4.839119e-02  2.697684e-07
4.878463e-02  2.703778e-07
4.918126e-02  2.709971e-07
4.958112e-02  2.716265e-07
4.998423e-02  2.722661e-07
5.039062e-02  2.729161e-07
5.080031e-02  2.735766e-07
5.121333e-02  2.742478e-07
5.162971e-02  2.749300e-07
5.204947e-02  2.756232e-07
5.247265e-02  2.763277e-07
5.289927e-02  2.770437e-07
5.332936e-02  2.777712e-07
5.376294e-02  2.785106e-07
5.420005e-02  2.792619e-07
5.464071e-02  2.800255e-07
5.508496e-02  2.808014e-07
5.553281e-02  2.815900e-07
5.598431e-02  2.823913e-07
5.643948e-02  2.832057e-07
5.689835e-02  2.840332e-07
5.736095e-02  2.848742e-07
5.782731e-02  2.857288e-07
5.829747e-02  2.865973e-07
5.877144e-02  2.874798e-07
5.924927e-02  2.883767e-07
5.973099e-02  2.892881e-07
6.021662e-02  2.902143e-07
6.070620e-02  2.911555e-07
6.119976e-02  2.921120e-07
6.169733e-02  2.930840e-07
6.219895e-02  2.940717e-07
6.270464e-02  2.950754e-07
6.321445e-02  2.960954e-07
6.372840e-02  2.971319e-07
6.424653e-02  2.981853e-07
6.476888e-02  2.992556e-07
6.529547e-02  3.003433e-07
6.582634e-02  3.014487e-07
6.636153e-02  3.025719e-07
6.690107e-02  3.037133e-07
6.744499e-02  3.048732e-07
6.799334e-02  3.060518e-07
6.854615e-02  3.072496e-07
6.910345e-02  3.084667e-07
6.966528e-02  3.097035e-07
7.023168e-02  3.109603e-07
7.080268e-02  3.122375e-07
7.137833e-02  3.135353e-07
7.195866e-02  3.148541e-07
7.254370e-02  3.161942e-07
7.313350e-02  3.175560e-07
7.372810e-02  3.189398e-07
7.432753e-02  3.203460e-07
7.493184e-02  3.217749e-07
7.554106e-02  3.232269e-07
7.615523e-02  3.247023e-07
7.677439e-02  3.262016e-07
7.739859e-02  3.277251e-07
7.802786e-02  3.292731e-07
7.866225e-02  3.308462e-07
7.930180e-02  3.324447e-07
7.994655e-02  3.340690e-07
8.059654e-02  3.357194e-07
8.125181e-02  3.373965e-07
8.191241e-02  3.391007e-07
8.257839e-02  3.408323e-07
8.324977e-02  3.425919e-07
8.392662e-02  3.443799e-07
8.460897e-02  3.461966e-07
8.529686e-02  3.480426e-07
8.599035e-02  3.499184e-07
8.668948e-02  3.518244e-07
8.739429e-02  3.537611e-07
8.810483e-02  3.557290e-07
8.882115e-02  3.577285e-07
8.954329e-02  3.597603e-07
9.027131e-02  3.618247e-07
9.100524e-02  3.639224e-07
9.174514e-02  3.660538e-07
9.249106e-02  3.682194e-07
9.324304e-02  3.704199e-07
9.400113e-02  3.726558e-07
9.476539e-02  3.749276e-07
9.553586e-02  3.772358e-07
9.631259e-02  3.795812e-07
9.709564e-02  3.819642e-07
9.788506e-02  3.843855e-07
9.868089e-02  3.868456e-07
9.948320e-02  3.893452e-07
1.002920e-01  3.918849e-07
1.011074e-01  3.944654e-07
1.019295e-01  3.970872e-07
1.027582e-01  3.997510e-07
1.035936e-01  4.024575e-07
1.044359e-01  4.052073e-07
1.052850e-01  4.080012e-07
1.061410e-01  4.108398e-07
1.070039e-01  4.137239e-07
1.078739e-01  4.166541e-07
1.087510e-01  4.196311e-07
1.096351e-01  4.226557e-07
1.105265e-01  4.257287e-07
1.114251e-01  4.288508e-07
1.123310e-01  4.320227e-07
1.132443e-01  4.352453e-07
1.141650e-01  4.385193e-07
1.150932e-01  4.418456e-07
1.160290e-01  4.452249e-07
1.169723e-01  4.486580e-07
1.179233e-01  4.521459e-07
1.188821e-01  4.556894e-07
1.198486e-01  4.592892e-07
1.208230e-01  4.629464e-07
1.218054e-01  4.666618e-07
1.227957e-01  4.704363e-07
1.237940e-01  4.742707e-07
1.248005e-01  4.781661e-07
1.258152e-01  4.821234e-07
1.268381e-01  4.861435e-07
1.278693e-01  4.902274e-07
1.289090e-01  4.943761e-07
1.299570e-01  4.985906e-07
1.310136e-01  5.028719e-07
1.320788e-01  5.072210e-07
1.331526e-01  5.116389e-07
1.342352e-01  5.161268e-07
1.353266e-01  5.206856e-07
1.364268e-01  5.253165e-07
1.375360e-01  5.300206e-07
1.386542e-01  5.347990e-07
1.397815e-01  5.396528e-07
1.409180e-01  5.445831e-07
1.420637e-01  5.495912e-07
1.432187e-01  5.546782e-07
1.443831e-01  5.598453e-07
1.455570e-01  5.650937e-07
1.467404e-01  5.704247e-07
1.479335e-01  5.758395e-07
1.491362e-01  5.813393e-07
1.503487e-01  5.869255e-07
1.515711e-01  5.925993e-07
1.528034e-01  5.983621e-07
1.540458e-01  6.042152e-07
1.552982e-01  6.101600e-07
1.565608e-01  6.161977e-07
1.578337e-01  6.223299e-07
1.591170e-01  6.285578e-07
1.604106e-01  6.348831e-07
1.617148e-01  6.413070e-07
1.630296e-01  6.478310e-07
1.643551e-01  6.544567e-07
1.656913e-01  6.611855e-07
1.670385e-01  6.680190e-07
1.683965e-01  6.749587e-07
1.697656e-01  6.820061e-07
1.711459e-01  6.891629e-07
1.725374e-01  6.964307e-07
1.739401e-01  7.038110e-07
1.753543e-01  7.113055e-07
1.767800e-01  7.189159e-07
1.782173e-01  7.266438e-07
1.796662e-01  7.344910e-07
1.811270e-01  7.424592e-07
1.825996e-01  7.505501e-07
1.840842e-01  7.587656e-07
1.855808e-01  7.671073e-07
1.870897e-01  7.755771e-07
1.886108e-01  7.841769e-07
1.901442e-01  7.929084e-07
1.916902e-01  8.017736e-07
1.932487e-01  8.107744e-07
1.948198e-01  8.199127e-07
1.964038e-01  8.291904e-07
1.980006e-01  8.386094e-07
1.996104e-01  8.481719e-07
2.012333e-01  8.578797e-07
2.028694e-01  8.677349e-07
2.045188e-01  8.777396e-07
2.061816e-01  8.878958e-07
2.078579e-01  8.982057e-07
2.095478e-01  9.086713e-07
2.112515e-01  9.192948e-07
2.129691e-01  9.300784e-07
2.147006e-01  9.410242e-07
2.164461e-01  9.521344e-07
2.182059e-01  9.634114e-07
2.199800e-01  9.748572e-07
2.217685e-01  9.864743e-07
2.235715e-01  9.982649e-07
2.253892e-01  1.010231e-06
2.272217e-01  1.022376e-06
2.290691e-01  1.034701e-06
2.309315e-01  1.047209e-06
2.328090e-01  1.059902e-06
2.347018e-01  1.072783e-06
2.366100e-01  1.085854e-06
2.385338e-01  1.099118e-06
2.404731e-01  1.112577e-06
2.424282e-01  1.126234e-06
2.443992e-01  1.140090e-06
2.463863e-01  1.154150e-06
2.483895e-01  1.168414e-06
2.504090e-01  1.182887e-06
2.524448e-01  1.197570e-06
2.544973e-01  1.212466e-06
2.565664e-01  1.227577e-06
2.586524e-01  1.242907e-06
2.607553e-01  1.258459e-06
2.628753e-01  1.274233e-06
2.650126e-01  1.290234e-06
2.671672e-01  1.306464e-06
2.693394e-01  1.322926e-06
2.715292e-01  1.339623e-06
2.737368e-01  1.356557e-06
2.759624e-01  1.373731e-06
2.782060e-01  1.391148e-06
2.804679e-01  1.408810e-06
2.827482e-01  1.426721e-06
2.850470e-01  1.444883e-06
2.873646e-01  1.463299e-06
2.897009e-01  1.481972e-06
2.920563e-01  1.500905e-06
2.944308e-01  1.520100e-06
2.968246e-01  1.539560e-06
2.992379e-01  1.559289e-06
3.016707e-01  1.579288e-06
3.041234e-01  1.599561e-06
3.065960e-01  1.620111e-06
3.090888e-01  1.640940e-06
3.116017e-01  1.662052e-06
3.141352e-01  1.683448e-06
3.166892e-01  1.705133e-06
3.192639e-01  1.727108e-06
3.218597e-01  1.749376e-06
3.244765e-01  1.771941e-06
3.271146e-01  1.794804e-06
3.297741e-01  1.817969e-06
3.324553e-01  1.841439e-06
3.351582e-01  1.865215e-06
3.378832e-01  1.889301e-06
3.406303e-01  1.913700e-06
3.433997e-01  1.938413e-06
3.461916e-01  1.963444e-06
3.490063e-01  1.988795e-06
3.518438e-01  2.014468e-06
3.547044e-01  2.040466e-06
3.575882e-01  2.066792e-06
3.604955e-01  2.093447e-06
3.634265e-01  2.120435e-06
3.663812e-01  2.147756e-06
3.693600e-01  2.175415e-06
3.723630e-01  2.203412e-06
3.753905e-01  2.231749e-06
3.784425e-01  2.260430e-06
3.815193e-01  2.289455e-06
3.846212e-01  2.318828e-06
3.877483e-01  2.348548e-06
3.909008e-01  2.378619e-06
3.940789e-01  2.409041e-06
3.972829e-01  2.439817e-06
4.005130e-01  2.470947e-06
4.037692e-01  2.502434e-06
4.070520e-01  2.534278e-06
4.103615e-01  2.566481e-06
4.136978e-01  2.599043e-06
4.170613e-01  2.631966e-06
4.204521e-01  2.665250e-06
4.238705e-01  2.698896e-06
4.273167e-01  2.732904e-06
4.307910e-01  2.767275e-06
4.342934e-01  2.802008e-06
4.378243e-01  2.837105e-06
4.413840e-01  2.872565e-06
4.449726e-01  2.908387e-06
4.485903e-01  2.944572e-06
4.522375e-01  2.981118e-06
4.559143e-01  3.018025e-06
4.596211e-01  3.055292e-06
4.633579e-01  3.092917e-06
4.671251e-01  3.130899e-06
4.709230e-01  3.169237e-06
4.747518e-01  3.207928e-06
4.786116e-01  3.246971e-06
4.825029e-01  3.286364e-06
4.864258e-01  3.326102e-06
4.903806e-01  3.366185e-06
4.943675e-01  3.406608e-06
4.983869e-01  3.447368e-06
5.024389e-01  3.488461e-06
5.065239e-01  3.529885e-06
5.106421e-01  3.571633e-06
5.147937e-01  3.613702e-06
5.189792e-01  3.656086e-06
5.231986e-01  3.698781e-06
5.274524e-01  3.741781e-06
5.317407e-01  3.785080e-06
5.360639e-01  3.828671e-06
5.404223e-01  3.872547e-06
5.448161e-01  3.916703e-06
5.492456e-01  3.961129e-06
5.537111e-01  4.005819e-06
5.582130e-01  4.050763e-06
5.627514e-01  4.095953e-06
5.673268e-01  4.141380e-06
5.719393e-01  4.187035e-06
5.765893e-01  4.232906e-06
5.812772e-01  4.278983e-06
5.860031e-01  4.325256e-06
5.907675e-01  4.371711e-06
5.955706e-01  4.418339e-06
6.004128e-01  4.465124e-06
6.052943e-01  4.512055e-06
6.102156e-01  4.559118e-06
6.151768e-01  4.606297e-06
6.201784e-01  4.653579e-06
6.252206e-01  4.700947e-06
6.303038e-01  4.748386e-06
6.354284e-01  4.795878e-06
6.405946e-01  4.843407e-06
6.458028e-01  4.890953e-06
6.510534e-01  4.938499e-06
6.563467e-01  4.986025e-06
6.616830e-01  5.033511e-06
6.670626e-01  5.080935e-06
6.724861e-01  5.128278e-06
6.779536e-01  5.175515e-06
6.834655e-01  5.222626e-06
6.890223e-01  5.269585e-06
6.946243e-01  5.316368e-06
7.002718e-01  5.362950e-06
7.059652e-01  5.409306e-06
7.117049e-01  5.455409e-06
7.174913e-01  5.501230e-06
7.233247e-01  5.546742e-06
7.292055e-01  5.591916e-06
7.351342e-01  5.636721e-06
7.411111e-01  5.681128e-06
7.471365e-01  5.725104e-06
7.532110e-01  5.768617e-06
7.593348e-01  5.811634e-06
7.655084e-01  5.854121e-06
7.717322e-01  5.896044e-06
7.780066e-01  5.937366e-06
7.843321e-01  5.978050e-06
7.907089e-01  6.018061e-06
7.971376e-01  6.057359e-06
8.036186e-01  6.095906e-06
8.101523e-01  6.133661e-06
8.167390e-01  6.170585e-06
8.233794e-01  6.206637e-06
8.300737e-01  6.241773e-06
8.368224e-01  6.275951e-06
8.436260e-01  6.309127e-06
8.504850e-01  6.341258e-06
8.573997e-01  6.372298e-06
8.643706e-01  6.402201e-06
8.713982e-01  6.430921e-06
8.784829e-01  6.458411e-06
8.856252e-01  6.484622e-06
8.928256e-01  6.509508e-06
9.000846e-01  6.533019e-06
9.074025e-01  6.555106e-06
9.147800e-01  6.575719e-06
9.222174e-01  6.594808e-06
9.297153e-01  6.612323e-06
9.372742e-01  6.628212e-06
9.448945e-01  6.642424e-06
9.525768e-01  6.654909e-06
9.603215e-01  6.665614e-06
9.681292e-01  6.674488e-06
9.760004e-01  6.681480e-06
9.839356e-01  6.686537e-06
9.919353e-01  6.689609e-06
